Archive member included to satisfy reference by file (symbol)

C:/ST/STM32CubeIDE_1.19.0/STM32CubeIDE/plugins/com.st.stm32cube.ide.mcu.externaltools.gnu-tools-for-stm32.13.3.rel1.win32_1.0.0.202411081344/tools/bin/../lib/gcc/arm-none-eabi/13.3.1/../../../../arm-none-eabi/lib/thumb/v7e-m+fp/hard\libc_nano.a(libc_a-exit.o)
                              C:/ST/STM32CubeIDE_1.19.0/STM32CubeIDE/plugins/com.st.stm32cube.ide.mcu.externaltools.gnu-tools-for-stm32.13.3.rel1.win32_1.0.0.202411081344/tools/bin/../lib/gcc/arm-none-eabi/13.3.1/../../../../arm-none-eabi/lib/thumb/v7e-m+fp/hard/crt0.o (exit)
C:/ST/STM32CubeIDE_1.19.0/STM32CubeIDE/plugins/com.st.stm32cube.ide.mcu.externaltools.gnu-tools-for-stm32.13.3.rel1.win32_1.0.0.202411081344/tools/bin/../lib/gcc/arm-none-eabi/13.3.1/../../../../arm-none-eabi/lib/thumb/v7e-m+fp/hard\libc_nano.a(libc_a-findfp.o)
                              C:/ST/STM32CubeIDE_1.19.0/STM32CubeIDE/plugins/com.st.stm32cube.ide.mcu.externaltools.gnu-tools-for-stm32.13.3.rel1.win32_1.0.0.202411081344/tools/bin/../lib/gcc/arm-none-eabi/13.3.1/../../../../arm-none-eabi/lib/thumb/v7e-m+fp/hard\libc_nano.a(libc_a-exit.o) (__stdio_exit_handler)
C:/ST/STM32CubeIDE_1.19.0/STM32CubeIDE/plugins/com.st.stm32cube.ide.mcu.externaltools.gnu-tools-for-stm32.13.3.rel1.win32_1.0.0.202411081344/tools/bin/../lib/gcc/arm-none-eabi/13.3.1/../../../../arm-none-eabi/lib/thumb/v7e-m+fp/hard\libc_nano.a(libc_a-fwalk.o)
                              C:/ST/STM32CubeIDE_1.19.0/STM32CubeIDE/plugins/com.st.stm32cube.ide.mcu.externaltools.gnu-tools-for-stm32.13.3.rel1.win32_1.0.0.202411081344/tools/bin/../lib/gcc/arm-none-eabi/13.3.1/../../../../arm-none-eabi/lib/thumb/v7e-m+fp/hard\libc_nano.a(libc_a-findfp.o) (_fwalk_sglue)
C:/ST/STM32CubeIDE_1.19.0/STM32CubeIDE/plugins/com.st.stm32cube.ide.mcu.externaltools.gnu-tools-for-stm32.13.3.rel1.win32_1.0.0.202411081344/tools/bin/../lib/gcc/arm-none-eabi/13.3.1/../../../../arm-none-eabi/lib/thumb/v7e-m+fp/hard\libc_nano.a(libc_a-snprintf.o)
                              ./Core/Src/DistanceSensor.o (snprintf)
C:/ST/STM32CubeIDE_1.19.0/STM32CubeIDE/plugins/com.st.stm32cube.ide.mcu.externaltools.gnu-tools-for-stm32.13.3.rel1.win32_1.0.0.202411081344/tools/bin/../lib/gcc/arm-none-eabi/13.3.1/../../../../arm-none-eabi/lib/thumb/v7e-m+fp/hard\libc_nano.a(libc_a-sprintf.o)
                              ./Core/Src/Accelerometer.o (sprintf)
C:/ST/STM32CubeIDE_1.19.0/STM32CubeIDE/plugins/com.st.stm32cube.ide.mcu.externaltools.gnu-tools-for-stm32.13.3.rel1.win32_1.0.0.202411081344/tools/bin/../lib/gcc/arm-none-eabi/13.3.1/../../../../arm-none-eabi/lib/thumb/v7e-m+fp/hard\libc_nano.a(libc_a-stdio.o)
                              C:/ST/STM32CubeIDE_1.19.0/STM32CubeIDE/plugins/com.st.stm32cube.ide.mcu.externaltools.gnu-tools-for-stm32.13.3.rel1.win32_1.0.0.202411081344/tools/bin/../lib/gcc/arm-none-eabi/13.3.1/../../../../arm-none-eabi/lib/thumb/v7e-m+fp/hard\libc_nano.a(libc_a-findfp.o) (__sread)
C:/ST/STM32CubeIDE_1.19.0/STM32CubeIDE/plugins/com.st.stm32cube.ide.mcu.externaltools.gnu-tools-for-stm32.13.3.rel1.win32_1.0.0.202411081344/tools/bin/../lib/gcc/arm-none-eabi/13.3.1/../../../../arm-none-eabi/lib/thumb/v7e-m+fp/hard\libc_nano.a(libc_a-memmove.o)
                              ./Core/Src/ssd1306_tests.o (memmove)
C:/ST/STM32CubeIDE_1.19.0/STM32CubeIDE/plugins/com.st.stm32cube.ide.mcu.externaltools.gnu-tools-for-stm32.13.3.rel1.win32_1.0.0.202411081344/tools/bin/../lib/gcc/arm-none-eabi/13.3.1/../../../../arm-none-eabi/lib/thumb/v7e-m+fp/hard\libc_nano.a(libc_a-memset.o)
                              C:/ST/STM32CubeIDE_1.19.0/STM32CubeIDE/plugins/com.st.stm32cube.ide.mcu.externaltools.gnu-tools-for-stm32.13.3.rel1.win32_1.0.0.202411081344/tools/bin/../lib/gcc/arm-none-eabi/13.3.1/../../../../arm-none-eabi/lib/thumb/v7e-m+fp/hard/crt0.o (memset)
C:/ST/STM32CubeIDE_1.19.0/STM32CubeIDE/plugins/com.st.stm32cube.ide.mcu.externaltools.gnu-tools-for-stm32.13.3.rel1.win32_1.0.0.202411081344/tools/bin/../lib/gcc/arm-none-eabi/13.3.1/../../../../arm-none-eabi/lib/thumb/v7e-m+fp/hard\libc_nano.a(libc_a-closer.o)
                              C:/ST/STM32CubeIDE_1.19.0/STM32CubeIDE/plugins/com.st.stm32cube.ide.mcu.externaltools.gnu-tools-for-stm32.13.3.rel1.win32_1.0.0.202411081344/tools/bin/../lib/gcc/arm-none-eabi/13.3.1/../../../../arm-none-eabi/lib/thumb/v7e-m+fp/hard\libc_nano.a(libc_a-stdio.o) (_close_r)
C:/ST/STM32CubeIDE_1.19.0/STM32CubeIDE/plugins/com.st.stm32cube.ide.mcu.externaltools.gnu-tools-for-stm32.13.3.rel1.win32_1.0.0.202411081344/tools/bin/../lib/gcc/arm-none-eabi/13.3.1/../../../../arm-none-eabi/lib/thumb/v7e-m+fp/hard\libc_nano.a(libc_a-reent.o)
                              C:/ST/STM32CubeIDE_1.19.0/STM32CubeIDE/plugins/com.st.stm32cube.ide.mcu.externaltools.gnu-tools-for-stm32.13.3.rel1.win32_1.0.0.202411081344/tools/bin/../lib/gcc/arm-none-eabi/13.3.1/../../../../arm-none-eabi/lib/thumb/v7e-m+fp/hard\libc_nano.a(libc_a-closer.o) (errno)
[...]
Memory Configuration

Name             Origin             Length             Attributes
RAM              0x20000000         0x00020000         xrw
FLASH            0x08000000         0x00080000         xr
*default*        0x00000000         0xffffffff

Linker script and memory map

LOAD C:/ST/STM32CubeIDE_1.19.0/STM32CubeIDE/plugins/com.st.stm32cube.ide.mcu.externaltools.gnu-tools-for-stm32.13.3.rel1.win32_1.0.0.202411081344/tools/bin/../lib/gcc/arm-none-eabi/13.3.1/thumb/v7e-m+fp/hard/crti.o
LOAD C:/ST/STM32CubeIDE_1.19.0/STM32CubeIDE/plugins/com.st.stm32cube.ide.mcu.externaltools.gnu-tools-for-stm32.13.3.rel1.win32_1.0.0.202411081344/tools/bin/../lib/gcc/arm-none-eabi/13.3.1/thumb/v7e-m+fp/hard/crtbegin.o
LOAD C:/ST/STM32CubeIDE_1.19.0/STM32CubeIDE/plugins/com.st.stm32cube.ide.mcu.externaltools.gnu-tools-for-stm32.13.3.rel1.win32_1.0.0.202411081344/tools/bin/../lib/gcc/arm-none-eabi/13.3.1/../../../../arm-none-eabi/lib/thumb/v7e-m+fp/hard/crt0.o
LOAD ./Core/Src/Accelerometer.o
LOAD ./Core/Src/DistanceSensor.o
LOAD ./Core/Src/GPS.o
LOAD ./Core/Src/General.o
LOAD ./Core/Src/Keypad.o
LOAD ./Core/Src/LightSensor.o
LOAD ./Core/Src/OLED.o
LOAD ./Core/Src/SD.o
LOAD ./Core/Src/TempSensor.o
LOAD ./Core/Src/main.o
LOAD ./Core/Src/ssd1306.o
LOAD ./Core/Src/ssd1306_fonts.o
LOAD ./Core/Src/ssd1306_tests.o
LOAD ./Core/Src/stm32f4xx_hal_msp.o
LOAD ./Core/Src/stm32f4xx_it.o
LOAD ./Core/Src/syscalls.o
LOAD ./Core/Src/sysmem.o
LOAD ./Core/Src/system_stm32f4xx.o
LOAD ./Core/Startup/startup_stm32f411retx.o
LOAD ./Drivers/STM32F4xx_HAL_Driver/Src/stm32f4xx_hal.o
LOAD ./Drivers/STM32F4xx_HAL_Driver/Src/stm32f4xx_hal_cortex.o
LOAD ./Drivers/STM32F4xx_HAL_Driver/Src/stm32f4xx_hal_dma.o
LOAD ./Drivers/STM32F4xx_HAL_Driver/Src/stm32f4xx_hal_dma_ex.o
LOAD ./Drivers/STM32F4xx_HAL_Driver/Src/stm32f4xx_hal_exti.o
LOAD ./Drivers/STM32F4xx_HAL_Driver/Src/stm32f4xx_hal_flash.o
LOAD ./Drivers/STM32F4xx_HAL_Driver/Src/stm32f4xx_hal_flash_ex.o
LOAD ./Drivers/STM32F4xx_HAL_Driver/Src/stm32f4xx_hal_flash_ramfunc.o
LOAD ./Drivers/STM32F4xx_HAL_Driver/Src/stm32f4xx_hal_gpio.o
LOAD ./Drivers/STM32F4xx_HAL_Driver/Src/stm32f4xx_hal_i2c.o
LOAD ./Drivers/STM32F4xx_HAL_Driver/Src/stm32f4xx_hal_i2c_ex.o
LOAD ./Drivers/STM32F4xx_HAL_Driver/Src/stm32f4xx_hal_pwr.o
LOAD ./Drivers/STM32F4xx_HAL_Driver/Src/stm32f4xx_hal_pwr_ex.o
LOAD ./Drivers/STM32F4xx_HAL_Driver/Src/stm32f4xx_hal_rcc.o
LOAD ./Drivers/STM32F4xx_HAL_Driver/Src/stm32f4xx_hal_rcc_ex.o
LOAD ./Drivers/STM32F4xx_HAL_Driver/Src/stm32f4xx_hal_tim.o
LOAD ./Drivers/STM32F4xx_HAL_Driver/Src/stm32f4xx_hal_tim_ex.o
LOAD ./Drivers/STM32F4xx_HAL_Driver/Src/stm32f4xx_hal_uart.o
START GROUP
LOAD C:/ST/STM32CubeIDE_1.19.0/STM32CubeIDE/plugins/com.st.stm32cube.ide.mcu.externaltools.gnu-tools-for-stm32.13.3.rel1.win32_1.0.0.202411081344/tools/bin/../lib/gcc/arm-none-eabi/13.3.1/../../../../arm-none-eabi/lib/thumb/v7e-m+fp/hard\libc_nano.a
LOAD C:/ST/STM32CubeIDE_1.19.0/STM32CubeIDE/plugins/com.st.stm32cube.ide.mcu.externaltools.gnu-tools-for-stm32.13.3.rel1.win32_1.0.0.202411081344/tools/bin/../lib/gcc/arm-none-eabi/13.3.1/../../../../arm-none-eabi/lib/thumb/v7e-m+fp/hard\libm.a
END GROUP
START GROUP
LOAD C:/ST/STM32CubeIDE_1.19.0/STM32CubeIDE/plugins/com.st.stm32cube.ide.mcu.externaltools.gnu-tools-for-stm32.13.3.rel1.win32_1.0.0.202411081344/tools/bin/../lib/gcc/arm-none-eabi/13.3.1/thumb/v7e-m+fp/hard\libgcc.a
LOAD C:/ST/STM32CubeIDE_1.19.0/STM32CubeIDE/plugins/com.st.stm32cube.ide.mcu.externaltools.gnu-tools-for-stm32.13.3.rel1.win32_1.0.0.202411081344/tools/bin/../lib/gcc/arm-none-eabi/13.3.1/../../../../arm-none-eabi/lib/thumb/v7e-m+fp/hard\libc_nano.a
END GROUP
START GROUP
LOAD C:/ST/STM32CubeIDE_1.19.0/STM32CubeIDE/plugins/com.st.stm32cube.ide.mcu.externaltools.gnu-tools-for-stm32.13.3.rel1.win32_1.0.0.202411081344/tools/bin/../lib/gcc/arm-none-eabi/13.3.1/thumb/v7e-m+fp/hard\libgcc.a
LOAD C:/ST/STM32CubeIDE_1.19.0/STM32CubeIDE/plugins/com.st.stm32cube.ide.mcu.externaltools.gnu-tools-for-stm32.13.3.rel1.win32_1.0.0.202411081344/tools/bin/../lib/gcc/arm-none-eabi/13.3.1/../../../../arm-none-eabi/lib/thumb/v7e-m+fp/hard\libc_nano.a
LOAD C:/ST/STM32CubeIDE_1.19.0/STM32CubeIDE/plugins/com.st.stm32cube.ide.mcu.externaltools.gnu-tools-for-stm32.13.3.rel1.win32_1.0.0.202411081344/tools/bin/../lib/gcc/arm-none-eabi/13.3.1/../../../../arm-none-eabi/lib/thumb/v7e-m+fp/hard\libnosys.a
END GROUP
START GROUP
LOAD C:/ST/STM32CubeIDE_1.19.0/STM32CubeIDE/plugins/com.st.stm32cube.ide.mcu.externaltools.gnu-tools-for-stm32.13.3.rel1.win32_1.0.0.202411081344/tools/bin/../lib/gcc/arm-none-eabi/13.3.1/thumb/v7e-m+fp/hard\libgcc.a
LOAD C:/ST/STM32CubeIDE_1.19.0/STM32CubeIDE/plugins/com.st.stm32cube.ide.mcu.externaltools.gnu-tools-for-stm32.13.3.rel1.win32_1.0.0.202411081344/tools/bin/../lib/gcc/arm-none-eabi/13.3.1/../../../../arm-none-eabi/lib/thumb/v7e-m+fp/hard\libc_nano.a
LOAD C:/ST/STM32CubeIDE_1.19.0/STM32CubeIDE/plugins/com.st.stm32cube.ide.mcu.externaltools.gnu-tools-for-stm32.13.3.rel1.win32_1.0.0.202411081344/tools/bin/../lib/gcc/arm-none-eabi/13.3.1/../../../../arm-none-eabi/lib/thumb/v7e-m+fp/hard\libnosys.a
END GROUP
LOAD C:/ST/STM32CubeIDE_1.19.0/STM32CubeIDE/plugins/com.st.stm32cube.ide.mcu.externaltools.gnu-tools-for-stm32.13.3.rel1.win32_1.0.0.202411081344/tools/bin/../lib/gcc/arm-none-eabi/13.3.1/thumb/v7e-m+fp/hard/crtend.o
LOAD C:/ST/STM32CubeIDE_1.19.0/STM32CubeIDE/plugins/com.st.stm32cube.ide.mcu.externaltools.gnu-tools-for-stm32.13.3.rel1.win32_1.0.0.202411081344/tools/bin/../lib/gcc/arm-none-eabi/13.3.1/thumb/v7e-m+fp/hard/crtn.o
                0x20020000                        _estack = (ORIGIN (RAM) + LENGTH (RAM))
                0x00000200                        _Min_Heap_Size = 0x200
                0x00000400                        _Min_Stack_Size = 0x400

.isr_vector     0x08000000      0x198
                0x08000000                        . = ALIGN (0x4)
 *(.isr_vector)
 .isr_vector    0x08000000      0x198 ./Core/Startup/startup_stm32f411retx.o
                0x08000000                g_pfnVectors
                0x08000198                        . = ALIGN (0x4)

.text           0x080001a0     0x91b0
                0x080001a0                        . = ALIGN (0x4)
 *(.text)
 .text          0x080001a0       0x40 C:/ST/STM32CubeIDE_1.19.0/STM32CubeIDE/plugins/com.st.stm32cube.ide.mcu.externaltools.gnu-tools-for-stm32.13.3.rel1.win32_1.0.0.202411081344/tools/bin/../lib/gcc/arm-none-eabi/13.3.1/thumb/v7e-m+fp/hard/crtbegin.o
 .text          0x080001e0       0x14 C:/ST/STM32CubeIDE_1.19.0/STM32CubeIDE/plugins/com.st.stm32cube.ide.mcu.externaltools.gnu-tools-for-stm32.13.3.rel1.win32_1.0.0.202411081344/tools/bin/../lib/gcc/arm-none-eabi/13.3.1/../../../../arm-none-eabi/lib/thumb/v7e-m+fp/hard\libc_nano.a(libc_a-strcmp.o)
                0x080001e0                strcmp
 .text          0x080001f4       0x10 C:/ST/STM32CubeIDE_1.19.0/STM32CubeIDE/plugins/com.st.stm32cube.ide.mcu.externaltools.gnu-tools-for-stm32.13.3.rel1.win32_1.0.0.202411081344/tools/bin/../lib/gcc/arm-none-eabi/13.3.1/../../../../arm-none-eabi/lib/thumb/v7e-m+fp/hard\libc_nano.a(libc_a-strlen.o)
                0x080001f4                strlen
 *fill*         0x08000204        0xc 
 .text          0x08000210       0xa0 C:/ST/STM32CubeIDE_1.19.0/STM32CubeIDE/plugins/com.st.stm32cube.ide.mcu.externaltools.gnu-tools-for-stm32.13.3.rel1.win32_1.0.0.202411081344/tools/bin/../lib/gcc/arm-none-eabi/13.3.1/../../../../arm-none-eabi/lib/thumb/v7e-m+fp/hard\libc_nano.a(libc_a-memchr.o)
                0x08000210                memchr
 .text          0x080002b0      0x378 C:/ST/STM32CubeIDE_1.19.0/STM32CubeIDE/plugins/com.st.stm32cube.ide.mcu.externaltools.gnu-tools-for-stm32.13.3.rel1.win32_1.0.0.202411081344/tools/bin/../lib/gcc/arm-none-eabi/13.3.1/thumb/v7e-m+fp/hard\libgcc.a(_arm_addsubdf3.o)
                0x080002b0                __aeabi_drsub
                0x080002b8                __aeabi_dsub
                0x080002b8                __subdf3
                0x080002bc                __aeabi_dadd
                0x080002bc                __adddf3
                0x08000534                __floatunsidf
                0x08000534                __aeabi_ui2d
                0x08000554                __floatsidf
                0x08000554                __aeabi_i2d
                0x08000578                __aeabi_f2d
                0x08000578                __extendsfdf2
                0x080005bc                __floatundidf
                0x080005bc                __aeabi_ul2d
                0x080005cc                __floatdidf
                0x080005cc                __aeabi_l2d
 .text          0x08000628      0x424 C:/ST/STM32CubeIDE_1.19.0/STM32CubeIDE/plugins/com.st.stm32cube.ide.mcu.externaltools.gnu-tools-for-stm32.13.3.rel1.win32_1.0.0.202411081344/tools/bin/../lib/gcc/arm-none-eabi/13.3.1/thumb/v7e-m+fp/hard\libgcc.a(_arm_muldivdf3.o)
                0x08000628                __aeabi_dmul
                0x08000628                __muldf3
                0x0800087c                __divdf3
                0x0800087c                __aeabi_ddiv
 .text          0x08000a4c       0xa0 C:/ST/STM32CubeIDE_1.19.0/STM32CubeIDE/plugins/com.st.stm32cube.ide.mcu.externaltools.gnu-tools-for-stm32.13.3.rel1.win32_1.0.0.202411081344/tools/bin/../lib/gcc/arm-none-eabi/13.3.1/thumb/v7e-m+fp/hard\libgcc.a(_arm_truncdfsf2.o)
                0x08000a4c                __truncdfsf2
                0x08000a4c                __aeabi_d2f
 .text          0x08000aec       0x30 C:/ST/STM32CubeIDE_1.19.0/STM32CubeIDE/plugins/com.st.stm32cube.ide.mcu.externaltools.gnu-tools-for-stm32.13.3.rel1.win32_1.0.0.202411081344/tools/bin/../lib/gcc/arm-none-eabi/13.3.1/thumb/v7e-m+fp/hard\libgcc.a(_aeabi_uldivmod.o)
                0x08000aec                __aeabi_uldivmod
 .text          0x08000b1c      0x2f8 C:/ST/STM32CubeIDE_1.19.0/STM32CubeIDE/plugins/com.st.stm32cube.ide.mcu.externaltools.gnu-tools-for-stm32.13.3.rel1.win32_1.0.0.202411081344/tools/bin/../lib/gcc/arm-none-eabi/13.3.1/thumb/v7e-m+fp/hard\libgcc.a(_udivmoddi4.o)
                0x08000b1c                __udivmoddi4
 .text          0x08000e14        0x4 C:/ST/STM32CubeIDE_1.19.0/STM32CubeIDE/plugins/com.st.stm32cube.ide.mcu.externaltools.gnu-tools-for-stm32.13.3.rel1.win32_1.0.0.202411081344/tools/bin/../lib/gcc/arm-none-eabi/13.3.1/thumb/v7e-m+fp/hard\libgcc.a(_dvmd_tls.o)
                0x08000e14                __aeabi_idiv0
                0x08000e14                __aeabi_ldiv0
 *(.text*)
 .text.getMPU_OK
                0x08000e18       0x18 ./Core/Src/Accelerometer.o
                0x08000e18                getMPU_OK
 .text.str_Accel_OLED
                0x08000e30       0x84 ./Core/Src/Accelerometer.o
                0x08000e30                str_Accel_OLED
 .text.str_Accel_UART
                0x08000eb4       0xf8 ./Core/Src/Accelerometer.o
                0x08000eb4                str_Accel_UART
 .text.update_str_dist
                0x08000fac       0x44 ./Core/Src/DistanceSensor.o
                0x08000fac                update_str_dist
 .text.str_dist_UART
                0x08000ff0       0x34 ./Core/Src/DistanceSensor.o
                0x08000ff0                str_dist_UART
 .text.str_dist_OLED
                0x08001024       0x28 ./Core/Src/DistanceSensor.o
                0x08001024                str_dist_OLED
 .text.sampleDistanceSensor
                0x0800104c       0xac ./Core/Src/DistanceSensor.o
                0x0800104c                sampleDistanceSensor
 .text.HAL_TIM_IC_CaptureCallback
                0x080010f8       0xbc ./Core/Src/DistanceSensor.o
                0x080010f8                HAL_TIM_IC_CaptureCallback
 .text.getGPS_OK
                0x080011b4       0x18 ./Core/Src/GPS.o
                0x080011b4                getGPS_OK
 .text.update_str
                0x080011cc       0xe8 ./Core/Src/GPS.o
                0x080011cc                update_str
 .text.str_SPEED_HEAD_OLED
                0x080012b4       0x3c ./Core/Src/GPS.o
                0x080012b4                str_SPEED_HEAD_OLED
 .text.str_LAT_LONG_OLED
                0x080012f0       0x3c ./Core/Src/GPS.o
                0x080012f0                str_LAT_LONG_OLED
 .text.str_GPS_UART
                0x0800132c       0x50 ./Core/Src/GPS.o
                0x0800132c                str_GPS_UART
 .text.isAlarmActive
                0x0800137c       0x48 ./Core/Src/General.o
                0x0800137c                isAlarmActive
 .text.pushAlarm
                0x080013c4       0xac ./Core/Src/General.o
                0x080013c4                pushAlarm
 .text.removeAlarm
                0x08001470       0xf8 ./Core/Src/General.o
                0x08001470                removeAlarm
 .text.checkAlarms
                0x08001568       0x78 ./Core/Src/General.o
                0x08001568                checkAlarms
 .text.handleCommand
                0x080015e0       0xa0 ./Core/Src/General.o
                0x080015e0                handleCommand
 .text.str_Date_UART
                0x08001680       0x64 ./Core/Src/General.o
                0x08001680                str_Date_UART
 .text.str_AlarmConditions_UART
                0x080016e4       0xb4 ./Core/Src/General.o
                0x080016e4                str_AlarmConditions_UART
 .text.WholeFraction
                0x08001798       0xb2 ./Core/Src/General.o
                0x08001798                WholeFraction
 .text.sign     0x0800184a       0x2a ./Core/Src/General.o
                0x0800184a                sign
 .text.enableAlarms
                0x08001874        0xe ./Core/Src/General.o
                0x08001874                enableAlarms
 *fill*         0x08001882        0x2 
 .text.HAL_GPIO_EXTI_Callback
                0x08001884      0x104 ./Core/Src/General.o
                0x08001884                HAL_GPIO_EXTI_Callback
 .text.handleButton
                0x08001988      0x2dc ./Core/Src/General.o
                0x08001988                handleButton
 .text.toggleLED
                0x08001c64       0xd0 ./Core/Src/General.o
                0x08001c64                toggleLED
 .text.flashLED
                0x08001d34       0x68 ./Core/Src/General.o
                0x08001d34                flashLED
 .text.scanButtons
                0x08001d9c       0x58 ./Core/Src/General.o
                0x08001d9c                scanButtons
 .text.HAL_UART_RxCpltCallback
                0x08001df4      0x140 ./Core/Src/General.o
                0x08001df4                HAL_UART_RxCpltCallback
 *fill*         0x08001f34        0x4 
 .text.UI_handleKey
                0x08001f38      0x194 ./Core/Src/General.o
                0x08001f38                UI_handleKey
 .text.UI_Refresh
                0x080020cc       0x6c ./Core/Src/General.o
                0x080020cc                UI_Refresh
 .text.defaultSetup
                0x08002138       0x80 ./Core/Src/General.o
                0x08002138                defaultSetup
 .text.handleKey
                0x080021b8       0x48 ./Core/Src/Keypad.o
                0x080021b8                handleKey
 .text.setCol   0x08002200       0x68 ./Core/Src/Keypad.o
                0x08002200                setCol
 .text.setAllCols
                0x08002268       0x30 ./Core/Src/Keypad.o
                0x08002268                setAllCols
 .text.ReadRow  0x08002298       0x98 ./Core/Src/Keypad.o
                0x08002298                ReadRow
 .text.scanKeys
                0x08002330      0x168 ./Core/Src/Keypad.o
                0x08002330                scanKeys
 .text.update_str_light
                0x08002498       0x28 ./Core/Src/LightSensor.o
                0x08002498                update_str_light
 .text.str_LUX_UART
                0x080024c0       0x34 ./Core/Src/LightSensor.o
                0x080024c0                str_LUX_UART
 .text.str_LUX_OLED
                0x080024f4       0x2c ./Core/Src/LightSensor.o
                0x080024f4                str_LUX_OLED
 .text.str_toggleSD_State
                0x08002520       0x40 ./Core/Src/OLED.o
                0x08002520                str_toggleSD_State
 .text.str_toggleGPS_State
                0x08002560       0x40 ./Core/Src/OLED.o
                0x08002560                str_toggleGPS_State
 .text.str_toggleMPU_State
                0x080025a0       0x40 ./Core/Src/OLED.o
                0x080025a0                str_toggleMPU_State
 .text.str_toggleS3
                0x080025e0       0x40 ./Core/Src/OLED.o
                0x080025e0                str_toggleS3
 .text.str_toggleLOG
                0x08002620       0x40 ./Core/Src/OLED.o
                0x08002620                str_toggleLOG
 .text.date     0x08002660       0x14 ./Core/Src/OLED.o
                0x08002660                date
 .text.UI_Draw3Rows
                0x08002674       0x68 ./Core/Src/OLED.o
                0x08002674                UI_Draw3Rows
 .text.r_Disp_main
                0x080026dc       0x5c ./Core/Src/OLED.o
                0x080026dc                r_Disp_main
 .text.r_Disp_1
                0x08002738       0x40 ./Core/Src/OLED.o
                0x08002738                r_Disp_1
 .text.r_Disp_2
                0x08002778       0x40 ./Core/Src/OLED.o
                0x08002778                r_Disp_2
 .text.r_Disp_3
                0x080027b8       0x3c ./Core/Src/OLED.o
                0x080027b8                r_Disp_3
 .text.r_Disp_4
                0x080027f4       0x3c ./Core/Src/OLED.o
                0x080027f4                r_Disp_4
 .text.r_Disp_5
                0x08002830       0x38 ./Core/Src/OLED.o
                0x08002830                r_Disp_5
 .text.r_Data_main
                0x08002868       0x5c ./Core/Src/OLED.o
                0x08002868                r_Data_main
 .text.r_Data_1
                0x080028c4       0x48 ./Core/Src/OLED.o
                0x080028c4                r_Data_1
 .text.r_Data_2
                0x0800290c       0x48 ./Core/Src/OLED.o
                0x0800290c                r_Data_2
 .text.r_Data_3
                0x08002954       0x50 ./Core/Src/OLED.o
                0x08002954                r_Data_3
 .text.r_Diag_main
                0x080029a4       0x5c ./Core/Src/OLED.o
                0x080029a4                r_Diag_main
 .text.r_Diag_1
                0x08002a00       0x64 ./Core/Src/OLED.o
                0x08002a00                r_Diag_1
 .text.r_Diag_2
                0x08002a64       0x64 ./Core/Src/OLED.o
                0x08002a64                r_Diag_2
 .text.r_Diag_3
                0x08002ac8       0x64 ./Core/Src/OLED.o
                0x08002ac8                r_Diag_3
 .text.r_Diag_4
                0x08002b2c       0x58 ./Core/Src/OLED.o
                0x08002b2c                r_Diag_4
 .text.r_Warn_UnsafeDriving
                0x08002b84       0x48 ./Core/Src/OLED.o
                0x08002b84                r_Warn_UnsafeDriving
 .text.r_Warn_Proximity
                0x08002bcc       0x48 ./Core/Src/OLED.o
                0x08002bcc                r_Warn_Proximity
 .text.r_Warn_Light
                0x08002c14       0x48 ./Core/Src/OLED.o
                0x08002c14                r_Warn_Light
 .text.r_Warn_Temp
                0x08002c5c       0x48 ./Core/Src/OLED.o
                0x08002c5c                r_Warn_Temp
 .text.r_Warn_Impact
                0x08002ca4       0x48 ./Core/Src/OLED.o
                0x08002ca4                r_Warn_Impact
 .text.init_OLED
                0x08002cec        0xc ./Core/Src/OLED.o
                0x08002cec                init_OLED
 .text.Menu_Init
                0x08002cf8      0x2b0 ./Core/Src/OLED.o
                0x08002cf8                Menu_Init
 .text.getSD_OK
                0x08002fa8       0x18 ./Core/Src/SD.o
                0x08002fa8                getSD_OK
 .text.setLogging
                0x08002fc0       0x20 ./Core/Src/SD.o
                0x08002fc0                setLogging
 .text.setDistance_ODO
                0x08002fe0       0x20 ./Core/Src/SD.o
                0x08002fe0                setDistance_ODO
 .text.getDistance_ODO
                0x08003000       0x1c ./Core/Src/SD.o
                0x08003000                getDistance_ODO
 .text.setFuel  0x0800301c       0x20 ./Core/Src/SD.o
                0x0800301c                setFuel
 .text.getFuel  0x0800303c       0x1c ./Core/Src/SD.o
                0x0800303c                getFuel
 .text.update_strs
                0x08003058       0xfc ./Core/Src/SD.o
                0x08003058                update_strs
 .text.str_fuel_OLED
                0x08003154       0x40 ./Core/Src/SD.o
                0x08003154                str_fuel_OLED
 .text.str_dist_ODO_OLED
                0x08003194       0x40 ./Core/Src/SD.o
                0x08003194                str_dist_ODO_OLED
 .text.str_FuelEfficiency_OLED
                0x080031d4       0x3c ./Core/Src/SD.o
                0x080031d4                str_FuelEfficiency_OLED
 .text.update_str_temp
                0x08003210       0x4c ./Core/Src/TempSensor.o
                0x08003210                update_str_temp
 .text.str_temp_OLED
                0x0800325c       0x28 ./Core/Src/TempSensor.o
                0x0800325c                str_temp_OLED
 .text.str_temp_UART
                0x08003284       0x34 ./Core/Src/TempSensor.o
                0x08003284                str_temp_UART
 .text.getTemp  0x080032b8       0x1c ./Core/Src/TempSensor.o
                0x080032b8                getTemp
 .text.getTempWarning
                0x080032d4       0x5c ./Core/Src/TempSensor.o
                0x080032d4                getTempWarning
 .text.sampleTempSensor
                0x08003330      0x1a4 ./Core/Src/TempSensor.o
                0x08003330                sampleTempSensor
 .text.main     0x080034d4       0xc4 ./Core/Src/main.o
                0x080034d4                main
 .text.SystemClock_Config
                0x08003598       0xd4 ./Core/Src/main.o
                0x08003598                SystemClock_Config
 .text.MX_I2C1_Init
                0x0800366c       0x5c ./Core/Src/main.o
 .text.MX_TIM1_Init
                0x080036c8      0x118 ./Core/Src/main.o
 .text.MX_TIM2_Init
                0x080037e0       0xa8 ./Core/Src/main.o
 .text.MX_TIM3_Init
                0x08003888      0x110 ./Core/Src/main.o
 .text.MX_TIM4_Init
                0x08003998       0xa8 ./Core/Src/main.o
 .text.MX_USART2_UART_Init
                0x08003a40       0x58 ./Core/Src/main.o
 .text.MX_GPIO_Init
                0x08003a98      0x174 ./Core/Src/main.o
 .text.Error_Handler
                0x08003c0c        0xc ./Core/Src/main.o
                0x08003c0c                Error_Handler
 .text.ssd1306_Reset
                0x08003c18        0xe ./Core/Src/ssd1306.o
                0x08003c18                ssd1306_Reset
 *fill*         0x08003c26        0x2 
 .text.ssd1306_WriteCommand
                0x08003c28       0x30 ./Core/Src/ssd1306.o
                0x08003c28                ssd1306_WriteCommand
 .text.ssd1306_WriteData
                0x08003c58       0x34 ./Core/Src/ssd1306.o
                0x08003c58                ssd1306_WriteData
 .text.ssd1306_Init
                0x08003c8c       0xd4 ./Core/Src/ssd1306.o
                0x08003c8c                ssd1306_Init
 .text.ssd1306_Fill
                0x08003d60       0x30 ./Core/Src/ssd1306.o
                0x08003d60                ssd1306_Fill
 .text.ssd1306_UpdateScreen
                0x08003d90       0x50 ./Core/Src/ssd1306.o
                0x08003d90                ssd1306_UpdateScreen
 .text.ssd1306_DrawPixel
                0x08003de0       0xa8 ./Core/Src/ssd1306.o
                0x08003de0                ssd1306_DrawPixel
 .text.ssd1306_WriteChar
                0x08003e88      0x124 ./Core/Src/ssd1306.o
                0x08003e88                ssd1306_WriteChar
 .text.ssd1306_WriteString
                0x08003fac       0x4c ./Core/Src/ssd1306.o
                0x08003fac                ssd1306_WriteString
 .text.ssd1306_SetCursor
                0x08003ff8       0x30 ./Core/Src/ssd1306.o
                0x08003ff8                ssd1306_SetCursor
 .text.ssd1306_SetContrast
                0x08004028       0x26 ./Core/Src/ssd1306.o
                0x08004028                ssd1306_SetContrast
 *fill*         0x0800404e        0x2 
 .text.ssd1306_SetDisplayOn
                0x08004050       0x3c ./Core/Src/ssd1306.o
                0x08004050                ssd1306_SetDisplayOn
 .text.HAL_MspInit
                0x0800408c       0x60 ./Core/Src/stm32f4xx_hal_msp.o
                0x0800408c                HAL_MspInit
 .text.HAL_I2C_MspInit
                0x080040ec       0x90 ./Core/Src/stm32f4xx_hal_msp.o
                0x080040ec                HAL_I2C_MspInit
 .text.HAL_TIM_PWM_MspInit
                0x0800417c       0x70 ./Core/Src/stm32f4xx_hal_msp.o
                0x0800417c                HAL_TIM_PWM_MspInit
 .text.HAL_TIM_Base_MspInit
                0x080041ec       0x8c ./Core/Src/stm32f4xx_hal_msp.o
                0x080041ec                HAL_TIM_Base_MspInit
 .text.HAL_TIM_IC_MspInit
                0x08004278       0xa0 ./Core/Src/stm32f4xx_hal_msp.o
                0x08004278                HAL_TIM_IC_MspInit
 .text.HAL_TIM_MspPostInit
                0x08004318      0x100 ./Core/Src/stm32f4xx_hal_msp.o
                0x08004318                HAL_TIM_MspPostInit
 .text.HAL_UART_MspInit
                0x08004418       0xa0 ./Core/Src/stm32f4xx_hal_msp.o
                0x08004418                HAL_UART_MspInit
 .text.NMI_Handler
                0x080044b8        0x8 ./Core/Src/stm32f4xx_it.o
                0x080044b8                NMI_Handler
 .text.HardFault_Handler
                0x080044c0        0x8 ./Core/Src/stm32f4xx_it.o
                0x080044c0                HardFault_Handler
 .text.MemManage_Handler
                0x080044c8        0x8 ./Core/Src/stm32f4xx_it.o
                0x080044c8                MemManage_Handler
 .text.BusFault_Handler
                0x080044d0        0x8 ./Core/Src/stm32f4xx_it.o
                0x080044d0                BusFault_Handler
 .text.UsageFault_Handler
                0x080044d8        0x8 ./Core/Src/stm32f4xx_it.o
                0x080044d8                UsageFault_Handler
 .text.SVC_Handler
                0x080044e0        0xe ./Core/Src/stm32f4xx_it.o
                0x080044e0                SVC_Handler
 .text.DebugMon_Handler
                0x080044ee        0xe ./Core/Src/stm32f4xx_it.o
                0x080044ee                DebugMon_Handler
 .text.PendSV_Handler
                0x080044fc        0xe ./Core/Src/stm32f4xx_it.o
                0x080044fc                PendSV_Handler
 .text.SysTick_Handler
                0x0800450a        0xc ./Core/Src/stm32f4xx_it.o
                0x0800450a                SysTick_Handler
 .text.PVD_IRQHandler
                0x08004516        0xc ./Core/Src/stm32f4xx_it.o
                0x08004516                PVD_IRQHandler
 .text.EXTI3_IRQHandler
                0x08004522        0xe ./Core/Src/stm32f4xx_it.o
                0x08004522                EXTI3_IRQHandler
 .text.EXTI4_IRQHandler
                0x08004530        0xe ./Core/Src/stm32f4xx_it.o
                0x08004530                EXTI4_IRQHandler
 .text.EXTI9_5_IRQHandler
                0x0800453e       0x16 ./Core/Src/stm32f4xx_it.o
                0x0800453e                EXTI9_5_IRQHandler
 .text.TIM4_IRQHandler
                0x08004554       0x14 ./Core/Src/stm32f4xx_it.o
                0x08004554                TIM4_IRQHandler
 .text.USART2_IRQHandler
                0x08004568       0x14 ./Core/Src/stm32f4xx_it.o
                0x08004568                USART2_IRQHandler
 .text.EXTI15_10_IRQHandler
                0x0800457c       0x30 ./Core/Src/stm32f4xx_it.o
                0x0800457c                EXTI15_10_IRQHandler
 .text._sbrk    0x080045ac       0x6c ./Core/Src/sysmem.o
                0x080045ac                _sbrk
 .text.SystemInit
                0x08004618       0x24 ./Core/Src/system_stm32f4xx.o
                0x08004618                SystemInit
 .text.Reset_Handler
                0x0800463c       0x50 ./Core/Startup/startup_stm32f411retx.o
                0x0800463c                Reset_Handler
 .text.Default_Handler
                0x0800468c        0x2 ./Core/Startup/startup_stm32f411retx.o
                0x0800468c                RTC_Alarm_IRQHandler
                0x0800468c                EXTI2_IRQHandler
                0x0800468c                SPI4_IRQHandler
                0x0800468c                TIM1_CC_IRQHandler
                0x0800468c                DMA2_Stream5_IRQHandler
                0x0800468c                DMA1_Stream5_IRQHandler
                0x0800468c                SDIO_IRQHandler
                0x0800468c                TAMP_STAMP_IRQHandler
                0x0800468c                TIM1_UP_TIM10_IRQHandler
                0x0800468c                I2C3_ER_IRQHandler
                0x0800468c                EXTI0_IRQHandler
                0x0800468c                I2C2_EV_IRQHandler
                0x0800468c                DMA1_Stream2_IRQHandler
                0x0800468c                FPU_IRQHandler
                0x0800468c                DMA2_Stream2_IRQHandler
                0x0800468c                SPI1_IRQHandler
                0x0800468c                TIM1_BRK_TIM9_IRQHandler
                0x0800468c                DMA2_Stream3_IRQHandler
                0x0800468c                USART6_IRQHandler
                0x0800468c                DMA2_Stream0_IRQHandler
                0x0800468c                I2C1_EV_IRQHandler
                0x0800468c                DMA1_Stream6_IRQHandler
                0x0800468c                DMA1_Stream1_IRQHandler
                0x0800468c                TIM3_IRQHandler
                0x0800468c                RCC_IRQHandler
                0x0800468c                Default_Handler
                0x0800468c                ADC_IRQHandler
                0x0800468c                DMA1_Stream7_IRQHandler
                0x0800468c                SPI5_IRQHandler
                0x0800468c                TIM5_IRQHandler
                0x0800468c                DMA2_Stream7_IRQHandler
                0x0800468c                I2C3_EV_IRQHandler
                0x0800468c                RTC_WKUP_IRQHandler
                0x0800468c                SPI2_IRQHandler
                0x0800468c                DMA1_Stream0_IRQHandler
                0x0800468c                WWDG_IRQHandler
                0x0800468c                TIM2_IRQHandler
                0x0800468c                OTG_FS_WKUP_IRQHandler
                0x0800468c                TIM1_TRG_COM_TIM11_IRQHandler
                0x0800468c                EXTI1_IRQHandler
                0x0800468c                I2C2_ER_IRQHandler
                0x0800468c                DMA2_Stream1_IRQHandler
                0x0800468c                FLASH_IRQHandler
                0x0800468c                DMA2_Stream4_IRQHandler
                0x0800468c                USART1_IRQHandler
                0x0800468c                OTG_FS_IRQHandler
                0x0800468c                SPI3_IRQHandler
                0x0800468c                DMA1_Stream4_IRQHandler
                0x0800468c                I2C1_ER_IRQHandler
                0x0800468c                DMA2_Stream6_IRQHandler
                0x0800468c                DMA1_Stream3_IRQHandler
 *fill*         0x0800468e        0x2 
 .text.HAL_Init
                0x08004690       0x44 ./Drivers/STM32F4xx_HAL_Driver/Src/stm32f4xx_hal.o
                0x08004690                HAL_Init
 .text.HAL_InitTick
                0x080046d4       0x60 ./Drivers/STM32F4xx_HAL_Driver/Src/stm32f4xx_hal.o
                0x080046d4                HAL_InitTick
 .text.HAL_IncTick
                0x08004734       0x28 ./Drivers/STM32F4xx_HAL_Driver/Src/stm32f4xx_hal.o
                0x08004734                HAL_IncTick
 .text.HAL_GetTick
                0x0800475c       0x18 ./Drivers/STM32F4xx_HAL_Driver/Src/stm32f4xx_hal.o
                0x0800475c                HAL_GetTick
 .text.HAL_Delay
                0x08004774       0x48 ./Drivers/STM32F4xx_HAL_Driver/Src/stm32f4xx_hal.o
                0x08004774                HAL_Delay
 .text.__NVIC_SetPriorityGrouping
                0x080047bc       0x48 ./Drivers/STM32F4xx_HAL_Driver/Src/stm32f4xx_hal_cortex.o
 .text.__NVIC_GetPriorityGrouping
                0x08004804       0x1c ./Drivers/STM32F4xx_HAL_Driver/Src/stm32f4xx_hal_cortex.o
 .text.__NVIC_EnableIRQ
                0x08004820       0x3c ./Drivers/STM32F4xx_HAL_Driver/Src/stm32f4xx_hal_cortex.o
 .text.__NVIC_SetPriority
                0x0800485c       0x54 ./Drivers/STM32F4xx_HAL_Driver/Src/stm32f4xx_hal_cortex.o
 .text.NVIC_EncodePriority
                0x080048b0       0x66 ./Drivers/STM32F4xx_HAL_Driver/Src/stm32f4xx_hal_cortex.o
 *fill*         0x08004916        0x2 
 .text.SysTick_Config
                0x08004918       0x44 ./Drivers/STM32F4xx_HAL_Driver/Src/stm32f4xx_hal_cortex.o
 .text.HAL_NVIC_SetPriorityGrouping
                0x0800495c       0x16 ./Drivers/STM32F4xx_HAL_Driver/Src/stm32f4xx_hal_cortex.o
                0x0800495c                HAL_NVIC_SetPriorityGrouping
 .text.HAL_NVIC_SetPriority
                0x08004972       0x38 ./Drivers/STM32F4xx_HAL_Driver/Src/stm32f4xx_hal_cortex.o
                0x08004972                HAL_NVIC_SetPriority
 .text.HAL_NVIC_EnableIRQ
                0x080049aa       0x1c ./Drivers/STM32F4xx_HAL_Driver/Src/stm32f4xx_hal_cortex.o
                0x080049aa                HAL_NVIC_EnableIRQ
 .text.HAL_SYSTICK_Config
                0x080049c6       0x18 ./Drivers/STM32F4xx_HAL_Driver/Src/stm32f4xx_hal_cortex.o
                0x080049c6                HAL_SYSTICK_Config
 .text.HAL_DMA_Abort
                0x080049de       0xe0 ./Drivers/STM32F4xx_HAL_Driver/Src/stm32f4xx_hal_dma.o
                0x080049de                HAL_DMA_Abort
 .text.HAL_DMA_Abort_IT
                0x08004abe       0x44 ./Drivers/STM32F4xx_HAL_Driver/Src/stm32f4xx_hal_dma.o
                0x08004abe                HAL_DMA_Abort_IT
 *fill*         0x08004b02        0x2 
 .text.HAL_GPIO_Init
                0x08004b04      0x308 ./Drivers/STM32F4xx_HAL_Driver/Src/stm32f4xx_hal_gpio.o
                0x08004b04                HAL_GPIO_Init
 .text.HAL_GPIO_ReadPin
                0x08004e0c       0x30 ./Drivers/STM32F4xx_HAL_Driver/Src/stm32f4xx_hal_gpio.o
                0x08004e0c                HAL_GPIO_ReadPin
 .text.HAL_GPIO_WritePin
                0x08004e3c       0x32 ./Drivers/STM32F4xx_HAL_Driver/Src/stm32f4xx_hal_gpio.o
                0x08004e3c                HAL_GPIO_WritePin
 *fill*         0x08004e6e        0x2 
 .text.HAL_GPIO_EXTI_IRQHandler
                0x08004e70       0x30 ./Drivers/STM32F4xx_HAL_Driver/Src/stm32f4xx_hal_gpio.o
                0x08004e70                HAL_GPIO_EXTI_IRQHandler
 .text.HAL_I2C_Init
                0x08004ea0      0x288 ./Drivers/STM32F4xx_HAL_Driver/Src/stm32f4xx_hal_i2c.o
                0x08004ea0                HAL_I2C_Init
 .text.HAL_I2C_Mem_Write
                0x08005128      0x1f4 ./Drivers/STM32F4xx_HAL_Driver/Src/stm32f4xx_hal_i2c.o
                0x08005128                HAL_I2C_Mem_Write
 .text.I2C_RequestMemoryWrite
                0x0800531c      0x12c ./Drivers/STM32F4xx_HAL_Driver/Src/stm32f4xx_hal_i2c.o
 .text.I2C_WaitOnFlagUntilTimeout
                0x08005448       0xf4 ./Drivers/STM32F4xx_HAL_Driver/Src/stm32f4xx_hal_i2c.o
 .text.I2C_WaitOnMasterAddressFlagUntilTimeout
                0x0800553c      0x140 ./Drivers/STM32F4xx_HAL_Driver/Src/stm32f4xx_hal_i2c.o
 .text.I2C_WaitOnTXEFlagUntilTimeout
                0x0800567c       0x90 ./Drivers/STM32F4xx_HAL_Driver/Src/stm32f4xx_hal_i2c.o
 .text.I2C_WaitOnBTFFlagUntilTimeout
                0x0800570c       0x90 ./Drivers/STM32F4xx_HAL_Driver/Src/stm32f4xx_hal_i2c.o
 .text.I2C_IsAcknowledgeFailed
                0x0800579c       0x5e ./Drivers/STM32F4xx_HAL_Driver/Src/stm32f4xx_hal_i2c.o
 *fill*         0x080057fa        0x2 
 .text.HAL_PWR_PVD_IRQHandler
                0x080057fc       0x24 ./Drivers/STM32F4xx_HAL_Driver/Src/stm32f4xx_hal_pwr.o
                0x080057fc                HAL_PWR_PVD_IRQHandler
 .text.HAL_PWR_PVDCallback
                0x08005820        0xe ./Drivers/STM32F4xx_HAL_Driver/Src/stm32f4xx_hal_pwr.o
                0x08005820                HAL_PWR_PVDCallback
 *fill*         0x0800582e        0x2 
 .text.HAL_RCC_OscConfig
                0x08005830      0x4f0 ./Drivers/STM32F4xx_HAL_Driver/Src/stm32f4xx_hal_rcc.o
                0x08005830                HAL_RCC_OscConfig
 .text.HAL_RCC_ClockConfig
                0x08005d20      0x1cc ./Drivers/STM32F4xx_HAL_Driver/Src/stm32f4xx_hal_rcc.o
                0x08005d20                HAL_RCC_ClockConfig
 .text.HAL_RCC_GetSysClockFreq
                0x08005eec      0x20c ./Drivers/STM32F4xx_HAL_Driver/Src/stm32f4xx_hal_rcc.o
                0x08005eec                HAL_RCC_GetSysClockFreq
 .text.HAL_RCC_GetHCLKFreq
                0x080060f8       0x18 ./Drivers/STM32F4xx_HAL_Driver/Src/stm32f4xx_hal_rcc.o
                0x080060f8                HAL_RCC_GetHCLKFreq
 .text.HAL_RCC_GetPCLK1Freq
                0x08006110       0x28 ./Drivers/STM32F4xx_HAL_Driver/Src/stm32f4xx_hal_rcc.o
                0x08006110                HAL_RCC_GetPCLK1Freq
 .text.HAL_RCC_GetPCLK2Freq
                0x08006138       0x28 ./Drivers/STM32F4xx_HAL_Driver/Src/stm32f4xx_hal_rcc.o
                0x08006138                HAL_RCC_GetPCLK2Freq
 .text.HAL_TIM_Base_Init
                0x08006160       0x9e ./Drivers/STM32F4xx_HAL_Driver/Src/stm32f4xx_hal_tim.o
                0x08006160                HAL_TIM_Base_Init
 *fill*         0x080061fe        0x2 
 .text.HAL_TIM_Base_Start
                0x08006200       0xb4 ./Drivers/STM32F4xx_HAL_Driver/Src/stm32f4xx_hal_tim.o
                0x08006200                HAL_TIM_Base_Start
 .text.HAL_TIM_PWM_Init
                0x080062b4       0x9e ./Drivers/STM32F4xx_HAL_Driver/Src/stm32f4xx_hal_tim.o
                0x080062b4                HAL_TIM_PWM_Init
 *fill*         0x08006352        0x2 
 .text.HAL_TIM_PWM_Start
                0x08006354      0x160 ./Drivers/STM32F4xx_HAL_Driver/Src/stm32f4xx_hal_tim.o
                0x08006354                HAL_TIM_PWM_Start
 .text.HAL_TIM_IC_Init
                0x080064b4       0x9e ./Drivers/STM32F4xx_HAL_Driver/Src/stm32f4xx_hal_tim.o
                0x080064b4                HAL_TIM_IC_Init
 *fill*         0x08006552        0x2 
 .text.HAL_TIM_IC_Start_IT
                0x08006554      0x234 ./Drivers/STM32F4xx_HAL_Driver/Src/stm32f4xx_hal_tim.o
                0x08006554                HAL_TIM_IC_Start_IT
 .text.HAL_TIM_IRQHandler
                0x08006788      0x1e0 ./Drivers/STM32F4xx_HAL_Driver/Src/stm32f4xx_hal_tim.o
                0x08006788                HAL_TIM_IRQHandler
 .text.HAL_TIM_IC_ConfigChannel
                0x08006968      0x138 ./Drivers/STM32F4xx_HAL_Driver/Src/stm32f4xx_hal_tim.o
                0x08006968                HAL_TIM_IC_ConfigChannel
 .text.HAL_TIM_PWM_ConfigChannel
                0x08006aa0      0x184 ./Drivers/STM32F4xx_HAL_Driver/Src/stm32f4xx_hal_tim.o
                0x08006aa0                HAL_TIM_PWM_ConfigChannel
 .text.HAL_TIM_SlaveConfigSynchro
                0x08006c24       0x84 ./Drivers/STM32F4xx_HAL_Driver/Src/stm32f4xx_hal_tim.o
                0x08006c24                HAL_TIM_SlaveConfigSynchro
 .text.HAL_TIM_ReadCapturedValue
                0x08006ca8       0x88 ./Drivers/STM32F4xx_HAL_Driver/Src/stm32f4xx_hal_tim.o
                0x08006ca8                HAL_TIM_ReadCapturedValue
 .text.HAL_TIM_PeriodElapsedCallback
                0x08006d30       0x14 ./Drivers/STM32F4xx_HAL_Driver/Src/stm32f4xx_hal_tim.o
                0x08006d30                HAL_TIM_PeriodElapsedCallback
 .text.HAL_TIM_OC_DelayElapsedCallback
                0x08006d44       0x14 ./Drivers/STM32F4xx_HAL_Driver/Src/stm32f4xx_hal_tim.o
                0x08006d44                HAL_TIM_OC_DelayElapsedCallback
 .text.HAL_TIM_PWM_PulseFinishedCallback
                0x08006d58       0x14 ./Drivers/STM32F4xx_HAL_Driver/Src/stm32f4xx_hal_tim.o
                0x08006d58                HAL_TIM_PWM_PulseFinishedCallback
 .text.HAL_TIM_TriggerCallback
                0x08006d6c       0x14 ./Drivers/STM32F4xx_HAL_Driver/Src/stm32f4xx_hal_tim.o
                0x08006d6c                HAL_TIM_TriggerCallback
 .text.TIM_Base_SetConfig
                0x08006d80      0x10c ./Drivers/STM32F4xx_HAL_Driver/Src/stm32f4xx_hal_tim.o
                0x08006d80                TIM_Base_SetConfig
 .text.TIM_OC1_SetConfig
                0x08006e8c       0xcc ./Drivers/STM32F4xx_HAL_Driver/Src/stm32f4xx_hal_tim.o
 .text.TIM_OC2_SetConfig
                0x08006f58       0xd8 ./Drivers/STM32F4xx_HAL_Driver/Src/stm32f4xx_hal_tim.o
                0x08006f58                TIM_OC2_SetConfig
 .text.TIM_OC3_SetConfig
                0x08007030       0xd4 ./Drivers/STM32F4xx_HAL_Driver/Src/stm32f4xx_hal_tim.o
 .text.TIM_OC4_SetConfig
                0x08007104       0xa0 ./Drivers/STM32F4xx_HAL_Driver/Src/stm32f4xx_hal_tim.o
 .text.TIM_SlaveTimer_SetConfig
                0x080071a4      0x122 ./Drivers/STM32F4xx_HAL_Driver/Src/stm32f4xx_hal_tim.o
 *fill*         0x080072c6        0x2 
 .text.TIM_TI1_SetConfig
                0x080072c8       0xd0 ./Drivers/STM32F4xx_HAL_Driver/Src/stm32f4xx_hal_tim.o
                0x080072c8                TIM_TI1_SetConfig
 .text.TIM_TI1_ConfigInputStage
                0x08007398       0x5e ./Drivers/STM32F4xx_HAL_Driver/Src/stm32f4xx_hal_tim.o
 .text.TIM_TI2_SetConfig
                0x080073f6       0x7a ./Drivers/STM32F4xx_HAL_Driver/Src/stm32f4xx_hal_tim.o
 .text.TIM_TI2_ConfigInputStage
                0x08007470       0x60 ./Drivers/STM32F4xx_HAL_Driver/Src/stm32f4xx_hal_tim.o
 .text.TIM_TI3_SetConfig
                0x080074d0       0x78 ./Drivers/STM32F4xx_HAL_Driver/Src/stm32f4xx_hal_tim.o
 .text.TIM_TI4_SetConfig
                0x08007548       0x7a ./Drivers/STM32F4xx_HAL_Driver/Src/stm32f4xx_hal_tim.o
 .text.TIM_ETR_SetConfig
                0x080075c2       0x40 ./Drivers/STM32F4xx_HAL_Driver/Src/stm32f4xx_hal_tim.o
                0x080075c2                TIM_ETR_SetConfig
 .text.TIM_CCxChannelCmd
                0x08007602       0x4a ./Drivers/STM32F4xx_HAL_Driver/Src/stm32f4xx_hal_tim.o
                0x08007602                TIM_CCxChannelCmd
 .text.HAL_TIMEx_MasterConfigSynchronization
                0x0800764c       0xdc ./Drivers/STM32F4xx_HAL_Driver/Src/stm32f4xx_hal_tim_ex.o
                0x0800764c                HAL_TIMEx_MasterConfigSynchronization
 .text.HAL_TIMEx_ConfigBreakDeadTime
                0x08007728       0xa4 ./Drivers/STM32F4xx_HAL_Driver/Src/stm32f4xx_hal_tim_ex.o
                0x08007728                HAL_TIMEx_ConfigBreakDeadTime
 .text.HAL_TIMEx_CommutCallback
                0x080077cc       0x14 ./Drivers/STM32F4xx_HAL_Driver/Src/stm32f4xx_hal_tim_ex.o
                0x080077cc                HAL_TIMEx_CommutCallback
 .text.HAL_TIMEx_BreakCallback
                0x080077e0       0x14 ./Drivers/STM32F4xx_HAL_Driver/Src/stm32f4xx_hal_tim_ex.o
                0x080077e0                HAL_TIMEx_BreakCallback
 .text.HAL_UART_Init
                0x080077f4       0xa0 ./Drivers/STM32F4xx_HAL_Driver/Src/stm32f4xx_hal_uart.o
                0x080077f4                HAL_UART_Init
 .text.HAL_UART_Transmit
                0x08007894      0x116 ./Drivers/STM32F4xx_HAL_Driver/Src/stm32f4xx_hal_uart.o
                0x08007894                HAL_UART_Transmit
 .text.HAL_UART_Transmit_IT
                0x080079aa       0x6c ./Drivers/STM32F4xx_HAL_Driver/Src/stm32f4xx_hal_uart.o
                0x080079aa                HAL_UART_Transmit_IT
 .text.HAL_UART_Receive_IT
                0x08007a16       0x4a ./Drivers/STM32F4xx_HAL_Driver/Src/stm32f4xx_hal_uart.o
                0x08007a16                HAL_UART_Receive_IT
 .text.HAL_UART_IRQHandler
                0x08007a60      0x554 ./Drivers/STM32F4xx_HAL_Driver/Src/stm32f4xx_hal_uart.o
                0x08007a60                HAL_UART_IRQHandler
 .text.HAL_UART_TxCpltCallback
                0x08007fb4       0x14 ./Drivers/STM32F4xx_HAL_Driver/Src/stm32f4xx_hal_uart.o
                0x08007fb4                HAL_UART_TxCpltCallback
 .text.HAL_UART_ErrorCallback
                0x08007fc8       0x14 ./Drivers/STM32F4xx_HAL_Driver/Src/stm32f4xx_hal_uart.o
                0x08007fc8                HAL_UART_ErrorCallback
 .text.HAL_UARTEx_RxEventCallback
                0x08007fdc       0x18 ./Drivers/STM32F4xx_HAL_Driver/Src/stm32f4xx_hal_uart.o
                0x08007fdc                HAL_UARTEx_RxEventCallback
 .text.UART_WaitOnFlagUntilTimeout
                0x08007ff4       0xb2 ./Drivers/STM32F4xx_HAL_Driver/Src/stm32f4xx_hal_uart.o
 .text.UART_Start_Receive_IT
                0x080080a6       0x74 ./Drivers/STM32F4xx_HAL_Driver/Src/stm32f4xx_hal_uart.o
                0x080080a6                UART_Start_Receive_IT
 .text.UART_EndRxTransfer
                0x0800811a       0xc6 ./Drivers/STM32F4xx_HAL_Driver/Src/stm32f4xx_hal_uart.o
 .text.UART_DMAAbortOnError
                0x080081e0       0x22 ./Drivers/STM32F4xx_HAL_Driver/Src/stm32f4xx_hal_uart.o
 .text.UART_Transmit_IT
                0x08008202       0xa0 ./Drivers/STM32F4xx_HAL_Driver/Src/stm32f4xx_hal_uart.o
 .text.UART_EndTransmit_IT
                0x080082a2       0x30 ./Drivers/STM32F4xx_HAL_Driver/Src/stm32f4xx_hal_uart.o
 .text.UART_Receive_IT
                0x080082d2      0x17c ./Drivers/STM32F4xx_HAL_Driver/Src/stm32f4xx_hal_uart.o
 *fill*         0x0800844e        0x2 
 .text.UART_SetConfig
                0x08008450      0x4e8 ./Drivers/STM32F4xx_HAL_Driver/Src/stm32f4xx_hal_uart.o
 .text.snprintf
                0x08008938       0x6c C:/ST/STM32CubeIDE_1.19.0/STM32CubeIDE/plugins/com.st.stm32cube.ide.mcu.externaltools.gnu-tools-for-stm32.13.3.rel1.win32_1.0.0.202411081344/tools/bin/../lib/gcc/arm-none-eabi/13.3.1/../../../../arm-none-eabi/lib/thumb/v7e-m+fp/hard\libc_nano.a(libc_a-snprintf.o)
                0x08008938                sniprintf
                0x08008938                snprintf
 .text.sprintf  0x080089a4       0x44 C:/ST/STM32CubeIDE_1.19.0/STM32CubeIDE/plugins/com.st.stm32cube.ide.mcu.externaltools.gnu-tools-for-stm32.13.3.rel1.win32_1.0.0.202411081344/tools/bin/../lib/gcc/arm-none-eabi/13.3.1/../../../../arm-none-eabi/lib/thumb/v7e-m+fp/hard\libc_nano.a(libc_a-sprintf.o)
                0x080089a4                siprintf
                0x080089a4                sprintf
 .text.memmove  0x080089e8       0x34 C:/ST/STM32CubeIDE_1.19.0/STM32CubeIDE/plugins/com.st.stm32cube.ide.mcu.externaltools.gnu-tools-for-stm32.13.3.rel1.win32_1.0.0.202411081344/tools/bin/../lib/gcc/arm-none-eabi/13.3.1/../../../../arm-none-eabi/lib/thumb/v7e-m+fp/hard\libc_nano.a(libc_a-memmove.o)
                0x080089e8                memmove
 .text.memset   0x08008a1c       0x10 C:/ST/STM32CubeIDE_1.19.0/STM32CubeIDE/plugins/com.st.stm32cube.ide.mcu.externaltools.gnu-tools-for-stm32.13.3.rel1.win32_1.0.0.202411081344/tools/bin/../lib/gcc/arm-none-eabi/13.3.1/../../../../arm-none-eabi/lib/thumb/v7e-m+fp/hard\libc_nano.a(libc_a-memset.o)
                0x08008a1c                memset
 .text.__errno  0x08008a2c        0xc C:/ST/STM32CubeIDE_1.19.0/STM32CubeIDE/plugins/com.st.stm32cube.ide.mcu.externaltools.gnu-tools-for-stm32.13.3.rel1.win32_1.0.0.202411081344/tools/bin/../lib/gcc/arm-none-eabi/13.3.1/../../../../arm-none-eabi/lib/thumb/v7e-m+fp/hard\libc_nano.a(libc_a-errno.o)
                0x08008a2c                __errno
 .text.__libc_init_array
                0x08008a38       0x48 C:/ST/STM32CubeIDE_1.19.0/STM32CubeIDE/plugins/com.st.stm32cube.ide.mcu.externaltools.gnu-tools-for-stm32.13.3.rel1.win32_1.0.0.202411081344/tools/bin/../lib/gcc/arm-none-eabi/13.3.1/../../../../arm-none-eabi/lib/thumb/v7e-m+fp/hard\libc_nano.a(libc_a-init.o)
                0x08008a38                __libc_init_array
 .text.__retarget_lock_acquire_recursive
                0x08008a80        0x2 C:/ST/STM32CubeIDE_1.19.0/STM32CubeIDE/plugins/com.st.stm32cube.ide.mcu.externaltools.gnu-tools-for-stm32.13.3.rel1.win32_1.0.0.202411081344/tools/bin/../lib/gcc/arm-none-eabi/13.3.1/../../../../arm-none-eabi/lib/thumb/v7e-m+fp/hard\libc_nano.a(libc_a-lock.o)
                0x08008a80                __retarget_lock_acquire_recursive
 .text.__retarget_lock_release_recursive
                0x08008a82        0x2 C:/ST/STM32CubeIDE_1.19.0/STM32CubeIDE/plugins/com.st.stm32cube.ide.mcu.externaltools.gnu-tools-for-stm32.13.3.rel1.win32_1.0.0.202411081344/tools/bin/../lib/gcc/arm-none-eabi/13.3.1/../../../../arm-none-eabi/lib/thumb/v7e-m+fp/hard\libc_nano.a(libc_a-lock.o)
                0x08008a82                __retarget_lock_release_recursive
 .text.strcpy   0x08008a84       0x10 C:/ST/STM32CubeIDE_1.19.0/STM32CubeIDE/plugins/com.st.stm32cube.ide.mcu.externaltools.gnu-tools-for-stm32.13.3.rel1.win32_1.0.0.202411081344/tools/bin/../lib/gcc/arm-none-eabi/13.3.1/../../../../arm-none-eabi/lib/thumb/v7e-m+fp/hard\libc_nano.a(libc_a-strcpy.o)
                0x08008a84                strcpy
 .text.memcpy   0x08008a94       0x1c C:/ST/STM32CubeIDE_1.19.0/STM32CubeIDE/plugins/com.st.stm32cube.ide.mcu.externaltools.gnu-tools-for-stm32.13.3.rel1.win32_1.0.0.202411081344/tools/bin/../lib/gcc/arm-none-eabi/13.3.1/../../../../arm-none-eabi/lib/thumb/v7e-m+fp/hard\libc_nano.a(libc_a-memcpy-stub.o)
                0x08008a94                memcpy
 .text._free_r  0x08008ab0       0x94 C:/ST/STM32CubeIDE_1.19.0/STM32CubeIDE/plugins/com.st.stm32cube.ide.mcu.externaltools.gnu-tools-for-stm32.13.3.rel1.win32_1.0.0.202411081344/tools/bin/../lib/gcc/arm-none-eabi/13.3.1/../../../../arm-none-eabi/lib/thumb/v7e-m+fp/hard\libc_nano.a(libc_a-freer.o)
                0x08008ab0                _free_r
 .text.sbrk_aligned
                0x08008b44       0x44 C:/ST/STM32CubeIDE_1.19.0/STM32CubeIDE/plugins/com.st.stm32cube.ide.mcu.externaltools.gnu-tools-for-stm32.13.3.rel1.win32_1.0.0.202411081344/tools/bin/../lib/gcc/arm-none-eabi/13.3.1/../../../../arm-none-eabi/lib/thumb/v7e-m+fp/hard\libc_nano.a(libc_a-mallocr.o)
 .text._malloc_r
                0x08008b88      0x100 C:/ST/STM32CubeIDE_1.19.0/STM32CubeIDE/plugins/com.st.stm32cube.ide.mcu.externaltools.gnu-tools-for-stm32.13.3.rel1.win32_1.0.0.202411081344/tools/bin/../lib/gcc/arm-none-eabi/13.3.1/../../../../arm-none-eabi/lib/thumb/v7e-m+fp/hard\libc_nano.a(libc_a-mallocr.o)
                0x08008b88                _malloc_r
 .text.__malloc_lock
                0x08008c88        0xc C:/ST/STM32CubeIDE_1.19.0/STM32CubeIDE/plugins/com.st.stm32cube.ide.mcu.externaltools.gnu-tools-for-stm32.13.3.rel1.win32_1.0.0.202411081344/tools/bin/../lib/gcc/arm-none-eabi/13.3.1/../../../../arm-none-eabi/lib/thumb/v7e-m+fp/hard\libc_nano.a(libc_a-mlock.o)
                0x08008c88                __malloc_lock
 .text.__malloc_unlock
                0x08008c94        0xc C:/ST/STM32CubeIDE_1.19.0/STM32CubeIDE/plugins/com.st.stm32cube.ide.mcu.externaltools.gnu-tools-for-stm32.13.3.rel1.win32_1.0.0.202411081344/tools/bin/../lib/gcc/arm-none-eabi/13.3.1/../../../../arm-none-eabi/lib/thumb/v7e-m+fp/hard\libc_nano.a(libc_a-mlock.o)
                0x08008c94                __malloc_unlock
 .text.__ssputs_r
                0x08008ca0       0xb6 C:/ST/STM32CubeIDE_1.19.0/STM32CubeIDE/plugins/com.st.stm32cube.ide.mcu.externaltools.gnu-tools-for-stm32.13.3.rel1.win32_1.0.0.202411081344/tools/bin/../lib/gcc/arm-none-eabi/13.3.1/../../../../arm-none-eabi/lib/thumb/v7e-m+fp/hard\libc_nano.a(libc_a-nano-svfprintf.o)
                0x08008ca0                __ssputs_r
 *fill*         0x08008d56        0x2 
 .text._svfprintf_r
                0x08008d58      0x1f8 C:/ST/STM32CubeIDE_1.19.0/STM32CubeIDE/plugins/com.st.stm32cube.ide.mcu.externaltools.gnu-tools-for-stm32.13.3.rel1.win32_1.0.0.202411081344/tools/bin/../lib/gcc/arm-none-eabi/13.3.1/../../../../arm-none-eabi/lib/thumb/v7e-m+fp/hard\libc_nano.a(libc_a-nano-svfprintf.o)
                0x08008d58                _svfiprintf_r
                0x08008d58                _svfprintf_r
 .text._printf_common
                0x08008f50       0xda C:/ST/STM32CubeIDE_1.19.0/STM32CubeIDE/plugins/com.st.stm32cube.ide.mcu.externaltools.gnu-tools-for-stm32.13.3.rel1.win32_1.0.0.202411081344/tools/bin/../lib/gcc/arm-none-eabi/13.3.1/../../../../arm-none-eabi/lib/thumb/v7e-m+fp/hard\libc_nano.a(libc_a-nano-vfprintf_i.o)
                0x08008f50                _printf_common
 *fill*         0x0800902a        0x2 
 .text._printf_i
                0x0800902c      0x23c C:/ST/STM32CubeIDE_1.19.0/STM32CubeIDE/plugins/com.st.stm32cube.ide.mcu.externaltools.gnu-tools-for-stm32.13.3.rel1.win32_1.0.0.202411081344/tools/bin/../lib/gcc/arm-none-eabi/13.3.1/../../../../arm-none-eabi/lib/thumb/v7e-m+fp/hard\libc_nano.a(libc_a-nano-vfprintf_i.o)
                0x0800902c                _printf_i
 .text._sbrk_r  0x08009268       0x20 C:/ST/STM32CubeIDE_1.19.0/STM32CubeIDE/plugins/com.st.stm32cube.ide.mcu.externaltools.gnu-tools-for-stm32.13.3.rel1.win32_1.0.0.202411081344/tools/bin/../lib/gcc/arm-none-eabi/13.3.1/../../../../arm-none-eabi/lib/thumb/v7e-m+fp/hard\libc_nano.a(libc_a-sbrkr.o)
                0x08009268                _sbrk_r
 .text._realloc_r
                0x08009288       0x5c C:/ST/STM32CubeIDE_1.19.0/STM32CubeIDE/plugins/com.st.stm32cube.ide.mcu.externaltools.gnu-tools-for-stm32.13.3.rel1.win32_1.0.0.202411081344/tools/bin/../lib/gcc/arm-none-eabi/13.3.1/../../../../arm-none-eabi/lib/thumb/v7e-m+fp/hard\libc_nano.a(libc_a-reallocr.o)
                0x08009288                _realloc_r
 .text._malloc_usable_size_r
                0x080092e4       0x10 C:/ST/STM32CubeIDE_1.19.0/STM32CubeIDE/plugins/com.st.stm32cube.ide.mcu.externaltools.gnu-tools-for-stm32.13.3.rel1.win32_1.0.0.202411081344/tools/bin/../lib/gcc/arm-none-eabi/13.3.1/../../../../arm-none-eabi/lib/thumb/v7e-m+fp/hard\libc_nano.a(libc_a-msizer.o)
                0x080092e4                _malloc_usable_size_r
 .text.sqrtf    0x080092f4       0x3c C:/ST/STM32CubeIDE_1.19.0/STM32CubeIDE/plugins/com.st.stm32cube.ide.mcu.externaltools.gnu-tools-for-stm32.13.3.rel1.win32_1.0.0.202411081344/tools/bin/../lib/gcc/arm-none-eabi/13.3.1/../../../../arm-none-eabi/lib/thumb/v7e-m+fp/hard\libm.a(libm_a-wf_sqrt.o)
                0x080092f4                sqrtf
 .text.__ieee754_sqrtf
                0x08009330        0x6 C:/ST/STM32CubeIDE_1.19.0/STM32CubeIDE/plugins/com.st.stm32cube.ide.mcu.externaltools.gnu-tools-for-stm32.13.3.rel1.win32_1.0.0.202411081344/tools/bin/../lib/gcc/arm-none-eabi/13.3.1/../../../../arm-none-eabi/lib/thumb/v7e-m+fp/hard\libm.a(libm_a-ef_sqrt.o)
                0x08009330                __ieee754_sqrtf
 *(.glue_7)
 .glue_7        0x08009336        0x0 linker stubs
 *(.glue_7t)
 .glue_7t       0x08009336        0x0 linker stubs
 *(.eh_frame)
 *fill*         0x08009336        0x2 
 .eh_frame      0x08009338        0x0 C:/ST/STM32CubeIDE_1.19.0/STM32CubeIDE/plugins/com.st.stm32cube.ide.mcu.externaltools.gnu-tools-for-stm32.13.3.rel1.win32_1.0.0.202411081344/tools/bin/../lib/gcc/arm-none-eabi/13.3.1/thumb/v7e-m+fp/hard/crtbegin.o
 *(.init)
 .init          0x08009338        0x4 C:/ST/STM32CubeIDE_1.19.0/STM32CubeIDE/plugins/com.st.stm32cube.ide.mcu.externaltools.gnu-tools-for-stm32.13.3.rel1.win32_1.0.0.202411081344/tools/bin/../lib/gcc/arm-none-eabi/13.3.1/thumb/v7e-m+fp/hard/crti.o
                0x08009338                _init
 .init          0x0800933c        0x8 C:/ST/STM32CubeIDE_1.19.0/STM32CubeIDE/plugins/com.st.stm32cube.ide.mcu.externaltools.gnu-tools-for-stm32.13.3.rel1.win32_1.0.0.202411081344/tools/bin/../lib/gcc/arm-none-eabi/13.3.1/thumb/v7e-m+fp/hard/crtn.o
 *(.fini)
 .fini          0x08009344        0x4 C:/ST/STM32CubeIDE_1.19.0/STM32CubeIDE/plugins/com.st.stm32cube.ide.mcu.externaltools.gnu-tools-for-stm32.13.3.rel1.win32_1.0.0.202411081344/tools/bin/../lib/gcc/arm-none-eabi/13.3.1/thumb/v7e-m+fp/hard/crti.o
                0x08009344                _fini
 .fini          0x08009348        0x8 C:/ST/STM32CubeIDE_1.19.0/STM32CubeIDE/plugins/com.st.stm32cube.ide.mcu.externaltools.gnu-tools-for-stm32.13.3.rel1.win32_1.0.0.202411081344/tools/bin/../lib/gcc/arm-none-eabi/13.3.1/thumb/v7e-m+fp/hard/crtn.o
                0x08009350                        . = ALIGN (0x4)
                0x08009350                        _etext = .

.vfp11_veneer   0x08009350        0x0
 .vfp11_veneer  0x08009350        0x0 linker stubs

.v4_bx          0x08009350        0x0
 .v4_bx         0x08009350        0x0 linker stubs

.iplt           0x08009350        0x0
 .iplt          0x08009350        0x0 C:/ST/STM32CubeIDE_1.19.0/STM32CubeIDE/plugins/com.st.stm32cube.ide.mcu.externaltools.gnu-tools-for-stm32.13.3.rel1.win32_1.0.0.202411081344/tools/bin/../lib/gcc/arm-none-eabi/13.3.1/thumb/v7e-m+fp/hard/crtbegin.o

.rodata         0x08009350      0xc84
                0x08009350                        . = ALIGN (0x4)
 *(.rodata)
 .rodata        0x08009350       0x54 ./Core/Src/Accelerometer.o
 .rodata        0x080093a4       0x31 ./Core/Src/DistanceSensor.o
 *fill*         0x080093d5        0x3 
 .rodata        0x080093d8       0x92 ./Core/Src/GPS.o
 *fill*         0x0800946a        0x2 
 .rodata        0x0800946c       0xa7 ./Core/Src/General.o
 *fill*         0x08009513        0x1 
 .rodata        0x08009514       0x11 ./Core/Src/Keypad.o
 *fill*         0x08009525        0x3 
 .rodata        0x08009528       0x2a ./Core/Src/LightSensor.o
 *fill*         0x08009552        0x2 
 .rodata        0x08009554      0x21b ./Core/Src/OLED.o
 *fill*         0x0800976f        0x1 
 .rodata        0x08009770       0x60 ./Core/Src/SD.o
 .rodata        0x080097d0       0x31 ./Core/Src/TempSensor.o
 *fill*         0x08009801        0x3 
 .rodata        0x08009804        0xc ./Core/Src/main.o
 *(.rodata*)
 .rodata.Font7x10
                0x08009810      0x76c ./Core/Src/ssd1306_fonts.o
 .rodata.Font_7x10
                0x08009f7c        0xc ./Core/Src/ssd1306_fonts.o
                0x08009f7c                Font_7x10
 .rodata.AHBPrescTable
                0x08009f88       0x10 ./Core/Src/system_stm32f4xx.o
                0x08009f88                AHBPrescTable
 .rodata.APBPrescTable
                0x08009f98        0x8 ./Core/Src/system_stm32f4xx.o
                0x08009f98                APBPrescTable
 .rodata._svfprintf_r.str1.1
                0x08009fa0       0x33 C:/ST/STM32CubeIDE_1.19.0/STM32CubeIDE/plugins/com.st.stm32cube.ide.mcu.externaltools.gnu-tools-for-stm32.13.3.rel1.win32_1.0.0.202411081344/tools/bin/../lib/gcc/arm-none-eabi/13.3.1/../../../../arm-none-eabi/lib/thumb/v7e-m+fp/hard\libc_nano.a(libc_a-nano-svfprintf.o)
                                 0x11 (size before relaxing)
 .rodata._printf_i.str1.1
                0x08009fd3       0x22 C:/ST/STM32CubeIDE_1.19.0/STM32CubeIDE/plugins/com.st.stm32cube.ide.mcu.externaltools.gnu-tools-for-stm32.13.3.rel1.win32_1.0.0.202411081344/tools/bin/../lib/gcc/arm-none-eabi/13.3.1/../../../../arm-none-eabi/lib/thumb/v7e-m+fp/hard\libc_nano.a(libc_a-nano-vfprintf_i.o)
                0x08009ff8                        . = ALIGN (0x4)
 *fill*         0x08009fd3        0x1 

.ARM.extab      0x08009fd4        0x0
                0x08009fd4                        . = ALIGN (0x4)
 *(.ARM.extab* .gnu.linkonce.armextab.*)
                0x08009fd4                        . = ALIGN (0x4)

.ARM            0x08009fd4        0x8
                0x08009fd4                        . = ALIGN (0x4)
                0x08009fd4                        __exidx_start = .
 *(.ARM.exidx*)
 .ARM.exidx     0x08009fd4        0x8 C:/ST/STM32CubeIDE_1.19.0/STM32CubeIDE/plugins/com.st.stm32cube.ide.mcu.externaltools.gnu-tools-for-stm32.13.3.rel1.win32_1.0.0.202411081344/tools/bin/../lib/gcc/arm-none-eabi/13.3.1/../../../../arm-none-eabi/lib/thumb/v7e-m+fp/hard\libc_nano.a(libc_a-strcmp.o)
 .ARM.exidx     0x08009fdc        0x0 C:/ST/STM32CubeIDE_1.19.0/STM32CubeIDE/plugins/com.st.stm32cube.ide.mcu.externaltools.gnu-tools-for-stm32.13.3.rel1.win32_1.0.0.202411081344/tools/bin/../lib/gcc/arm-none-eabi/13.3.1/../../../../arm-none-eabi/lib/thumb/v7e-m+fp/hard\libc_nano.a(libc_a-strlen.o)
                                  0x8 (size before relaxing)
 .ARM.exidx     0x08009fdc        0x0 C:/ST/STM32CubeIDE_1.19.0/STM32CubeIDE/plugins/com.st.stm32cube.ide.mcu.externaltools.gnu-tools-for-stm32.13.3.rel1.win32_1.0.0.202411081344/tools/bin/../lib/gcc/arm-none-eabi/13.3.1/../../../../arm-none-eabi/lib/thumb/v7e-m+fp/hard\libc_nano.a(libc_a-memchr.o)
                                  0x8 (size before relaxing)
 .ARM.exidx     0x08009fdc        0x0 C:/ST/STM32CubeIDE_1.19.0/STM32CubeIDE/plugins/com.st.stm32cube.ide.mcu.externaltools.gnu-tools-for-stm32.13.3.rel1.win32_1.0.0.202411081344/tools/bin/../lib/gcc/arm-none-eabi/13.3.1/thumb/v7e-m+fp/hard\libgcc.a(_udivmoddi4.o)
                                  0x8 (size before relaxing)
                0x08009fdc                        __exidx_end = .
                0x08009fdc                        . = ALIGN (0x4)

.preinit_array  0x08009fdc        0x0
                0x08009fdc                        . = ALIGN (0x4)
                0x08009fdc                        PROVIDE (__preinit_array_start = .)
 *(.preinit_array*)
                0x08009fdc                        PROVIDE (__preinit_array_end = .)
                0x08009fdc                        . = ALIGN (0x4)

.init_array     0x08009fdc        0x4
                0x08009fdc                        . = ALIGN (0x4)
                0x08009fdc                        PROVIDE (__init_array_start = .)
 *(SORT_BY_NAME(.init_array.*))
 *(.init_array*)
 .init_array    0x08009fdc        0x4 C:/ST/STM32CubeIDE_1.19.0/STM32CubeIDE/plugins/com.st.stm32cube.ide.mcu.externaltools.gnu-tools-for-stm32.13.3.rel1.win32_1.0.0.202411081344/tools/bin/../lib/gcc/arm-none-eabi/13.3.1/thumb/v7e-m+fp/hard/crtbegin.o
                0x08009fe0                        PROVIDE (__init_array_end = .)
                0x08009fe0                        . = ALIGN (0x4)

.fini_array     0x08009fe0        0x4
                0x08009fe0                        . = ALIGN (0x4)
                [!provide]                        PROVIDE (__fini_array_start = .)
 *(SORT_BY_NAME(.fini_array.*))
 *(.fini_array*)
 .fini_array    0x08009fe0        0x4 C:/ST/STM32CubeIDE_1.19.0/STM32CubeIDE/plugins/com.st.stm32cube.ide.mcu.externaltools.gnu-tools-for-stm32.13.3.rel1.win32_1.0.0.202411081344/tools/bin/../lib/gcc/arm-none-eabi/13.3.1/thumb/v7e-m+fp/hard/crtbegin.o
                [!provide]                        PROVIDE (__fini_array_end = .)
                0x08009fe4                        . = ALIGN (0x4)
                0x08009fe4                        _sidata = LOADADDR (.data)

.rel.dyn        0x08009fe4        0x0
 .rel.iplt      0x08009fe4        0x0 C:/ST/STM32CubeIDE_1.19.0/STM32CubeIDE/plugins/com.st.stm32cube.ide.mcu.externaltools.gnu-tools-for-stm32.13.3.rel1.win32_1.0.0.202411081344/tools/bin/../lib/gcc/arm-none-eabi/13.3.1/thumb/v7e-m+fp/hard/crtbegin.o

.data           0x20000000       0xf8 load address 0x08009fe4
                0x20000000                        . = ALIGN (0x4)
                0x20000000                        _sdata = .
 *(.data)
 *(.data*)
 .data.D_ready  0x20000000        0x1 ./Core/Src/DistanceSensor.o
                0x20000000                D_ready
 *fill*         0x20000001        0x3 
 .data.d_last_read
                0x20000004        0x4 ./Core/Src/DistanceSensor.o
                0x20000004                d_last_read
 .data.month    0x20000008        0x1 ./Core/Src/General.o
                0x20000008                month
 .data.day      0x20000009        0x1 ./Core/Src/General.o
                0x20000009                day
 .data.hour     0x2000000a        0x1 ./Core/Src/General.o
                0x2000000a                hour
 .data.minute   0x2000000b        0x1 ./Core/Src/General.o
                0x2000000b                minute
 .data.second   0x2000000c        0x1 ./Core/Src/General.o
                0x2000000c                second
 *fill*         0x2000000d        0x3 
 .data.LEDs     0x20000010       0x10 ./Core/Src/General.o
                0x20000010                LEDs
 .data.currentMenu
                0x20000020        0x4 ./Core/Src/General.o
                0x20000020                currentMenu
 .data.lastSet  0x20000024        0x5 ./Core/Src/General.o
                0x20000024                lastSet
 *fill*         0x20000029        0x3 
 .data.warningMenu
                0x2000002c       0x14 ./Core/Src/General.o
                0x2000002c                warningMenu
 .data.enableCheck
                0x20000040        0x5 ./Core/Src/General.o
                0x20000040                enableCheck
 *fill*         0x20000045        0x3 
 .data.key_selected
                0x20000048        0xc ./Core/Src/Keypad.o
                0x20000048                key_selected
 .data.activeRow
                0x20000054        0x1 ./Core/Src/Keypad.o
 *fill*         0x20000055        0x3 
 .data.STR_MEAS_HEADER
                0x20000058        0x4 ./Core/Src/OLED.o
                0x20000058                STR_MEAS_HEADER
 .data.STR_DATA_HEADER
                0x2000005c        0x4 ./Core/Src/OLED.o
                0x2000005c                STR_DATA_HEADER
 .data.STR_DIAG_HEADER
                0x20000060        0x4 ./Core/Src/OLED.o
                0x20000060                STR_DIAG_HEADER
 .data.STR_DIAG_SUB_HEADER
                0x20000064        0x4 ./Core/Src/OLED.o
                0x20000064                STR_DIAG_SUB_HEADER
 .data.STR_WARN_HEADER
                0x20000068        0x4 ./Core/Src/OLED.o
                0x20000068                STR_WARN_HEADER
 .data.STR_PRESS_DISPLAY
                0x2000006c        0x4 ./Core/Src/OLED.o
                0x2000006c                STR_PRESS_DISPLAY
 .data.STR_S3_CHANGE
                0x20000070        0x4 ./Core/Src/OLED.o
                0x20000070                STR_S3_CHANGE
 .data.STR_S3_ACCEPT
                0x20000074        0x4 ./Core/Src/OLED.o
                0x20000074                STR_S3_ACCEPT
 .data.STR_SD_OK
                0x20000078        0x4 ./Core/Src/OLED.o
                0x20000078                STR_SD_OK
 .data.STR_SD_FAIL
                0x2000007c        0x4 ./Core/Src/OLED.o
                0x2000007c                STR_SD_FAIL
 .data.STR_GPS_OK
                0x20000080        0x4 ./Core/Src/OLED.o
                0x20000080                STR_GPS_OK
 .data.STR_GPS_FAIL
                0x20000084        0x4 ./Core/Src/OLED.o
                0x20000084                STR_GPS_FAIL
 .data.STR_MPU_OK
                0x20000088        0x4 ./Core/Src/OLED.o
                0x20000088                STR_MPU_OK
 .data.STR_MPU_FAIL
                0x2000008c        0x4 ./Core/Src/OLED.o
                0x2000008c                STR_MPU_FAIL
 .data.STR_LOG_ENABLED
                0x20000090        0x4 ./Core/Src/OLED.o
                0x20000090                STR_LOG_ENABLED
 .data.STR_LOG_DISABLED
                0x20000094        0x4 ./Core/Src/OLED.o
                0x20000094                STR_LOG_DISABLED
 .data.lastTempWarning
                0x20000098        0x4 ./Core/Src/TempSensor.o
                0x20000098                lastTempWarning
 .data.SystemCoreClock
                0x2000009c        0x4 ./Core/Src/system_stm32f4xx.o
                0x2000009c                SystemCoreClock
 .data.uwTickPrio
                0x200000a0        0x4 ./Drivers/STM32F4xx_HAL_Driver/Src/stm32f4xx_hal.o
                0x200000a0                uwTickPrio
 .data.uwTickFreq
                0x200000a4        0x1 ./Drivers/STM32F4xx_HAL_Driver/Src/stm32f4xx_hal.o
                0x200000a4                uwTickFreq
 *fill*         0x200000a5        0x3 
 .data._impure_ptr
                0x200000a8        0x4 C:/ST/STM32CubeIDE_1.19.0/STM32CubeIDE/plugins/com.st.stm32cube.ide.mcu.externaltools.gnu-tools-for-stm32.13.3.rel1.win32_1.0.0.202411081344/tools/bin/../lib/gcc/arm-none-eabi/13.3.1/../../../../arm-none-eabi/lib/thumb/v7e-m+fp/hard\libc_nano.a(libc_a-impure.o)
                0x200000a8                _impure_ptr
 .data._impure_data
                0x200000ac       0x4c C:/ST/STM32CubeIDE_1.19.0/STM32CubeIDE/plugins/com.st.stm32cube.ide.mcu.externaltools.gnu-tools-for-stm32.13.3.rel1.win32_1.0.0.202411081344/tools/bin/../lib/gcc/arm-none-eabi/13.3.1/../../../../arm-none-eabi/lib/thumb/v7e-m+fp/hard\libc_nano.a(libc_a-impure.o)
                0x200000ac                _impure_data
 *(.RamFunc)
 *(.RamFunc*)
                0x200000f8                        . = ALIGN (0x4)
                0x200000f8                        _edata = .

.igot.plt       0x200000f8        0x0 load address 0x0800a0dc
 .igot.plt      0x200000f8        0x0 C:/ST/STM32CubeIDE_1.19.0/STM32CubeIDE/plugins/com.st.stm32cube.ide.mcu.externaltools.gnu-tools-for-stm32.13.3.rel1.win32_1.0.0.202411081344/tools/bin/../lib/gcc/arm-none-eabi/13.3.1/thumb/v7e-m+fp/hard/crtbegin.o
                0x200000f8                        . = ALIGN (0x4)

.bss            0x200000f8      0xad4 load address 0x0800a0dc
                0x200000f8                        _sbss = .
                0x200000f8                        __bss_start__ = _sbss
 *(.bss)
 .bss           0x200000f8       0x1c C:/ST/STM32CubeIDE_1.19.0/STM32CubeIDE/plugins/com.st.stm32cube.ide.mcu.externaltools.gnu-tools-for-stm32.13.3.rel1.win32_1.0.0.202411081344/tools/bin/../lib/gcc/arm-none-eabi/13.3.1/thumb/v7e-m+fp/hard/crtbegin.o
 *(.bss*)
 .bss.x_accel   0x20000114        0x4 ./Core/Src/Accelerometer.o
                0x20000114                x_accel
 .bss.y_accel   0x20000118        0x4 ./Core/Src/Accelerometer.o
                0x20000118                y_accel
 .bss.z_accel   0x2000011c        0x4 ./Core/Src/Accelerometer.o
                0x2000011c                z_accel
 .bss.MPU_OK    0x20000120        0x1 ./Core/Src/Accelerometer.o
                0x20000120                MPU_OK
 *fill*         0x20000121        0x3 
 .bss.start_count
                0x20000124        0x4 ./Core/Src/DistanceSensor.o
                0x20000124                start_count
 .bss.finish_count
                0x20000128        0x4 ./Core/Src/DistanceSensor.o
                0x20000128                finish_count
 .bss.D_RISING  0x2000012c        0x1 ./Core/Src/DistanceSensor.o
                0x2000012c                D_RISING
 .bss.counting_distance
                0x2000012d        0x1 ./Core/Src/DistanceSensor.o
                0x2000012d                counting_distance
 *fill*         0x2000012e        0x2 
 .bss.trig_down_tick
                0x20000130        0x4 ./Core/Src/DistanceSensor.o
                0x20000130                trig_down_tick
 .bss.start_trigger_count
                0x20000134        0x4 ./Core/Src/DistanceSensor.o
                0x20000134                start_trigger_count
 .bss.current_distance
                0x20000138        0x4 ./Core/Src/DistanceSensor.o
                0x20000138                current_distance
 .bss.str_dist  0x2000013c        0xa ./Core/Src/DistanceSensor.o
                0x2000013c                str_dist
 *fill*         0x20000146        0x2 
 .bss.gps_lat   0x20000148        0x4 ./Core/Src/GPS.o
                0x20000148                gps_lat
 .bss.gps_long  0x2000014c        0x4 ./Core/Src/GPS.o
                0x2000014c                gps_long
 .bss.heading   0x20000150        0x4 ./Core/Src/GPS.o
                0x20000150                heading
 .bss.str_lat   0x20000154        0xc ./Core/Src/GPS.o
                0x20000154                str_lat
 .bss.str_long  0x20000160        0xc ./Core/Src/GPS.o
                0x20000160                str_long
 .bss.str_head  0x2000016c        0xc ./Core/Src/GPS.o
                0x2000016c                str_head
 .bss.str_speed
                0x20000178        0xc ./Core/Src/GPS.o
                0x20000178                str_speed
 .bss.GPS_OK    0x20000184        0x1 ./Core/Src/GPS.o
                0x20000184                GPS_OK
 *fill*         0x20000185        0x3 
 .bss.triggerTick
                0x20000188       0x18 ./Core/Src/General.o
                0x20000188                triggerTick
 .bss.triggerDetected
                0x200001a0        0x6 ./Core/Src/General.o
                0x200001a0                triggerDetected
 *fill*         0x200001a6        0x2 
 .bss.rowTick   0x200001a8       0x10 ./Core/Src/General.o
                0x200001a8                rowTick
 .bss.rowDetected
                0x200001b8        0x4 ./Core/Src/General.o
                0x200001b8                rowDetected
 .bss.rx_byte   0x200001bc        0x1 ./Core/Src/General.o
                0x200001bc                rx_byte
 *fill*         0x200001bd        0x3 
 .bss.command_str
                0x200001c0       0x32 ./Core/Src/General.o
                0x200001c0                command_str
 .bss.command_index
                0x200001f2        0x1 ./Core/Src/General.o
                0x200001f2                command_index
 .bss.transmitting_message
                0x200001f3        0x1 ./Core/Src/General.o
                0x200001f3                transmitting_message
 .bss.message_ready
                0x200001f4        0x1 ./Core/Src/General.o
                0x200001f4                message_ready
 .bss.command_ready
                0x200001f5        0x1 ./Core/Src/General.o
                0x200001f5                command_ready
 *fill*         0x200001f6        0x2 
 .bss.display_buffer
                0x200001f8      0x190 ./Core/Src/General.o
 .bss.editing_fuel
                0x20000388        0x1 ./Core/Src/General.o
                0x20000388                editing_fuel
 .bss.editing_km
                0x20000389        0x1 ./Core/Src/General.o
                0x20000389                editing_km
 *fill*         0x2000038a        0x2 
 .bss.old_fuel  0x2000038c        0x4 ./Core/Src/General.o
                0x2000038c                old_fuel
 .bss.new_fuel  0x20000390        0x4 ./Core/Src/General.o
                0x20000390                new_fuel
 .bss.old_distance_ODO
                0x20000394        0x4 ./Core/Src/General.o
                0x20000394                old_distance_ODO
 .bss.new_distance_ODO
                0x20000398        0x4 ./Core/Src/General.o
                0x20000398                new_distance_ODO
 .bss.numSet    0x2000039c        0x1 ./Core/Src/General.o
                0x2000039c                numSet
 *fill*         0x2000039d        0x3 
 .bss.key_buffer
                0x200003a0       0x28 ./Core/Src/Keypad.o
 .bss.current_light
                0x200003c8        0x4 ./Core/Src/LightSensor.o
                0x200003c8                current_light
 .bss.str_light
                0x200003cc        0xa ./Core/Src/LightSensor.o
                0x200003cc                str_light
 *fill*         0x200003d6        0x2 
 .bss.Display_main
                0x200003d8       0x18 ./Core/Src/OLED.o
                0x200003d8                Display_main
 .bss.Display_1
                0x200003f0       0x18 ./Core/Src/OLED.o
                0x200003f0                Display_1
 .bss.Display_2
                0x20000408       0x18 ./Core/Src/OLED.o
                0x20000408                Display_2
 .bss.Display_3
                0x20000420       0x18 ./Core/Src/OLED.o
                0x20000420                Display_3
 .bss.Display_4
                0x20000438       0x18 ./Core/Src/OLED.o
                0x20000438                Display_4
 .bss.Display_5
                0x20000450       0x18 ./Core/Src/OLED.o
                0x20000450                Display_5
 .bss.Data_main
                0x20000468       0x18 ./Core/Src/OLED.o
                0x20000468                Data_main
 .bss.Data_1    0x20000480       0x18 ./Core/Src/OLED.o
                0x20000480                Data_1
 .bss.Data_2    0x20000498       0x18 ./Core/Src/OLED.o
                0x20000498                Data_2
 .bss.Data_3    0x200004b0       0x18 ./Core/Src/OLED.o
                0x200004b0                Data_3
 .bss.Diagnostics_main
                0x200004c8       0x18 ./Core/Src/OLED.o
                0x200004c8                Diagnostics_main
 .bss.Diagnostics_1
                0x200004e0       0x18 ./Core/Src/OLED.o
                0x200004e0                Diagnostics_1
 .bss.Diagnostics_2
                0x200004f8       0x18 ./Core/Src/OLED.o
                0x200004f8                Diagnostics_2
 .bss.Diagnostics_3
                0x20000510       0x18 ./Core/Src/OLED.o
                0x20000510                Diagnostics_3
 .bss.Diagnostics_4
                0x20000528       0x18 ./Core/Src/OLED.o
                0x20000528                Diagnostics_4
 .bss.Warn_UnsafeDriving
                0x20000540       0x18 ./Core/Src/OLED.o
                0x20000540                Warn_UnsafeDriving
 .bss.Warn_Proximity
                0x20000558       0x18 ./Core/Src/OLED.o
                0x20000558                Warn_Proximity
 .bss.Warn_Light
                0x20000570       0x18 ./Core/Src/OLED.o
                0x20000570                Warn_Light
 .bss.Warn_Temp
                0x20000588       0x18 ./Core/Src/OLED.o
                0x20000588                Warn_Temp
 .bss.Warn_Impact
                0x200005a0       0x18 ./Core/Src/OLED.o
                0x200005a0                Warn_Impact
 .bss.S3_STATE  0x200005b8       0x12 ./Core/Src/OLED.o
                0x200005b8                S3_STATE
 *fill*         0x200005ca        0x2 
 .bss.LOG_STATE
                0x200005cc       0x12 ./Core/Src/OLED.o
                0x200005cc                LOG_STATE
 *fill*         0x200005de        0x2 
 .bss.SD_DIAG   0x200005e0       0x12 ./Core/Src/OLED.o
                0x200005e0                SD_DIAG
 *fill*         0x200005f2        0x2 
 .bss.GPS_DIAG  0x200005f4       0x12 ./Core/Src/OLED.o
                0x200005f4                GPS_DIAG
 *fill*         0x20000606        0x2 
 .bss.MPU_DIAG  0x20000608       0x12 ./Core/Src/OLED.o
                0x20000608                MPU_DIAG
 *fill*         0x2000061a        0x2 
 .bss.str_km_l  0x2000061c        0xc ./Core/Src/SD.o
                0x2000061c                str_km_l
 .bss.str_l_100km
                0x20000628        0xf ./Core/Src/SD.o
                0x20000628                str_l_100km
 *fill*         0x20000637        0x1 
 .bss.fuel      0x20000638        0x4 ./Core/Src/SD.o
                0x20000638                fuel
 .bss.distance  0x2000063c        0x4 ./Core/Src/SD.o
                0x2000063c                distance
 .bss.log_data  0x20000640        0x1 ./Core/Src/SD.o
                0x20000640                log_data
 .bss.SD_OK     0x20000641        0x1 ./Core/Src/SD.o
                0x20000641                SD_OK
 *fill*         0x20000642        0x2 
 .bss.first_pulse_tick
                0x20000644        0x4 ./Core/Src/TempSensor.o
                0x20000644                first_pulse_tick
 .bss.pulse_count
                0x20000648        0x4 ./Core/Src/TempSensor.o
                0x20000648                pulse_count
 .bss.counting_temp
                0x2000064c        0x1 ./Core/Src/TempSensor.o
                0x2000064c                counting_temp
 *fill*         0x2000064d        0x3 
 .bss.averaged_tempC
                0x20000650        0x4 ./Core/Src/TempSensor.o
                0x20000650                averaged_tempC
 .bss.raw_tempC
                0x20000654        0x4 ./Core/Src/TempSensor.o
                0x20000654                raw_tempC
 .bss.t_samples
                0x20000658       0x1c ./Core/Src/TempSensor.o
                0x20000658                t_samples
 .bss.t_sample_index
                0x20000674        0x1 ./Core/Src/TempSensor.o
                0x20000674                t_sample_index
 .bss.temp_alarm_enabled
                0x20000675        0x1 ./Core/Src/TempSensor.o
                0x20000675                temp_alarm_enabled
 .bss.high_temp_warning
                0x20000676        0x1 ./Core/Src/TempSensor.o
                0x20000676                high_temp_warning
 *fill*         0x20000677        0x1 
 .bss.str_temp  0x20000678        0xa ./Core/Src/TempSensor.o
                0x20000678                str_temp
 *fill*         0x20000682        0x2 
 .bss.hi2c1     0x20000684       0x54 ./Core/Src/main.o
                0x20000684                hi2c1
 .bss.htim1     0x200006d8       0x48 ./Core/Src/main.o
                0x200006d8                htim1
 .bss.htim2     0x20000720       0x48 ./Core/Src/main.o
                0x20000720                htim2
 .bss.htim3     0x20000768       0x48 ./Core/Src/main.o
                0x20000768                htim3
 .bss.htim4     0x200007b0       0x48 ./Core/Src/main.o
                0x200007b0                htim4
 .bss.huart2    0x200007f8       0x48 ./Core/Src/main.o
                0x200007f8                huart2
 .bss.tx_buffer
                0x20000840       0x32 ./Core/Src/main.o
                0x20000840                tx_buffer
 *fill*         0x20000872        0x2 
 .bss.SSD1306_Buffer
                0x20000874      0x200 ./Core/Src/ssd1306.o
 .bss.SSD1306   0x20000a74        0x6 ./Core/Src/ssd1306.o
 *fill*         0x20000a7a        0x2 
 .bss.__sbrk_heap_end
                0x20000a7c        0x4 ./Core/Src/sysmem.o
 .bss.uwTick    0x20000a80        0x4 ./Drivers/STM32F4xx_HAL_Driver/Src/stm32f4xx_hal.o
                0x20000a80                uwTick
 .bss.__sf      0x20000a84      0x138 C:/ST/STM32CubeIDE_1.19.0/STM32CubeIDE/plugins/com.st.stm32cube.ide.mcu.externaltools.gnu-tools-for-stm32.13.3.rel1.win32_1.0.0.202411081344/tools/bin/../lib/gcc/arm-none-eabi/13.3.1/../../../../arm-none-eabi/lib/thumb/v7e-m+fp/hard\libc_nano.a(libc_a-findfp.o)
                0x20000a84                __sf
 .bss.errno     0x20000bbc        0x4 C:/ST/STM32CubeIDE_1.19.0/STM32CubeIDE/plugins/com.st.stm32cube.ide.mcu.externaltools.gnu-tools-for-stm32.13.3.rel1.win32_1.0.0.202411081344/tools/bin/../lib/gcc/arm-none-eabi/13.3.1/../../../../arm-none-eabi/lib/thumb/v7e-m+fp/hard\libc_nano.a(libc_a-reent.o)
                0x20000bbc                errno
 .bss.__lock___malloc_recursive_mutex
                0x20000bc0        0x1 C:/ST/STM32CubeIDE_1.19.0/STM32CubeIDE/plugins/com.st.stm32cube.ide.mcu.externaltools.gnu-tools-for-stm32.13.3.rel1.win32_1.0.0.202411081344/tools/bin/../lib/gcc/arm-none-eabi/13.3.1/../../../../arm-none-eabi/lib/thumb/v7e-m+fp/hard\libc_nano.a(libc_a-lock.o)
                0x20000bc0                __lock___malloc_recursive_mutex
 *fill*         0x20000bc1        0x3 
 .bss.__malloc_sbrk_start
                0x20000bc4        0x4 C:/ST/STM32CubeIDE_1.19.0/STM32CubeIDE/plugins/com.st.stm32cube.ide.mcu.externaltools.gnu-tools-for-stm32.13.3.rel1.win32_1.0.0.202411081344/tools/bin/../lib/gcc/arm-none-eabi/13.3.1/../../../../arm-none-eabi/lib/thumb/v7e-m+fp/hard\libc_nano.a(libc_a-mallocr.o)
                0x20000bc4                __malloc_sbrk_start
 .bss.__malloc_free_list
                0x20000bc8        0x4 C:/ST/STM32CubeIDE_1.19.0/STM32CubeIDE/plugins/com.st.stm32cube.ide.mcu.externaltools.gnu-tools-for-stm32.13.3.rel1.win32_1.0.0.202411081344/tools/bin/../lib/gcc/arm-none-eabi/13.3.1/../../../../arm-none-eabi/lib/thumb/v7e-m+fp/hard\libc_nano.a(libc_a-mallocr.o)
                0x20000bc8                __malloc_free_list
 *(COMMON)
                0x20000bcc                        . = ALIGN (0x4)
                0x20000bcc                        _ebss = .
                0x20000bcc                        __bss_end__ = _ebss

._user_heap_stack
                0x20000bcc      0x604 load address 0x0800a0dc
                0x20000bd0                        . = ALIGN (0x8)
 *fill*         0x20000bcc        0x4 
                [!provide]                        PROVIDE (end = .)
                0x20000bd0                        PROVIDE (_end = .)
                0x20000dd0                        . = (. + _Min_Heap_Size)
 *fill*         0x20000bd0      0x200 
                0x200011d0                        . = (. + _Min_Stack_Size)
 *fill*         0x20000dd0      0x400 
                0x200011d0                        . = ALIGN (0x8)

/DISCARD/
 libc.a(*)
 libm.a(*)
 libgcc.a(*)

.ARM.attributes
                0x00000000       0x30
 *(.ARM.attributes)
 .ARM.attributes
                0x00000000       0x22 C:/ST/STM32CubeIDE_1.19.0/STM32CubeIDE/plugins/com.st.stm32cube.ide.mcu.externaltools.gnu-tools-for-stm32.13.3.rel1.win32_1.0.0.202411081344/tools/bin/../lib/gcc/arm-none-eabi/13.3.1/thumb/v7e-m+fp/hard/crti.o
 .ARM.attributes
                0x00000022       0x34 C:/ST/STM32CubeIDE_1.19.0/STM32CubeIDE/plugins/com.st.stm32cube.ide.mcu.externaltools.gnu-tools-for-stm32.13.3.rel1.win32_1.0.0.202411081344/tools/bin/../lib/gcc/arm-none-eabi/13.3.1/thumb/v7e-m+fp/hard/crtbegin.o
 .ARM.attributes
                0x00000056       0x34 ./Core/Src/Accelerometer.o
 .ARM.attributes
                0x0000008a       0x34 ./Core/Src/DistanceSensor.o
 .ARM.attributes
                0x000000be       0x34 ./Core/Src/GPS.o
 .ARM.attributes
                0x000000f2       0x34 ./Core/Src/General.o
 .ARM.attributes
                0x00000126       0x34 ./Core/Src/Keypad.o
 .ARM.attributes
                0x0000015a       0x34 ./Core/Src/LightSensor.o
 .ARM.attributes
                0x0000018e       0x34 ./Core/Src/OLED.o
 .ARM.attributes
                0x000001c2       0x34 ./Core/Src/SD.o
 .ARM.attributes
                0x000001f6       0x34 ./Core/Src/TempSensor.o
 .ARM.attributes
                0x0000022a       0x34 ./Core/Src/main.o
 .ARM.attributes
                0x0000025e       0x34 ./Core/Src/ssd1306.o
 .ARM.attributes
                0x00000292       0x34 ./Core/Src/ssd1306_fonts.o
 .ARM.attributes
                0x000002c6       0x34 ./Core/Src/stm32f4xx_hal_msp.o
 .ARM.attributes
                0x000002fa       0x34 ./Core/Src/stm32f4xx_it.o
 .ARM.attributes
                0x0000032e       0x34 ./Core/Src/sysmem.o
 .ARM.attributes
                0x00000362       0x34 ./Core/Src/system_stm32f4xx.o
 .ARM.attributes
                0x00000396       0x21 ./Core/Startup/startup_stm32f411retx.o
 .ARM.attributes
                0x000003b7       0x34 ./Drivers/STM32F4xx_HAL_Driver/Src/stm32f4xx_hal.o
 .ARM.attributes
                0x000003eb       0x34 ./Drivers/STM32F4xx_HAL_Driver/Src/stm32f4xx_hal_cortex.o
 .ARM.attributes
                0x0000041f       0x34 ./Drivers/STM32F4xx_HAL_Driver/Src/stm32f4xx_hal_dma.o
 .ARM.attributes
                0x00000453       0x34 ./Drivers/STM32F4xx_HAL_Driver/Src/stm32f4xx_hal_gpio.o
 .ARM.attributes
                0x00000487       0x34 ./Drivers/STM32F4xx_HAL_Driver/Src/stm32f4xx_hal_i2c.o
 .ARM.attributes
                0x000004bb       0x34 ./Drivers/STM32F4xx_HAL_Driver/Src/stm32f4xx_hal_pwr.o
 .ARM.attributes
                0x000004ef       0x34 ./Drivers/STM32F4xx_HAL_Driver/Src/stm32f4xx_hal_rcc.o
 .ARM.attributes
                0x00000523       0x34 ./Drivers/STM32F4xx_HAL_Driver/Src/stm32f4xx_hal_tim.o
 .ARM.attributes
                0x00000557       0x34 ./Drivers/STM32F4xx_HAL_Driver/Src/stm32f4xx_hal_tim_ex.o
 .ARM.attributes
                0x0000058b       0x34 ./Drivers/STM32F4xx_HAL_Driver/Src/stm32f4xx_hal_uart.o
 .ARM.attributes
                0x000005bf       0x34 C:/ST/STM32CubeIDE_1.19.0/STM32CubeIDE/plugins/com.st.stm32cube.ide.mcu.externaltools.gnu-tools-for-stm32.13.3.rel1.win32_1.0.0.202411081344/tools/bin/../lib/gcc/arm-none-eabi/13.3.1/../../../../arm-none-eabi/lib/thumb/v7e-m+fp/hard\libc_nano.a(libc_a-findfp.o)
 .ARM.attributes
                0x000005f3       0x34 C:/ST/STM32CubeIDE_1.19.0/STM32CubeIDE/plugins/com.st.stm32cube.ide.mcu.externaltools.gnu-tools-for-stm32.13.3.rel1.win32_1.0.0.202411081344/tools/bin/../lib/gcc/arm-none-eabi/13.3.1/../../../../arm-none-eabi/lib/thumb/v7e-m+fp/hard\libc_nano.a(libc_a-snprintf.o)
 .ARM.attributes
                0x00000627       0x34 C:/ST/STM32CubeIDE_1.19.0/STM32CubeIDE/plugins/com.st.stm32cube.ide.mcu.externaltools.gnu-tools-for-stm32.13.3.rel1.win32_1.0.0.202411081344/tools/bin/../lib/gcc/arm-none-eabi/13.3.1/../../../../arm-none-eabi/lib/thumb/v7e-m+fp/hard\libc_nano.a(libc_a-sprintf.o)
 .ARM.attributes
                0x0000065b       0x34 C:/ST/STM32CubeIDE_1.19.0/STM32CubeIDE/plugins/com.st.stm32cube.ide.mcu.externaltools.gnu-tools-for-stm32.13.3.rel1.win32_1.0.0.202411081344/tools/bin/../lib/gcc/arm-none-eabi/13.3.1/../../../../arm-none-eabi/lib/thumb/v7e-m+fp/hard\libc_nano.a(libc_a-memmove.o)
 .ARM.attributes
                0x0000068f       0x34 C:/ST/STM32CubeIDE_1.19.0/STM32CubeIDE/plugins/com.st.stm32cube.ide.mcu.externaltools.gnu-tools-for-stm32.13.3.rel1.win32_1.0.0.202411081344/tools/bin/../lib/gcc/arm-none-eabi/13.3.1/../../../../arm-none-eabi/lib/thumb/v7e-m+fp/hard\libc_nano.a(libc_a-memset.o)
 .ARM.attributes
                0x000006c3       0x34 C:/ST/STM32CubeIDE_1.19.0/STM32CubeIDE/plugins/com.st.stm32cube.ide.mcu.externaltools.gnu-tools-for-stm32.13.3.rel1.win32_1.0.0.202411081344/tools/bin/../lib/gcc/arm-none-eabi/13.3.1/../../../../arm-none-eabi/lib/thumb/v7e-m+fp/hard\libc_nano.a(libc_a-reent.o)
 .ARM.attributes
                0x000006f7       0x34 C:/ST/STM32CubeIDE_1.19.0/STM32CubeIDE/plugins/com.st.stm32cube.ide.mcu.externaltools.gnu-tools-for-stm32.13.3.rel1.win32_1.0.0.202411081344/tools/bin/../lib/gcc/arm-none-eabi/13.3.1/../../../../arm-none-eabi/lib/thumb/v7e-m+fp/hard\libc_nano.a(libc_a-impure.o)
 .ARM.attributes
                0x0000072b       0x34 C:/ST/STM32CubeIDE_1.19.0/STM32CubeIDE/plugins/com.st.stm32cube.ide.mcu.externaltools.gnu-tools-for-stm32.13.3.rel1.win32_1.0.0.202411081344/tools/bin/../lib/gcc/arm-none-eabi/13.3.1/../../../../arm-none-eabi/lib/thumb/v7e-m+fp/hard\libc_nano.a(libc_a-errno.o)
 .ARM.attributes
                0x0000075f       0x34 C:/ST/STM32CubeIDE_1.19.0/STM32CubeIDE/plugins/com.st.stm32cube.ide.mcu.externaltools.gnu-tools-for-stm32.13.3.rel1.win32_1.0.0.202411081344/tools/bin/../lib/gcc/arm-none-eabi/13.3.1/../../../../arm-none-eabi/lib/thumb/v7e-m+fp/hard\libc_nano.a(libc_a-init.o)
 .ARM.attributes
                0x00000793       0x34 C:/ST/STM32CubeIDE_1.19.0/STM32CubeIDE/plugins/com.st.stm32cube.ide.mcu.externaltools.gnu-tools-for-stm32.13.3.rel1.win32_1.0.0.202411081344/tools/bin/../lib/gcc/arm-none-eabi/13.3.1/../../../../arm-none-eabi/lib/thumb/v7e-m+fp/hard\libc_nano.a(libc_a-lock.o)
 .ARM.attributes
                0x000007c7       0x20 C:/ST/STM32CubeIDE_1.19.0/STM32CubeIDE/plugins/com.st.stm32cube.ide.mcu.externaltools.gnu-tools-for-stm32.13.3.rel1.win32_1.0.0.202411081344/tools/bin/../lib/gcc/arm-none-eabi/13.3.1/../../../../arm-none-eabi/lib/thumb/v7e-m+fp/hard\libc_nano.a(libc_a-strcmp.o)
 .ARM.attributes
                0x000007e7       0x34 C:/ST/STM32CubeIDE_1.19.0/STM32CubeIDE/plugins/com.st.stm32cube.ide.mcu.externaltools.gnu-tools-for-stm32.13.3.rel1.win32_1.0.0.202411081344/tools/bin/../lib/gcc/arm-none-eabi/13.3.1/../../../../arm-none-eabi/lib/thumb/v7e-m+fp/hard\libc_nano.a(libc_a-strcpy.o)
 .ARM.attributes
                0x0000081b       0x34 C:/ST/STM32CubeIDE_1.19.0/STM32CubeIDE/plugins/com.st.stm32cube.ide.mcu.externaltools.gnu-tools-for-stm32.13.3.rel1.win32_1.0.0.202411081344/tools/bin/../lib/gcc/arm-none-eabi/13.3.1/../../../../arm-none-eabi/lib/thumb/v7e-m+fp/hard\libc_nano.a(libc_a-memcpy-stub.o)
 .ARM.attributes
                0x0000084f       0x17 C:/ST/STM32CubeIDE_1.19.0/STM32CubeIDE/plugins/com.st.stm32cube.ide.mcu.externaltools.gnu-tools-for-stm32.13.3.rel1.win32_1.0.0.202411081344/tools/bin/../lib/gcc/arm-none-eabi/13.3.1/../../../../arm-none-eabi/lib/thumb/v7e-m+fp/hard\libc_nano.a(libc_a-strlen.o)
 .ARM.attributes
                0x00000866       0x34 C:/ST/STM32CubeIDE_1.19.0/STM32CubeIDE/plugins/com.st.stm32cube.ide.mcu.externaltools.gnu-tools-for-stm32.13.3.rel1.win32_1.0.0.202411081344/tools/bin/../lib/gcc/arm-none-eabi/13.3.1/../../../../arm-none-eabi/lib/thumb/v7e-m+fp/hard\libc_nano.a(libc_a-freer.o)
 .ARM.attributes
                0x0000089a       0x34 C:/ST/STM32CubeIDE_1.19.0/STM32CubeIDE/plugins/com.st.stm32cube.ide.mcu.externaltools.gnu-tools-for-stm32.13.3.rel1.win32_1.0.0.202411081344/tools/bin/../lib/gcc/arm-none-eabi/13.3.1/../../../../arm-none-eabi/lib/thumb/v7e-m+fp/hard\libc_nano.a(libc_a-mallocr.o)
 .ARM.attributes
                0x000008ce       0x34 C:/ST/STM32CubeIDE_1.19.0/STM32CubeIDE/plugins/com.st.stm32cube.ide.mcu.externaltools.gnu-tools-for-stm32.13.3.rel1.win32_1.0.0.202411081344/tools/bin/../lib/gcc/arm-none-eabi/13.3.1/../../../../arm-none-eabi/lib/thumb/v7e-m+fp/hard\libc_nano.a(libc_a-mlock.o)
 .ARM.attributes
                0x00000902       0x34 C:/ST/STM32CubeIDE_1.19.0/STM32CubeIDE/plugins/com.st.stm32cube.ide.mcu.externaltools.gnu-tools-for-stm32.13.3.rel1.win32_1.0.0.202411081344/tools/bin/../lib/gcc/arm-none-eabi/13.3.1/../../../../arm-none-eabi/lib/thumb/v7e-m+fp/hard\libc_nano.a(libc_a-nano-svfprintf.o)
 .ARM.attributes
                0x00000936       0x34 C:/ST/STM32CubeIDE_1.19.0/STM32CubeIDE/plugins/com.st.stm32cube.ide.mcu.externaltools.gnu-tools-for-stm32.13.3.rel1.win32_1.0.0.202411081344/tools/bin/../lib/gcc/arm-none-eabi/13.3.1/../../../../arm-none-eabi/lib/thumb/v7e-m+fp/hard\libc_nano.a(libc_a-nano-vfprintf_i.o)
 .ARM.attributes
                0x0000096a       0x34 C:/ST/STM32CubeIDE_1.19.0/STM32CubeIDE/plugins/com.st.stm32cube.ide.mcu.externaltools.gnu-tools-for-stm32.13.3.rel1.win32_1.0.0.202411081344/tools/bin/../lib/gcc/arm-none-eabi/13.3.1/../../../../arm-none-eabi/lib/thumb/v7e-m+fp/hard\libc_nano.a(libc_a-sbrkr.o)
 .ARM.attributes
                0x0000099e       0x1c C:/ST/STM32CubeIDE_1.19.0/STM32CubeIDE/plugins/com.st.stm32cube.ide.mcu.externaltools.gnu-tools-for-stm32.13.3.rel1.win32_1.0.0.202411081344/tools/bin/../lib/gcc/arm-none-eabi/13.3.1/../../../../arm-none-eabi/lib/thumb/v7e-m+fp/hard\libc_nano.a(libc_a-memchr.o)
 .ARM.attributes