Archive member included to satisfy reference by file (symbol)

C:/ST/STM32CubeIDE_1.19.0/STM32CubeIDE/plugins/com.st.stm32cube.ide.mcu.externaltools.gnu-tools-for-stm32.13.3.rel1.win32_1.0.0.202411081344/tools/bin/../lib/gcc/arm-none-eabi/13.3.1/../../../../arm-none-eabi/lib/thumb/v7e-m+fp/hard\libc_nano.a(libc_a-exit.o)
                              C:/ST/STM32CubeIDE_1.19.0/STM32CubeIDE/plugins/com.st.stm32cube.ide.mcu.externaltools.gnu-tools-for-stm32.13.3.rel1.win32_1.0.0.202411081344/tools/bin/../lib/gcc/arm-none-eabi/13.3.1/../../../../arm-none-eabi/lib/thumb/v7e-m+fp/hard/crt0.o (exit)
C:/ST/STM32CubeIDE_1.19.0/STM32CubeIDE/plugins/com.st.stm32cube.ide.mcu.externaltools.gnu-tools-for-stm32.13.3.rel1.win32_1.0.0.202411081344/tools/bin/../lib/gcc/arm-none-eabi/13.3.1/../../../../arm-none-eabi/lib/thumb/v7e-m+fp/hard\libc_nano.a(libc_a-nano-vfprintf_float.o)
                              (_printf_float)
C:/ST/STM32CubeIDE_1.19.0/STM32CubeIDE/plugins/com.st.stm32cube.ide.mcu.externaltools.gnu-tools-for-stm32.13.3.rel1.win32_1.0.0.202411081344/tools/bin/../lib/gcc/arm-none-eabi/13.3.1/../../../../arm-none-eabi/lib/thumb/v7e-m+fp/hard\libc_nano.a(libc_a-nano-vfprintf_i.o)
                              C:/ST/STM32CubeIDE_1.19.0/STM32CubeIDE/plugins/com.st.stm32cube.ide.mcu.externaltools.gnu-tools-for-stm32.13.3.rel1.win32_1.0.0.202411081344/tools/bin/../lib/gcc/arm-none-eabi/13.3.1/../../../../arm-none-eabi/lib/thumb/v7e-m+fp/hard\libc_nano.a(libc_a-nano-vfprintf_float.o) (_printf_common)
C:/ST/STM32CubeIDE_1.19.0/STM32CubeIDE/plugins/com.st.stm32cube.ide.mcu.externaltools.gnu-tools-for-stm32.13.3.rel1.win32_1.0.0.202411081344/tools/bin/../lib/gcc/arm-none-eabi/13.3.1/../../../../arm-none-eabi/lib/thumb/v7e-m+fp/hard\libc_nano.a(libc_a-nano-vfscanf_float.o)
                              (_scanf_float)
C:/ST/STM32CubeIDE_1.19.0/STM32CubeIDE/plugins/com.st.stm32cube.ide.mcu.externaltools.gnu-tools-for-stm32.13.3.rel1.win32_1.0.0.202411081344/tools/bin/../lib/gcc/arm-none-eabi/13.3.1/../../../../arm-none-eabi/lib/thumb/v7e-m+fp/hard\libc_nano.a(libc_a-findfp.o)
                              C:/ST/STM32CubeIDE_1.19.0/STM32CubeIDE/plugins/com.st.stm32cube.ide.mcu.externaltools.gnu-tools-for-stm32.13.3.rel1.win32_1.0.0.202411081344/tools/bin/../lib/gcc/arm-none-eabi/13.3.1/../../../../arm-none-eabi/lib/thumb/v7e-m+fp/hard\libc_nano.a(libc_a-exit.o) (__stdio_exit_handler)
C:/ST/STM32CubeIDE_1.19.0/STM32CubeIDE/plugins/com.st.stm32cube.ide.mcu.externaltools.gnu-tools-for-stm32.13.3.rel1.win32_1.0.0.202411081344/tools/bin/../lib/gcc/arm-none-eabi/13.3.1/../../../../arm-none-eabi/lib/thumb/v7e-m+fp/hard\libc_nano.a(libc_a-fwalk.o)
                              C:/ST/STM32CubeIDE_1.19.0/STM32CubeIDE/plugins/com.st.stm32cube.ide.mcu.externaltools.gnu-tools-for-stm32.13.3.rel1.win32_1.0.0.202411081344/tools/bin/../lib/gcc/arm-none-eabi/13.3.1/../../../../arm-none-eabi/lib/thumb/v7e-m+fp/hard\libc_nano.a(libc_a-findfp.o) (_fwalk_sglue)
C:/ST/STM32CubeIDE_1.19.0/STM32CubeIDE/plugins/com.st.stm32cube.ide.mcu.externaltools.gnu-tools-for-stm32.13.3.rel1.win32_1.0.0.202411081344/tools/bin/../lib/gcc/arm-none-eabi/13.3.1/../../../../arm-none-eabi/lib/thumb/v7e-m+fp/hard\libc_nano.a(libc_a-snprintf.o)
                              ./Core/Src/Accelerometer.o (snprintf)
C:/ST/STM32CubeIDE_1.19.0/STM32CubeIDE/plugins/com.st.stm32cube.ide.mcu.externaltools.gnu-tools-for-stm32.13.3.rel1.win32_1.0.0.202411081344/tools/bin/../lib/gcc/arm-none-eabi/13.3.1/../../../../arm-none-eabi/lib/thumb/v7e-m+fp/hard\libc_nano.a(libc_a-sprintf.o)
                              ./Core/Src/gps.o (sprintf)
C:/ST/STM32CubeIDE_1.19.0/STM32CubeIDE/plugins/com.st.stm32cube.ide.mcu.externaltools.gnu-tools-for-stm32.13.3.rel1.win32_1.0.0.202411081344/tools/bin/../lib/gcc/arm-none-eabi/13.3.1/../../../../arm-none-eabi/lib/thumb/v7e-m+fp/hard\libc_nano.a(libc_a-sscanf.o)
                              ./Core/Src/General.o (sscanf)
C:/ST/STM32CubeIDE_1.19.0/STM32CubeIDE/plugins/com.st.stm32cube.ide.mcu.externaltools.gnu-tools-for-stm32.13.3.rel1.win32_1.0.0.202411081344/tools/bin/../lib/gcc/arm-none-eabi/13.3.1/../../../../arm-none-eabi/lib/thumb/v7e-m+fp/hard\libc_nano.a(libc_a-stdio.o)
                              C:/ST/STM32CubeIDE_1.19.0/STM32CubeIDE/plugins/com.st.stm32cube.ide.mcu.externaltools.gnu-tools-for-stm32.13.3.rel1.win32_1.0.0.202411081344/tools/bin/../lib/gcc/arm-none-eabi/13.3.1/../../../../arm-none-eabi/lib/thumb/v7e-m+fp/hard\libc_nano.a(libc_a-findfp.o) (__sread)
C:/ST/STM32CubeIDE_1.19.0/STM32CubeIDE/plugins/com.st.stm32cube.ide.mcu.externaltools.gnu-tools-for-stm32.13.3.rel1.win32_1.0.0.202411081344/tools/bin/../lib/gcc/arm-none-eabi/13.3.1/../../../../arm-none-eabi/lib/thumb/v7e-m+fp/hard\libc_nano.a(libc_a-vsnprintf.o)
                              ./Core/Src/SD.o (vsnprintf)
[...]
Memory Configuration

Name             Origin             Length             Attributes
RAM              0x20000000         0x00020000         xrw
FLASH            0x08000000         0x00080000         xr
*default*        0x00000000         0xffffffff

Linker script and memory map

LOAD C:/ST/STM32CubeIDE_1.19.0/STM32CubeIDE/plugins/com.st.stm32cube.ide.mcu.externaltools.gnu-tools-for-stm32.13.3.rel1.win32_1.0.0.202411081344/tools/bin/../lib/gcc/arm-none-eabi/13.3.1/thumb/v7e-m+fp/hard/crti.o
LOAD C:/ST/STM32CubeIDE_1.19.0/STM32CubeIDE/plugins/com.st.stm32cube.ide.mcu.externaltools.gnu-tools-for-stm32.13.3.rel1.win32_1.0.0.202411081344/tools/bin/../lib/gcc/arm-none-eabi/13.3.1/thumb/v7e-m+fp/hard/crtbegin.o
LOAD C:/ST/STM32CubeIDE_1.19.0/STM32CubeIDE/plugins/com.st.stm32cube.ide.mcu.externaltools.gnu-tools-for-stm32.13.3.rel1.win32_1.0.0.202411081344/tools/bin/../lib/gcc/arm-none-eabi/13.3.1/../../../../arm-none-eabi/lib/thumb/v7e-m+fp/hard/crt0.o
LOAD ./Core/Src/Accelerometer.o
LOAD ./Core/Src/DistanceSensor.o
LOAD ./Core/Src/General.o
LOAD ./Core/Src/Keypad.o
LOAD ./Core/Src/LightSensor.o
LOAD ./Core/Src/OLED.o
LOAD ./Core/Src/SD.o
LOAD ./Core/Src/TempSensor.o
LOAD ./Core/Src/gps.o
LOAD ./Core/Src/main.o
LOAD ./Core/Src/myGPS.o
LOAD ./Core/Src/myRTC.o
LOAD ./Core/Src/ssd1306.o
LOAD ./Core/Src/ssd1306_fonts.o
LOAD ./Core/Src/ssd1306_tests.o
LOAD ./Core/Src/stm32f4xx_hal_msp.o
LOAD ./Core/Src/stm32f4xx_it.o
LOAD ./Core/Src/syscalls.o
LOAD ./Core/Src/sysmem.o
LOAD ./Core/Src/system_stm32f4xx.o
LOAD ./Core/Startup/startup_stm32f411retx.o
LOAD ./Drivers/STM32F4xx_HAL_Driver/Src/stm32f4xx_hal.o
LOAD ./Drivers/STM32F4xx_HAL_Driver/Src/stm32f4xx_hal_adc.o
LOAD ./Drivers/STM32F4xx_HAL_Driver/Src/stm32f4xx_hal_adc_ex.o
LOAD ./Drivers/STM32F4xx_HAL_Driver/Src/stm32f4xx_hal_cortex.o
LOAD ./Drivers/STM32F4xx_HAL_Driver/Src/stm32f4xx_hal_dma.o
LOAD ./Drivers/STM32F4xx_HAL_Driver/Src/stm32f4xx_hal_dma_ex.o
LOAD ./Drivers/STM32F4xx_HAL_Driver/Src/stm32f4xx_hal_exti.o
LOAD ./Drivers/STM32F4xx_HAL_Driver/Src/stm32f4xx_hal_flash.o
LOAD ./Drivers/STM32F4xx_HAL_Driver/Src/stm32f4xx_hal_flash_ex.o
LOAD ./Drivers/STM32F4xx_HAL_Driver/Src/stm32f4xx_hal_flash_ramfunc.o
LOAD ./Drivers/STM32F4xx_HAL_Driver/Src/stm32f4xx_hal_gpio.o
LOAD ./Drivers/STM32F4xx_HAL_Driver/Src/stm32f4xx_hal_i2c.o
LOAD ./Drivers/STM32F4xx_HAL_Driver/Src/stm32f4xx_hal_i2c_ex.o
LOAD ./Drivers/STM32F4xx_HAL_Driver/Src/stm32f4xx_hal_iwdg.o
LOAD ./Drivers/STM32F4xx_HAL_Driver/Src/stm32f4xx_hal_pwr.o
LOAD ./Drivers/STM32F4xx_HAL_Driver/Src/stm32f4xx_hal_pwr_ex.o
LOAD ./Drivers/STM32F4xx_HAL_Driver/Src/stm32f4xx_hal_rcc.o
LOAD ./Drivers/STM32F4xx_HAL_Driver/Src/stm32f4xx_hal_rcc_ex.o
LOAD ./Drivers/STM32F4xx_HAL_Driver/Src/stm32f4xx_hal_rtc.o
LOAD ./Drivers/STM32F4xx_HAL_Driver/Src/stm32f4xx_hal_rtc_ex.o
LOAD ./Drivers/STM32F4xx_HAL_Driver/Src/stm32f4xx_hal_spi.o
LOAD ./Drivers/STM32F4xx_HAL_Driver/Src/stm32f4xx_hal_tim.o
LOAD ./Drivers/STM32F4xx_HAL_Driver/Src/stm32f4xx_hal_tim_ex.o
LOAD ./Drivers/STM32F4xx_HAL_Driver/Src/stm32f4xx_hal_uart.o
LOAD ./Drivers/STM32F4xx_HAL_Driver/Src/stm32f4xx_ll_adc.o
LOAD ./FATFS/App/fatfs.o
LOAD ./FATFS/Target/user_diskio.o
LOAD ./FATFS/Target/user_diskio_spi.o
LOAD ./Middlewares/Third_Party/FatFs/src/diskio.o
LOAD ./Middlewares/Third_Party/FatFs/src/ff.o
LOAD ./Middlewares/Third_Party/FatFs/src/ff_gen_drv.o
LOAD ./Middlewares/Third_Party/FatFs/src/option/syscall.o
START GROUP
LOAD C:/ST/STM32CubeIDE_1.19.0/STM32CubeIDE/plugins/com.st.stm32cube.ide.mcu.externaltools.gnu-tools-for-stm32.13.3.rel1.win32_1.0.0.202411081344/tools/bin/../lib/gcc/arm-none-eabi/13.3.1/../../../../arm-none-eabi/lib/thumb/v7e-m+fp/hard\libc_nano.a
LOAD C:/ST/STM32CubeIDE_1.19.0/STM32CubeIDE/plugins/com.st.stm32cube.ide.mcu.externaltools.gnu-tools-for-stm32.13.3.rel1.win32_1.0.0.202411081344/tools/bin/../lib/gcc/arm-none-eabi/13.3.1/../../../../arm-none-eabi/lib/thumb/v7e-m+fp/hard\libm.a
END GROUP
START GROUP
LOAD C:/ST/STM32CubeIDE_1.19.0/STM32CubeIDE/plugins/com.st.stm32cube.ide.mcu.externaltools.gnu-tools-for-stm32.13.3.rel1.win32_1.0.0.202411081344/tools/bin/../lib/gcc/arm-none-eabi/13.3.1/thumb/v7e-m+fp/hard\libgcc.a
LOAD C:/ST/STM32CubeIDE_1.19.0/STM32CubeIDE/plugins/com.st.stm32cube.ide.mcu.externaltools.gnu-tools-for-stm32.13.3.rel1.win32_1.0.0.202411081344/tools/bin/../lib/gcc/arm-none-eabi/13.3.1/../../../../arm-none-eabi/lib/thumb/v7e-m+fp/hard\libc_nano.a
END GROUP
START GROUP
LOAD C:/ST/STM32CubeIDE_1.19.0/STM32CubeIDE/plugins/com.st.stm32cube.ide.mcu.externaltools.gnu-tools-for-stm32.13.3.rel1.win32_1.0.0.202411081344/tools/bin/../lib/gcc/arm-none-eabi/13.3.1/thumb/v7e-m+fp/hard\libgcc.a
LOAD C:/ST/STM32CubeIDE_1.19.0/STM32CubeIDE/plugins/com.st.stm32cube.ide.mcu.externaltools.gnu-tools-for-stm32.13.3.rel1.win32_1.0.0.202411081344/tools/bin/../lib/gcc/arm-none-eabi/13.3.1/../../../../arm-none-eabi/lib/thumb/v7e-m+fp/hard\libc_nano.a
LOAD C:/ST/STM32CubeIDE_1.19.0/STM32CubeIDE/plugins/com.st.stm32cube.ide.mcu.externaltools.gnu-tools-for-stm32.13.3.rel1.win32_1.0.0.202411081344/tools/bin/../lib/gcc/arm-none-eabi/13.3.1/../../../../arm-none-eabi/lib/thumb/v7e-m+fp/hard\libnosys.a
END GROUP
START GROUP
LOAD C:/ST/STM32CubeIDE_1.19.0/STM32CubeIDE/plugins/com.st.stm32cube.ide.mcu.externaltools.gnu-tools-for-stm32.13.3.rel1.win32_1.0.0.202411081344/tools/bin/../lib/gcc/arm-none-eabi/13.3.1/thumb/v7e-m+fp/hard\libgcc.a
LOAD C:/ST/STM32CubeIDE_1.19.0/STM32CubeIDE/plugins/com.st.stm32cube.ide.mcu.externaltools.gnu-tools-for-stm32.13.3.rel1.win32_1.0.0.202411081344/tools/bin/../lib/gcc/arm-none-eabi/13.3.1/../../../../arm-none-eabi/lib/thumb/v7e-m+fp/hard\libc_nano.a
LOAD C:/ST/STM32CubeIDE_1.19.0/STM32CubeIDE/plugins/com.st.stm32cube.ide.mcu.externaltools.gnu-tools-for-stm32.13.3.rel1.win32_1.0.0.202411081344/tools/bin/../lib/gcc/arm-none-eabi/13.3.1/../../../../arm-none-eabi/lib/thumb/v7e-m+fp/hard\libnosys.a
END GROUP
LOAD C:/ST/STM32CubeIDE_1.19.0/STM32CubeIDE/plugins/com.st.stm32cube.ide.mcu.externaltools.gnu-tools-for-stm32.13.3.rel1.win32_1.0.0.202411081344/tools/bin/../lib/gcc/arm-none-eabi/13.3.1/thumb/v7e-m+fp/hard/crtend.o
LOAD C:/ST/STM32CubeIDE_1.19.0/STM32CubeIDE/plugins/com.st.stm32cube.ide.mcu.externaltools.gnu-tools-for-stm32.13.3.rel1.win32_1.0.0.202411081344/tools/bin/../lib/gcc/arm-none-eabi/13.3.1/thumb/v7e-m+fp/hard/crtn.o
                0x20020000                        _estack = (ORIGIN (RAM) + LENGTH (RAM))
                0x00000200                        _Min_Heap_Size = 0x200
                0x00000400                        _Min_Stack_Size = 0x400

.isr_vector     0x08000000      0x198
                0x08000000                        . = ALIGN (0x4)
 *(.isr_vector)
 .isr_vector    0x08000000      0x198 ./Core/Startup/startup_stm32f411retx.o
                0x08000000                g_pfnVectors
                0x08000198                        . = ALIGN (0x4)

.text           0x080001a0    0x185fc
                0x080001a0                        . = ALIGN (0x4)
 *(.text)
 .text          0x080001a0       0x40 C:/ST/STM32CubeIDE_1.19.0/STM32CubeIDE/plugins/com.st.stm32cube.ide.mcu.externaltools.gnu-tools-for-stm32.13.3.rel1.win32_1.0.0.202411081344/tools/bin/../lib/gcc/arm-none-eabi/13.3.1/thumb/v7e-m+fp/hard/crtbegin.o
 .text          0x080001e0       0x14 C:/ST/STM32CubeIDE_1.19.0/STM32CubeIDE/plugins/com.st.stm32cube.ide.mcu.externaltools.gnu-tools-for-stm32.13.3.rel1.win32_1.0.0.202411081344/tools/bin/../lib/gcc/arm-none-eabi/13.3.1/../../../../arm-none-eabi/lib/thumb/v7e-m+fp/hard\libc_nano.a(libc_a-strcmp.o)
                0x080001e0                strcmp
 *fill*         0x080001f4        0xc 
 .text          0x08000200       0xa0 C:/ST/STM32CubeIDE_1.19.0/STM32CubeIDE/plugins/com.st.stm32cube.ide.mcu.externaltools.gnu-tools-for-stm32.13.3.rel1.win32_1.0.0.202411081344/tools/bin/../lib/gcc/arm-none-eabi/13.3.1/../../../../arm-none-eabi/lib/thumb/v7e-m+fp/hard\libc_nano.a(libc_a-memchr.o)
                0x08000200                memchr
 .text          0x080002a0       0x10 C:/ST/STM32CubeIDE_1.19.0/STM32CubeIDE/plugins/com.st.stm32cube.ide.mcu.externaltools.gnu-tools-for-stm32.13.3.rel1.win32_1.0.0.202411081344/tools/bin/../lib/gcc/arm-none-eabi/13.3.1/../../../../arm-none-eabi/lib/thumb/v7e-m+fp/hard\libc_nano.a(libc_a-strlen.o)
                0x080002a0                strlen
 .text          0x080002b0      0x378 C:/ST/STM32CubeIDE_1.19.0/STM32CubeIDE/plugins/com.st.stm32cube.ide.mcu.externaltools.gnu-tools-for-stm32.13.3.rel1.win32_1.0.0.202411081344/tools/bin/../lib/gcc/arm-none-eabi/13.3.1/thumb/v7e-m+fp/hard\libgcc.a(_arm_addsubdf3.o)
                0x080002b0                __aeabi_drsub
                0x080002b8                __aeabi_dsub
                0x080002b8                __subdf3
                0x080002bc                __aeabi_dadd
                0x080002bc                __adddf3
                0x08000534                __floatunsidf
                0x08000534                __aeabi_ui2d
                0x08000554                __floatsidf
                0x08000554                __aeabi_i2d
                0x08000578                __aeabi_f2d
                0x08000578                __extendsfdf2
                0x080005bc                __floatundidf
                0x080005bc                __aeabi_ul2d
                0x080005cc                __floatdidf
                0x080005cc                __aeabi_l2d
 .text          0x08000628      0x424 C:/ST/STM32CubeIDE_1.19.0/STM32CubeIDE/plugins/com.st.stm32cube.ide.mcu.externaltools.gnu-tools-for-stm32.13.3.rel1.win32_1.0.0.202411081344/tools/bin/../lib/gcc/arm-none-eabi/13.3.1/thumb/v7e-m+fp/hard\libgcc.a(_arm_muldivdf3.o)
                0x08000628                __aeabi_dmul
                0x08000628                __muldf3
                0x0800087c                __divdf3
                0x0800087c                __aeabi_ddiv
 .text          0x08000a4c      0x110 C:/ST/STM32CubeIDE_1.19.0/STM32CubeIDE/plugins/com.st.stm32cube.ide.mcu.externaltools.gnu-tools-for-stm32.13.3.rel1.win32_1.0.0.202411081344/tools/bin/../lib/gcc/arm-none-eabi/13.3.1/thumb/v7e-m+fp/hard\libgcc.a(_arm_cmpdf2.o)
                0x08000a4c                __gtdf2
                0x08000a4c                __gedf2
                0x08000a54                __ltdf2
                0x08000a54                __ledf2
                0x08000a5c                __nedf2
                0x08000a5c                __eqdf2
                0x08000a5c                __cmpdf2
                0x08000ad8                __aeabi_cdrcmple
                0x08000ae8                __aeabi_cdcmpeq
                0x08000ae8                __aeabi_cdcmple
                0x08000af8                __aeabi_dcmpeq
                0x08000b0c                __aeabi_dcmplt
                0x08000b20                __aeabi_dcmple
                0x08000b34                __aeabi_dcmpge
                0x08000b48                __aeabi_dcmpgt
 .text          0x08000b5c       0x2c C:/ST/STM32CubeIDE_1.19.0/STM32CubeIDE/plugins/com.st.stm32cube.ide.mcu.externaltools.gnu-tools-for-stm32.13.3.rel1.win32_1.0.0.202411081344/tools/bin/../lib/gcc/arm-none-eabi/13.3.1/thumb/v7e-m+fp/hard\libgcc.a(_arm_unorddf2.o)
                0x08000b5c                __unorddf2
                0x08000b5c                __aeabi_dcmpun
 .text          0x08000b88       0x50 C:/ST/STM32CubeIDE_1.19.0/STM32CubeIDE/plugins/com.st.stm32cube.ide.mcu.externaltools.gnu-tools-for-stm32.13.3.rel1.win32_1.0.0.202411081344/tools/bin/../lib/gcc/arm-none-eabi/13.3.1/thumb/v7e-m+fp/hard\libgcc.a(_arm_fixdfsi.o)
                0x08000b88                __aeabi_d2iz
                0x08000b88                __fixdfsi
 .text          0x08000bd8       0x40 C:/ST/STM32CubeIDE_1.19.0/STM32CubeIDE/plugins/com.st.stm32cube.ide.mcu.externaltools.gnu-tools-for-stm32.13.3.rel1.win32_1.0.0.202411081344/tools/bin/../lib/gcc/arm-none-eabi/13.3.1/thumb/v7e-m+fp/hard\libgcc.a(_arm_fixunsdfsi.o)
                0x08000bd8                __aeabi_d2uiz
                0x08000bd8                __fixunsdfsi
 .text          0x08000c18       0xa0 C:/ST/STM32CubeIDE_1.19.0/STM32CubeIDE/plugins/com.st.stm32cube.ide.mcu.externaltools.gnu-tools-for-stm32.13.3.rel1.win32_1.0.0.202411081344/tools/bin/../lib/gcc/arm-none-eabi/13.3.1/thumb/v7e-m+fp/hard\libgcc.a(_arm_truncdfsf2.o)
                0x08000c18                __truncdfsf2
                0x08000c18                __aeabi_d2f
 .text          0x08000cb8       0x30 C:/ST/STM32CubeIDE_1.19.0/STM32CubeIDE/plugins/com.st.stm32cube.ide.mcu.externaltools.gnu-tools-for-stm32.13.3.rel1.win32_1.0.0.202411081344/tools/bin/../lib/gcc/arm-none-eabi/13.3.1/thumb/v7e-m+fp/hard\libgcc.a(_aeabi_uldivmod.o)
                0x08000cb8                __aeabi_uldivmod
 .text          0x08000ce8       0x30 C:/ST/STM32CubeIDE_1.19.0/STM32CubeIDE/plugins/com.st.stm32cube.ide.mcu.externaltools.gnu-tools-for-stm32.13.3.rel1.win32_1.0.0.202411081344/tools/bin/../lib/gcc/arm-none-eabi/13.3.1/thumb/v7e-m+fp/hard\libgcc.a(_fixdfdi.o)
                0x08000ce8                __fixdfdi
                0x08000ce8                __aeabi_d2lz
 .text          0x08000d18       0x3c C:/ST/STM32CubeIDE_1.19.0/STM32CubeIDE/plugins/com.st.stm32cube.ide.mcu.externaltools.gnu-tools-for-stm32.13.3.rel1.win32_1.0.0.202411081344/tools/bin/../lib/gcc/arm-none-eabi/13.3.1/thumb/v7e-m+fp/hard\libgcc.a(_fixunsdfdi.o)
                0x08000d18                __fixunsdfdi
                0x08000d18                __aeabi_d2ulz
 .text          0x08000d54      0x2f8 C:/ST/STM32CubeIDE_1.19.0/STM32CubeIDE/plugins/com.st.stm32cube.ide.mcu.externaltools.gnu-tools-for-stm32.13.3.rel1.win32_1.0.0.202411081344/tools/bin/../lib/gcc/arm-none-eabi/13.3.1/thumb/v7e-m+fp/hard\libgcc.a(_udivmoddi4.o)
                0x08000d54                __udivmoddi4
 .text          0x0800104c        0x4 C:/ST/STM32CubeIDE_1.19.0/STM32CubeIDE/plugins/com.st.stm32cube.ide.mcu.externaltools.gnu-tools-for-stm32.13.3.rel1.win32_1.0.0.202411081344/tools/bin/../lib/gcc/arm-none-eabi/13.3.1/thumb/v7e-m+fp/hard\libgcc.a(_dvmd_tls.o)
                0x0800104c                __aeabi_idiv0
                0x0800104c                __aeabi_ldiv0
 *(.text*)
 .text.updateRawBuffer
                0x08001050       0x7c ./Core/Src/Accelerometer.o
                0x08001050                updateRawBuffer
 .text.getAverageRaw
                0x080010cc       0xb0 ./Core/Src/Accelerometer.o
                0x080010cc                getAverageRaw
 .text.updateData
                0x0800117c      0x394 ./Core/Src/Accelerometer.o
                0x0800117c                updateData
 .text.HAL_I2C_MemRxCpltCallback
                0x08001510       0x14 ./Core/Src/Accelerometer.o
                0x08001510                HAL_I2C_MemRxCpltCallback
 .text.clearIntFlag
                0x08001524       0x30 ./Core/Src/Accelerometer.o
                0x08001524                clearIntFlag
 .text.readAccel
                0x08001554       0x2c ./Core/Src/Accelerometer.o
                0x08001554                readAccel
 .text.getX     0x08001580       0x1c ./Core/Src/Accelerometer.o
                0x08001580                getX
 .text.getY     0x0800159c       0x1c ./Core/Src/Accelerometer.o
                0x0800159c                getY
 .text.getZ     0x080015b8       0x1c ./Core/Src/Accelerometer.o
                0x080015b8                getZ
 .text.getUnsafeDriving
                0x080015d4       0x18 ./Core/Src/Accelerometer.o
                0x080015d4                getUnsafeDriving
 .text.getImpactWarning
                0x080015ec       0x18 ./Core/Src/Accelerometer.o
                0x080015ec                getImpactWarning
 .text.MPU6050_Init_1
                0x08001604       0x3c ./Core/Src/Accelerometer.o
                0x08001604                MPU6050_Init_1
 .text.checkAccelStatus
                0x08001640       0x5c ./Core/Src/Accelerometer.o
                0x08001640                checkAccelStatus
 .text.MPU6050_Init_2_A
                0x0800169c      0x2b0 ./Core/Src/Accelerometer.o
                0x0800169c                MPU6050_Init_2_A
 .text.clearUnsafeWarning
                0x0800194c        0xe ./Core/Src/Accelerometer.o
                0x0800194c                clearUnsafeWarning
 .text.clearImpactWarning
                0x0800195a        0xe ./Core/Src/Accelerometer.o
                0x0800195a                clearImpactWarning
 .text.str_Accel_OLED
                0x08001968       0x48 ./Core/Src/Accelerometer.o
                0x08001968                str_Accel_OLED
 .text.str_Accel_UART
                0x080019b0      0x138 ./Core/Src/Accelerometer.o
                0x080019b0                str_Accel_UART
 .text.str_Accel_SD
                0x08001ae8      0x19c ./Core/Src/Accelerometer.o
                0x08001ae8                str_Accel_SD
 .text.clearProximityWarning
                0x08001c84       0x18 ./Core/Src/DistanceSensor.o
                0x08001c84                clearProximityWarning
 .text.update_str_dist
                0x08001c9c       0x44 ./Core/Src/DistanceSensor.o
                0x08001c9c                update_str_dist
 .text.str_Dist_SD
                0x08001ce0       0x44 ./Core/Src/DistanceSensor.o
                0x08001ce0                str_Dist_SD
 .text.str_dist_UART
                0x08001d24       0x44 ./Core/Src/DistanceSensor.o
                0x08001d24                str_dist_UART
 .text.str_dist_OLED
                0x08001d68       0x2c ./Core/Src/DistanceSensor.o
                0x08001d68                str_dist_OLED
 .text.getDistance
                0x08001d94       0x1c ./Core/Src/DistanceSensor.o
                0x08001d94                getDistance
 .text.sampleDistanceSensor
                0x08001db0       0xac ./Core/Src/DistanceSensor.o
                0x08001db0                sampleDistanceSensor
 .text.getProximityWarning
                0x08001e5c       0x58 ./Core/Src/DistanceSensor.o
                0x08001e5c                getProximityWarning
 .text.HAL_TIM_IC_CaptureCallback
                0x08001eb4       0xbc ./Core/Src/DistanceSensor.o
                0x08001eb4                HAL_TIM_IC_CaptureCallback
 .text.isAlarmActive
                0x08001f70       0x48 ./Core/Src/General.o
                0x08001f70                isAlarmActive
 .text.removeAlarm
                0x08001fb8       0xf8 ./Core/Src/General.o
                0x08001fb8                removeAlarm
 .text.pushAlarm
                0x080020b0       0xe8 ./Core/Src/General.o
                0x080020b0                pushAlarm
 .text.checkAlarms
                0x08002198       0x98 ./Core/Src/General.o
                0x08002198                checkAlarms
 .text.bounceButton
                0x08002230       0xfc ./Core/Src/General.o
                0x08002230                bounceButton
 .text.mainLoop
                0x0800232c       0xe4 ./Core/Src/General.o
                0x0800232c                mainLoop
 .text.handleCommand
                0x08002410      0x558 ./Core/Src/General.o
                0x08002410                handleCommand
 .text.str_AlarmConditions_UART
                0x08002968      0x114 ./Core/Src/General.o
                0x08002968                str_AlarmConditions_UART
 .text.str_Warnings_SD
                0x08002a7c       0x60 ./Core/Src/General.o
                0x08002a7c                str_Warnings_SD
 .text.WholeFraction
                0x08002adc       0xb2 ./Core/Src/General.o
                0x08002adc                WholeFraction
 .text.sign     0x08002b8e       0x2a ./Core/Src/General.o
                0x08002b8e                sign
 .text.HAL_GPIO_EXTI_Callback
                0x08002bb8      0x118 ./Core/Src/General.o
                0x08002bb8                HAL_GPIO_EXTI_Callback
 .text.handleCalibrationTrigger
                0x08002cd0       0x5c ./Core/Src/General.o
                0x08002cd0                handleCalibrationTrigger
 .text.handleButton
                0x08002d2c      0x38c ./Core/Src/General.o
                0x08002d2c                handleButton
 .text.flashLED
                0x080030b8       0x68 ./Core/Src/General.o
                0x080030b8                flashLED
 .text.scanButtons
                0x08003120       0x58 ./Core/Src/General.o
                0x08003120                scanButtons
 .text.HAL_UART_RxCpltCallback
                0x08003178      0x19c ./Core/Src/General.o
                0x08003178                HAL_UART_RxCpltCallback
 *fill*         0x08003314        0x4 
 .text.UI_handleKey
                0x08003318      0x18c ./Core/Src/General.o
                0x08003318                UI_handleKey
 .text.UI_Refresh
                0x080034a4       0xa8 ./Core/Src/General.o
                0x080034a4                UI_Refresh
 .text.defaultSetup
                0x0800354c       0xa8 ./Core/Src/General.o
                0x0800354c                defaultSetup
 .text.handleKey
                0x080035f4       0x1a ./Core/Src/Keypad.o
                0x080035f4                handleKey
 *fill*         0x0800360e        0x2 
 .text.setCol   0x08003610       0x68 ./Core/Src/Keypad.o
                0x08003610                setCol
 .text.setAllCols
                0x08003678       0x30 ./Core/Src/Keypad.o
                0x08003678                setAllCols
 .text.ReadRow  0x080036a8       0x98 ./Core/Src/Keypad.o
                0x080036a8                ReadRow
 .text.scanKeys
                0x08003740      0x168 ./Core/Src/Keypad.o
                0x08003740                scanKeys
 .text.minutesSince
                0x080038a8       0xb0 ./Core/Src/LightSensor.o
 .text.init_Light_Sensor
                0x08003958       0x1c ./Core/Src/LightSensor.o
                0x08003958                init_Light_Sensor
 .text.HAL_ADC_ConvCpltCallback
                0x08003974       0x80 ./Core/Src/LightSensor.o
                0x08003974                HAL_ADC_ConvCpltCallback
 .text.update_str_light
                0x080039f4       0x28 ./Core/Src/LightSensor.o
                0x080039f4                update_str_light
 .text.str_Light_SD
                0x08003a1c       0x28 ./Core/Src/LightSensor.o
                0x08003a1c                str_Light_SD
 .text.str_LUX_UART
                0x08003a44       0x48 ./Core/Src/LightSensor.o
                0x08003a44                str_LUX_UART
 .text.str_LUX_OLED
                0x08003a8c       0x30 ./Core/Src/LightSensor.o
                0x08003a8c                str_LUX_OLED
 .text.getLight
                0x08003abc       0x18 ./Core/Src/LightSensor.o
                0x08003abc                getLight
 .text.getLightWarning
                0x08003ad4       0x64 ./Core/Src/LightSensor.o
                0x08003ad4                getLightWarning
 .text.clearLightWarning
                0x08003b38       0x3c ./Core/Src/LightSensor.o
                0x08003b38                clearLightWarning
 .text.str_toggleS3
                0x08003b74       0x40 ./Core/Src/OLED.o
                0x08003b74                str_toggleS3
 .text.str_toggleSD_State
                0x08003bb4       0x40 ./Core/Src/OLED.o
                0x08003bb4                str_toggleSD_State
 .text.str_toggleGPS_State
                0x08003bf4       0x40 ./Core/Src/OLED.o
                0x08003bf4                str_toggleGPS_State
 .text.str_toggleMPU_State
                0x08003c34       0x40 ./Core/Src/OLED.o
                0x08003c34                str_toggleMPU_State
 .text.str_toggleLOG
                0x08003c74       0x44 ./Core/Src/OLED.o
                0x08003c74                str_toggleLOG
 .text.UI_Draw3Rows
                0x08003cb8       0x68 ./Core/Src/OLED.o
                0x08003cb8                UI_Draw3Rows
 .text.r_Disp_main
                0x08003d20       0x48 ./Core/Src/OLED.o
                0x08003d20                r_Disp_main
 .text.r_Disp_1
                0x08003d68       0x30 ./Core/Src/OLED.o
                0x08003d68                r_Disp_1
 .text.r_Disp_2
                0x08003d98       0x30 ./Core/Src/OLED.o
                0x08003d98                r_Disp_2
 .text.r_Disp_3
                0x08003dc8       0x2c ./Core/Src/OLED.o
                0x08003dc8                r_Disp_3
 .text.r_Disp_4
                0x08003df4       0x2c ./Core/Src/OLED.o
                0x08003df4                r_Disp_4
 .text.r_Disp_5
                0x08003e20       0x30 ./Core/Src/OLED.o
                0x08003e20                r_Disp_5
 .text.r_Data_main
                0x08003e50       0x48 ./Core/Src/OLED.o
                0x08003e50                r_Data_main
 .text.r_Data_1
                0x08003e98       0x44 ./Core/Src/OLED.o
                0x08003e98                r_Data_1
 .text.r_Data_2
                0x08003edc       0x44 ./Core/Src/OLED.o
                0x08003edc                r_Data_2
 .text.r_Data_3
                0x08003f20       0x4c ./Core/Src/OLED.o
                0x08003f20                r_Data_3
 .text.r_Diag_main
                0x08003f6c       0x48 ./Core/Src/OLED.o
                0x08003f6c                r_Diag_main
 .text.r_Diag_1
                0x08003fb4       0x60 ./Core/Src/OLED.o
                0x08003fb4                r_Diag_1
 .text.r_Diag_2
                0x08004014       0x54 ./Core/Src/OLED.o
                0x08004014                r_Diag_2
 .text.r_Diag_3
                0x08004068       0x54 ./Core/Src/OLED.o
                0x08004068                r_Diag_3
 .text.r_Diag_4
                0x080040bc       0x4c ./Core/Src/OLED.o
                0x080040bc                r_Diag_4
 .text.r_Warn_UnsafeDriving
                0x08004108       0x44 ./Core/Src/OLED.o
                0x08004108                r_Warn_UnsafeDriving
 .text.r_Warn_Proximity
                0x0800414c       0x44 ./Core/Src/OLED.o
                0x0800414c                r_Warn_Proximity
 .text.r_Warn_Light
                0x08004190       0x44 ./Core/Src/OLED.o
                0x08004190                r_Warn_Light
 .text.r_Warn_Temp
                0x080041d4       0x44 ./Core/Src/OLED.o
                0x080041d4                r_Warn_Temp
 .text.r_Warn_Impact
                0x08004218       0x44 ./Core/Src/OLED.o
                0x08004218                r_Warn_Impact
 .text.init_OLED
                0x0800425c        0xc ./Core/Src/OLED.o
                0x0800425c                init_OLED
 .text.Menu_Init
                0x08004268      0x2b0 ./Core/Src/OLED.o
                0x08004268                Menu_Init
 .text.SD_Mount
                0x08004518       0x6c ./Core/Src/SD.o
                0x08004518                SD_Mount
 .text.myprintf
                0x08004584       0x4c ./Core/Src/SD.o
                0x08004584                myprintf
 .text.getSD_OK
                0x080045d0       0x18 ./Core/Src/SD.o
                0x080045d0                getSD_OK
 .text.setLogging
                0x080045e8       0x20 ./Core/Src/SD.o
                0x080045e8                setLogging
 .text.getLogging
                0x08004608       0x18 ./Core/Src/SD.o
                0x08004608                getLogging
 .text.setDistance_ODO
                0x08004620       0x20 ./Core/Src/SD.o
                0x08004620                setDistance_ODO
 .text.getDistance_ODO
                0x08004640       0x1c ./Core/Src/SD.o
                0x08004640                getDistance_ODO
 .text.setFuel  0x0800465c       0x20 ./Core/Src/SD.o
                0x0800465c                setFuel
 .text.getFuel  0x0800467c       0x1c ./Core/Src/SD.o
                0x0800467c                getFuel
 .text.update_strs
                0x08004698      0x108 ./Core/Src/SD.o
                0x08004698                update_strs
 .text.str_fuel_OLED
                0x080047a0       0x48 ./Core/Src/SD.o
                0x080047a0                str_fuel_OLED
 .text.str_dist_ODO_OLED
                0x080047e8       0x48 ./Core/Src/SD.o
                0x080047e8                str_dist_ODO_OLED
 .text.str_FuelEfficiency_UART
                0x08004830       0x44 ./Core/Src/SD.o
                0x08004830                str_FuelEfficiency_UART
 .text.checkSD  0x08004874       0x60 ./Core/Src/SD.o
                0x08004874                checkSD
 .text.str_FuelEfficiency_OLED
                0x080048d4       0x40 ./Core/Src/SD.o
                0x080048d4                str_FuelEfficiency_OLED
 .text.SD_Clear_Log
                0x08004914       0x64 ./Core/Src/SD.o
                0x08004914                SD_Clear_Log
 .text.SD_Delete_Log
                0x08004978       0x74 ./Core/Src/SD.o
                0x08004978                SD_Delete_Log
 .text.SD_Dump  0x080049ec       0xdc ./Core/Src/SD.o
                0x080049ec                SD_Dump
 .text.SD_Log_Data
                0x08004ac8      0x220 ./Core/Src/SD.o
                0x08004ac8                SD_Log_Data
 .text.tempMinutesSince
                0x08004ce8       0xb0 ./Core/Src/TempSensor.o
 .text.update_str_temp
                0x08004d98       0x50 ./Core/Src/TempSensor.o
                0x08004d98                update_str_temp
 .text.str_temp_OLED
                0x08004de8       0x2c ./Core/Src/TempSensor.o
                0x08004de8                str_temp_OLED
 .text.str_Temp_SD
                0x08004e14       0x78 ./Core/Src/TempSensor.o
                0x08004e14                str_Temp_SD
 .text.str_temp_UART
                0x08004e8c       0x44 ./Core/Src/TempSensor.o
                0x08004e8c                str_temp_UART
 .text.getTemp  0x08004ed0       0x3c ./Core/Src/TempSensor.o
                0x08004ed0                getTemp
 .text.clearTempWarning
                0x08004f0c       0x3c ./Core/Src/TempSensor.o
                0x08004f0c                clearTempWarning
 .text.getTempWarning
                0x08004f48       0x64 ./Core/Src/TempSensor.o
                0x08004f48                getTempWarning
 .text.sampleTempSensor
                0x08004fac      0x1a4 ./Core/Src/TempSensor.o
                0x08004fac                sampleTempSensor
 .text.GPS_Init
                0x08005150       0x1c ./Core/Src/gps.o
                0x08005150                GPS_Init
 .text.GPS_UART_CallBack
                0x0800516c       0x68 ./Core/Src/gps.o
                0x0800516c                GPS_UART_CallBack
 .text.GPS_validate
                0x080051d4       0xc4 ./Core/Src/gps.o
                0x080051d4                GPS_validate
 .text.GPS_parse
                0x08005298      0x174 ./Core/Src/gps.o
                0x08005298                GPS_parse
 .text.GPS_nmea_to_dec
                0x0800540c       0x9c ./Core/Src/gps.o
                0x0800540c                GPS_nmea_to_dec
 .text.getSpeed_gps
                0x080054a8       0x1c ./Core/Src/gps.o
                0x080054a8                getSpeed_gps
 .text.getHeading_gps
                0x080054c4       0x1c ./Core/Src/gps.o
                0x080054c4                getHeading_gps
 .text.getLat_gps
                0x080054e0       0x1c ./Core/Src/gps.o
                0x080054e0                getLat_gps
 .text.getLong_gps
                0x080054fc       0x1c ./Core/Src/gps.o
                0x080054fc                getLong_gps
 .text.main     0x08005518       0xd0 ./Core/Src/main.o
                0x08005518                main
 .text.SystemClock_Config
                0x080055e8       0xdc ./Core/Src/main.o
                0x080055e8                SystemClock_Config
 .text.MX_ADC1_Init
                0x080056c4       0xa4 ./Core/Src/main.o
 .text.MX_I2C1_Init
                0x08005768       0x5c ./Core/Src/main.o
 .text.MX_IWDG_Init
                0x080057c4       0x34 ./Core/Src/main.o
 .text.MX_RTC_Init
                0x080057f8       0xb4 ./Core/Src/main.o
 .text.MX_SPI2_Init
                0x080058ac       0x6c ./Core/Src/main.o
 .text.MX_TIM1_Init
                0x08005918      0x118 ./Core/Src/main.o
 .text.MX_TIM2_Init
                0x08005a30       0xa8 ./Core/Src/main.o
 .text.MX_TIM3_Init
                0x08005ad8      0x110 ./Core/Src/main.o
 .text.MX_TIM4_Init
                0x08005be8       0xa8 ./Core/Src/main.o
 .text.MX_TIM5_Init
                0x08005c90       0xe8 ./Core/Src/main.o
 .text.MX_USART2_UART_Init
                0x08005d78       0x58 ./Core/Src/main.o
 .text.MX_USART6_UART_Init
                0x08005dd0       0x54 ./Core/Src/main.o
 .text.MX_DMA_Init
                0x08005e24       0x6c ./Core/Src/main.o
 .text.MX_GPIO_Init
                0x08005e90      0x1c4 ./Core/Src/main.o
 .text.Error_Handler
                0x08006054        0xc ./Core/Src/main.o
                0x08006054                Error_Handler
 .text.checkGPSStatus
                0x08006060       0x48 ./Core/Src/myGPS.o
                0x08006060                checkGPSStatus
 .text.getSpeed
                0x080060a8       0x24 ./Core/Src/myGPS.o
                0x080060a8                getSpeed
 .text.getHeading
                0x080060cc       0x24 ./Core/Src/myGPS.o
                0x080060cc                getHeading
 .text.getLat   0x080060f0       0x24 ./Core/Src/myGPS.o
                0x080060f0                getLat
 .text.getLong  0x08006114       0x24 ./Core/Src/myGPS.o
                0x08006114                getLong
 .text.update_str
                0x08006138      0x114 ./Core/Src/myGPS.o
                0x08006138                update_str
 .text.str_SPEED_HEAD_OLED
                0x0800624c       0x40 ./Core/Src/myGPS.o
                0x0800624c                str_SPEED_HEAD_OLED
 .text.str_LAT_LONG_OLED
                0x0800628c       0x40 ./Core/Src/myGPS.o
                0x0800628c                str_LAT_LONG_OLED
 .text.str_GPS_UART
                0x080062cc       0x70 ./Core/Src/myGPS.o
                0x080062cc                str_GPS_UART
 .text.str_GPS_SD
                0x0800633c      0x114 ./Core/Src/myGPS.o
                0x0800633c                str_GPS_SD
 .text.initRTC  0x08006450       0x3e ./Core/Src/myRTC.o
                0x08006450                initRTC
 *fill*         0x0800648e        0x2 
 .text.Set_RTC_DateTime
                0x08006490       0x94 ./Core/Src/myRTC.o
                0x08006490                Set_RTC_DateTime
 .text.str_Date_SD
                0x08006524       0x74 ./Core/Src/myRTC.o
                0x08006524                str_Date_SD
 .text.str_Date_OLED
                0x08006598       0x70 ./Core/Src/myRTC.o
                0x08006598                str_Date_OLED
 .text.str_Date_UART
                0x08006608       0x94 ./Core/Src/myRTC.o
                0x08006608                str_Date_UART
 .text.ssd1306_Reset
                0x0800669c        0xe ./Core/Src/ssd1306.o
                0x0800669c                ssd1306_Reset
 *fill*         0x080066aa        0x2 
 .text.ssd1306_WriteCommand
                0x080066ac       0x30 ./Core/Src/ssd1306.o
                0x080066ac                ssd1306_WriteCommand
 .text.ssd1306_WriteData
                0x080066dc       0x30 ./Core/Src/ssd1306.o
                0x080066dc                ssd1306_WriteData
 .text.ssd1306_Init
                0x0800670c       0xd4 ./Core/Src/ssd1306.o
                0x0800670c                ssd1306_Init
 .text.ssd1306_Fill
                0x080067e0       0x30 ./Core/Src/ssd1306.o
                0x080067e0                ssd1306_Fill
 .text.ssd1306_UpdateScreen
                0x08006810       0x50 ./Core/Src/ssd1306.o
                0x08006810                ssd1306_UpdateScreen
 .text.ssd1306_DrawPixel
                0x08006860       0xa8 ./Core/Src/ssd1306.o
                0x08006860                ssd1306_DrawPixel
 .text.ssd1306_WriteChar
                0x08006908      0x124 ./Core/Src/ssd1306.o
                0x08006908                ssd1306_WriteChar
 .text.ssd1306_WriteString
                0x08006a2c       0x4c ./Core/Src/ssd1306.o
                0x08006a2c                ssd1306_WriteString
 .text.ssd1306_SetCursor
                0x08006a78       0x30 ./Core/Src/ssd1306.o
                0x08006a78                ssd1306_SetCursor
 .text.ssd1306_SetContrast
                0x08006aa8       0x26 ./Core/Src/ssd1306.o
                0x08006aa8                ssd1306_SetContrast
 *fill*         0x08006ace        0x2 
 .text.ssd1306_SetDisplayOn
                0x08006ad0       0x3c ./Core/Src/ssd1306.o
                0x08006ad0                ssd1306_SetDisplayOn
 .text.HAL_MspInit
                0x08006b0c       0x60 ./Core/Src/stm32f4xx_hal_msp.o
                0x08006b0c                HAL_MspInit
 .text.HAL_ADC_MspInit
                0x08006b6c       0xf0 ./Core/Src/stm32f4xx_hal_msp.o
                0x08006b6c                HAL_ADC_MspInit
 .text.HAL_I2C_MspInit
                0x08006c5c      0x108 ./Core/Src/stm32f4xx_hal_msp.o
                0x08006c5c                HAL_I2C_MspInit
 .text.HAL_RTC_MspInit
                0x08006d64       0x58 ./Core/Src/stm32f4xx_hal_msp.o
                0x08006d64                HAL_RTC_MspInit
 .text.HAL_SPI_MspInit
                0x08006dbc       0xd0 ./Core/Src/stm32f4xx_hal_msp.o
                0x08006dbc                HAL_SPI_MspInit
 .text.HAL_SPI_MspDeInit
                0x08006e8c       0x48 ./Core/Src/stm32f4xx_hal_msp.o
                0x08006e8c                HAL_SPI_MspDeInit
 .text.HAL_TIM_PWM_MspInit
                0x08006ed4       0x70 ./Core/Src/stm32f4xx_hal_msp.o
                0x08006ed4                HAL_TIM_PWM_MspInit
 .text.HAL_TIM_Base_MspInit
                0x08006f44       0xb8 ./Core/Src/stm32f4xx_hal_msp.o
                0x08006f44                HAL_TIM_Base_MspInit
 .text.HAL_TIM_IC_MspInit
                0x08006ffc       0xa0 ./Core/Src/stm32f4xx_hal_msp.o
                0x08006ffc                HAL_TIM_IC_MspInit
 .text.HAL_TIM_MspPostInit
                0x0800709c      0x100 ./Core/Src/stm32f4xx_hal_msp.o
                0x0800709c                HAL_TIM_MspPostInit
 .text.HAL_UART_MspInit
                0x0800719c      0x11c ./Core/Src/stm32f4xx_hal_msp.o
                0x0800719c                HAL_UART_MspInit
 .text.NMI_Handler
                0x080072b8        0x8 ./Core/Src/stm32f4xx_it.o
                0x080072b8                NMI_Handler
 .text.HardFault_Handler
                0x080072c0        0x8 ./Core/Src/stm32f4xx_it.o
                0x080072c0                HardFault_Handler
 .text.MemManage_Handler
                0x080072c8        0x8 ./Core/Src/stm32f4xx_it.o
                0x080072c8                MemManage_Handler
 .text.BusFault_Handler
                0x080072d0        0x8 ./Core/Src/stm32f4xx_it.o
                0x080072d0                BusFault_Handler
 .text.UsageFault_Handler
                0x080072d8        0x8 ./Core/Src/stm32f4xx_it.o
                0x080072d8                UsageFault_Handler
 .text.SVC_Handler
                0x080072e0        0xe ./Core/Src/stm32f4xx_it.o
                0x080072e0                SVC_Handler
 .text.DebugMon_Handler
                0x080072ee        0xe ./Core/Src/stm32f4xx_it.o
                0x080072ee                DebugMon_Handler
 .text.PendSV_Handler
                0x080072fc        0xe ./Core/Src/stm32f4xx_it.o
                0x080072fc                PendSV_Handler
 .text.SysTick_Handler
                0x0800730a        0xc ./Core/Src/stm32f4xx_it.o
                0x0800730a                SysTick_Handler
 .text.PVD_IRQHandler
                0x08007316        0xc ./Core/Src/stm32f4xx_it.o
                0x08007316                PVD_IRQHandler
 .text.EXTI1_IRQHandler
                0x08007322        0xe ./Core/Src/stm32f4xx_it.o
                0x08007322                EXTI1_IRQHandler
 .text.EXTI3_IRQHandler
                0x08007330        0xe ./Core/Src/stm32f4xx_it.o
                0x08007330                EXTI3_IRQHandler
 .text.EXTI4_IRQHandler
                0x0800733e        0xe ./Core/Src/stm32f4xx_it.o
                0x0800733e                EXTI4_IRQHandler
 .text.DMA1_Stream0_IRQHandler
                0x0800734c       0x14 ./Core/Src/stm32f4xx_it.o
                0x0800734c                DMA1_Stream0_IRQHandler
 .text.EXTI9_5_IRQHandler
                0x08007360       0x16 ./Core/Src/stm32f4xx_it.o
                0x08007360                EXTI9_5_IRQHandler
 *fill*         0x08007376        0x2 
 .text.TIM4_IRQHandler
                0x08007378       0x14 ./Core/Src/stm32f4xx_it.o
                0x08007378                TIM4_IRQHandler
 .text.I2C1_EV_IRQHandler
                0x0800738c       0x14 ./Core/Src/stm32f4xx_it.o
                0x0800738c                I2C1_EV_IRQHandler
 .text.USART2_IRQHandler
                0x080073a0       0x14 ./Core/Src/stm32f4xx_it.o
                0x080073a0                USART2_IRQHandler
 .text.EXTI15_10_IRQHandler
                0x080073b4       0x30 ./Core/Src/stm32f4xx_it.o
                0x080073b4                EXTI15_10_IRQHandler
 .text.DMA2_Stream0_IRQHandler
                0x080073e4       0x14 ./Core/Src/stm32f4xx_it.o
                0x080073e4                DMA2_Stream0_IRQHandler
 .text.USART6_IRQHandler
                0x080073f8       0x14 ./Core/Src/stm32f4xx_it.o
                0x080073f8                USART6_IRQHandler
 .text._getpid  0x0800740c       0x10 ./Core/Src/syscalls.o
                0x0800740c                _getpid
 .text._kill    0x0800741c       0x20 ./Core/Src/syscalls.o
                0x0800741c                _kill
 .text._exit    0x0800743c       0x16 ./Core/Src/syscalls.o
                0x0800743c                _exit
 .text._read    0x08007452       0x3a ./Core/Src/syscalls.o
                0x08007452                _read
 .text._write   0x0800748c       0x38 ./Core/Src/syscalls.o
                0x0800748c                _write
 .text._close   0x080074c4       0x18 ./Core/Src/syscalls.o
                0x080074c4                _close
 .text._fstat   0x080074dc       0x20 ./Core/Src/syscalls.o
                0x080074dc                _fstat
 .text._isatty  0x080074fc       0x16 ./Core/Src/syscalls.o
                0x080074fc                _isatty
 .text._lseek   0x08007512       0x1a ./Core/Src/syscalls.o
                0x08007512                _lseek
 .text._sbrk    0x0800752c       0x6c ./Core/Src/sysmem.o
                0x0800752c                _sbrk
 .text.SystemInit
                0x08007598       0x24 ./Core/Src/system_stm32f4xx.o
                0x08007598                SystemInit
 .text.Reset_Handler
                0x080075bc       0x50 ./Core/Startup/startup_stm32f411retx.o
                0x080075bc                Reset_Handler
 .text.Default_Handler
                0x0800760c        0x2 ./Core/Startup/startup_stm32f411retx.o
                0x0800760c                RTC_Alarm_IRQHandler
                0x0800760c                EXTI2_IRQHandler
                0x0800760c                SPI4_IRQHandler
                0x0800760c                TIM1_CC_IRQHandler
                0x0800760c                DMA2_Stream5_IRQHandler
                0x0800760c                DMA1_Stream5_IRQHandler
                0x0800760c                SDIO_IRQHandler
                0x0800760c                TAMP_STAMP_IRQHandler
                0x0800760c                TIM1_UP_TIM10_IRQHandler
                0x0800760c                I2C3_ER_IRQHandler
                0x0800760c                EXTI0_IRQHandler
                0x0800760c                I2C2_EV_IRQHandler
                0x0800760c                DMA1_Stream2_IRQHandler
                0x0800760c                FPU_IRQHandler
                0x0800760c                DMA2_Stream2_IRQHandler
                0x0800760c                SPI1_IRQHandler
                0x0800760c                TIM1_BRK_TIM9_IRQHandler
                0x0800760c                DMA2_Stream3_IRQHandler
                0x0800760c                DMA1_Stream6_IRQHandler
                0x0800760c                DMA1_Stream1_IRQHandler
                0x0800760c                TIM3_IRQHandler
                0x0800760c                RCC_IRQHandler
                0x0800760c                Default_Handler
                0x0800760c                ADC_IRQHandler
                0x0800760c                DMA1_Stream7_IRQHandler
                0x0800760c                SPI5_IRQHandler
                0x0800760c                TIM5_IRQHandler
                0x0800760c                DMA2_Stream7_IRQHandler
                0x0800760c                I2C3_EV_IRQHandler
                0x0800760c                RTC_WKUP_IRQHandler
                0x0800760c                SPI2_IRQHandler
                0x0800760c                WWDG_IRQHandler
                0x0800760c                TIM2_IRQHandler
                0x0800760c                OTG_FS_WKUP_IRQHandler
                0x0800760c                TIM1_TRG_COM_TIM11_IRQHandler
                0x0800760c                I2C2_ER_IRQHandler
                0x0800760c                DMA2_Stream1_IRQHandler
                0x0800760c                FLASH_IRQHandler
                0x0800760c                DMA2_Stream4_IRQHandler
                0x0800760c                USART1_IRQHandler
                0x0800760c                OTG_FS_IRQHandler
                0x0800760c                SPI3_IRQHandler
                0x0800760c                DMA1_Stream4_IRQHandler
                0x0800760c                I2C1_ER_IRQHandler
                0x0800760c                DMA2_Stream6_IRQHandler
                0x0800760c                DMA1_Stream3_IRQHandler
 *fill*         0x0800760e        0x2 
 .text.HAL_Init
                0x08007610       0x44 ./Drivers/STM32F4xx_HAL_Driver/Src/stm32f4xx_hal.o
                0x08007610                HAL_Init
 .text.HAL_InitTick
                0x08007654       0x60 ./Drivers/STM32F4xx_HAL_Driver/Src/stm32f4xx_hal.o
                0x08007654                HAL_InitTick
 .text.HAL_IncTick
                0x080076b4       0x28 ./Drivers/STM32F4xx_HAL_Driver/Src/stm32f4xx_hal.o
                0x080076b4                HAL_IncTick
 .text.HAL_GetTick
                0x080076dc       0x18 ./Drivers/STM32F4xx_HAL_Driver/Src/stm32f4xx_hal.o
                0x080076dc                HAL_GetTick
 .text.HAL_Delay
                0x080076f4       0x48 ./Drivers/STM32F4xx_HAL_Driver/Src/stm32f4xx_hal.o
                0x080076f4                HAL_Delay
 .text.HAL_ADC_Init
                0x0800773c       0x86 ./Drivers/STM32F4xx_HAL_Driver/Src/stm32f4xx_hal_adc.o
                0x0800773c                HAL_ADC_Init
 *fill*         0x080077c2        0x2 
 .text.HAL_ADC_Start_DMA
                0x080077c4      0x1e8 ./Drivers/STM32F4xx_HAL_Driver/Src/stm32f4xx_hal_adc.o
                0x080077c4                HAL_ADC_Start_DMA
 .text.HAL_ADC_ConvHalfCpltCallback
                0x080079ac       0x14 ./Drivers/STM32F4xx_HAL_Driver/Src/stm32f4xx_hal_adc.o
                0x080079ac                HAL_ADC_ConvHalfCpltCallback
 .text.HAL_ADC_ErrorCallback
                0x080079c0       0x14 ./Drivers/STM32F4xx_HAL_Driver/Src/stm32f4xx_hal_adc.o
                0x080079c0                HAL_ADC_ErrorCallback
 .text.HAL_ADC_ConfigChannel
                0x080079d4      0x264 ./Drivers/STM32F4xx_HAL_Driver/Src/stm32f4xx_hal_adc.o
                0x080079d4                HAL_ADC_ConfigChannel
 .text.ADC_Init
                0x08007c38      0x1f8 ./Drivers/STM32F4xx_HAL_Driver/Src/stm32f4xx_hal_adc.o
 .text.ADC_DMAConvCplt
                0x08007e30       0xba ./Drivers/STM32F4xx_HAL_Driver/Src/stm32f4xx_hal_adc.o
 .text.ADC_DMAHalfConvCplt
                0x08007eea       0x1c ./Drivers/STM32F4xx_HAL_Driver/Src/stm32f4xx_hal_adc.o
 .text.ADC_DMAError
                0x08007f06       0x2e ./Drivers/STM32F4xx_HAL_Driver/Src/stm32f4xx_hal_adc.o
 .text.__NVIC_SetPriorityGrouping
                0x08007f34       0x48 ./Drivers/STM32F4xx_HAL_Driver/Src/stm32f4xx_hal_cortex.o
 .text.__NVIC_GetPriorityGrouping
                0x08007f7c       0x1c ./Drivers/STM32F4xx_HAL_Driver/Src/stm32f4xx_hal_cortex.o
 .text.__NVIC_EnableIRQ
                0x08007f98       0x3c ./Drivers/STM32F4xx_HAL_Driver/Src/stm32f4xx_hal_cortex.o
 .text.__NVIC_SetPriority
                0x08007fd4       0x54 ./Drivers/STM32F4xx_HAL_Driver/Src/stm32f4xx_hal_cortex.o
 .text.NVIC_EncodePriority
                0x08008028       0x66 ./Drivers/STM32F4xx_HAL_Driver/Src/stm32f4xx_hal_cortex.o
 *fill*         0x0800808e        0x2 
 .text.SysTick_Config
                0x08008090       0x44 ./Drivers/STM32F4xx_HAL_Driver/Src/stm32f4xx_hal_cortex.o
 .text.HAL_NVIC_SetPriorityGrouping
                0x080080d4       0x16 ./Drivers/STM32F4xx_HAL_Driver/Src/stm32f4xx_hal_cortex.o
                0x080080d4                HAL_NVIC_SetPriorityGrouping
 .text.HAL_NVIC_SetPriority
                0x080080ea       0x38 ./Drivers/STM32F4xx_HAL_Driver/Src/stm32f4xx_hal_cortex.o
                0x080080ea                HAL_NVIC_SetPriority
 .text.HAL_NVIC_EnableIRQ
                0x08008122       0x1c ./Drivers/STM32F4xx_HAL_Driver/Src/stm32f4xx_hal_cortex.o
                0x08008122                HAL_NVIC_EnableIRQ
 .text.HAL_SYSTICK_Config
                0x0800813e       0x18 ./Drivers/STM32F4xx_HAL_Driver/Src/stm32f4xx_hal_cortex.o
                0x0800813e                HAL_SYSTICK_Config
 *fill*         0x08008156        0x2 
 .text.HAL_DMA_Init
                0x08008158      0x15c ./Drivers/STM32F4xx_HAL_Driver/Src/stm32f4xx_hal_dma.o
                0x08008158                HAL_DMA_Init
 .text.HAL_DMA_Start_IT
                0x080082b4       0xb0 ./Drivers/STM32F4xx_HAL_Driver/Src/stm32f4xx_hal_dma.o
                0x080082b4                HAL_DMA_Start_IT
 .text.HAL_DMA_Abort
                0x08008364       0xe0 ./Drivers/STM32F4xx_HAL_Driver/Src/stm32f4xx_hal_dma.o
                0x08008364                HAL_DMA_Abort
 .text.HAL_DMA_Abort_IT
                0x08008444       0x44 ./Drivers/STM32F4xx_HAL_Driver/Src/stm32f4xx_hal_dma.o
                0x08008444                HAL_DMA_Abort_IT
 .text.HAL_DMA_IRQHandler
                0x08008488      0x314 ./Drivers/STM32F4xx_HAL_Driver/Src/stm32f4xx_hal_dma.o
                0x08008488                HAL_DMA_IRQHandler
 .text.HAL_DMA_GetState
                0x0800879c       0x1c ./Drivers/STM32F4xx_HAL_Driver/Src/stm32f4xx_hal_dma.o
                0x0800879c                HAL_DMA_GetState
 .text.HAL_DMA_GetError
                0x080087b8       0x18 ./Drivers/STM32F4xx_HAL_Driver/Src/stm32f4xx_hal_dma.o
                0x080087b8                HAL_DMA_GetError
 .text.DMA_SetConfig
                0x080087d0       0x5c ./Drivers/STM32F4xx_HAL_Driver/Src/stm32f4xx_hal_dma.o
 .text.DMA_CalcBaseAndBitshift
                0x0800882c       0x6c ./Drivers/STM32F4xx_HAL_Driver/Src/stm32f4xx_hal_dma.o
 .text.DMA_CheckFifoParam
                0x08008898       0xf8 ./Drivers/STM32F4xx_HAL_Driver/Src/stm32f4xx_hal_dma.o
 .text.HAL_GPIO_Init
                0x08008990      0x308 ./Drivers/STM32F4xx_HAL_Driver/Src/stm32f4xx_hal_gpio.o
                0x08008990                HAL_GPIO_Init
 .text.HAL_GPIO_DeInit
                0x08008c98      0x1c8 ./Drivers/STM32F4xx_HAL_Driver/Src/stm32f4xx_hal_gpio.o
                0x08008c98                HAL_GPIO_DeInit
 .text.HAL_GPIO_ReadPin
                0x08008e60       0x30 ./Drivers/STM32F4xx_HAL_Driver/Src/stm32f4xx_hal_gpio.o
                0x08008e60                HAL_GPIO_ReadPin
 .text.HAL_GPIO_WritePin
                0x08008e90       0x32 ./Drivers/STM32F4xx_HAL_Driver/Src/stm32f4xx_hal_gpio.o
                0x08008e90                HAL_GPIO_WritePin
 .text.HAL_GPIO_TogglePin
                0x08008ec2       0x34 ./Drivers/STM32F4xx_HAL_Driver/Src/stm32f4xx_hal_gpio.o
                0x08008ec2                HAL_GPIO_TogglePin
 *fill*         0x08008ef6        0x2 
 .text.HAL_GPIO_EXTI_IRQHandler
                0x08008ef8       0x30 ./Drivers/STM32F4xx_HAL_Driver/Src/stm32f4xx_hal_gpio.o
                0x08008ef8                HAL_GPIO_EXTI_IRQHandler
 .text.HAL_I2C_Init
                0x08008f28      0x288 ./Drivers/STM32F4xx_HAL_Driver/Src/stm32f4xx_hal_i2c.o
                0x08008f28                HAL_I2C_Init
 .text.I2C_Flush_DR
                0x080091b0       0x2a ./Drivers/STM32F4xx_HAL_Driver/Src/stm32f4xx_hal_i2c.o
 *fill*         0x080091da        0x2 
 .text.HAL_I2C_Mem_Write
                0x080091dc      0x1f4 ./Drivers/STM32F4xx_HAL_Driver/Src/stm32f4xx_hal_i2c.o
                0x080091dc                HAL_I2C_Mem_Write
 .text.HAL_I2C_Mem_Read
                0x080093d0      0x464 ./Drivers/STM32F4xx_HAL_Driver/Src/stm32f4xx_hal_i2c.o
                0x080093d0                HAL_I2C_Mem_Read
 .text.HAL_I2C_Mem_Read_DMA
                0x08009834      0x320 ./Drivers/STM32F4xx_HAL_Driver/Src/stm32f4xx_hal_i2c.o
                0x08009834                HAL_I2C_Mem_Read_DMA
 .text.HAL_I2C_EV_IRQHandler
                0x08009b54      0x2e2 ./Drivers/STM32F4xx_HAL_Driver/Src/stm32f4xx_hal_i2c.o
                0x08009b54                HAL_I2C_EV_IRQHandler
 .text.HAL_I2C_MasterTxCpltCallback
                0x08009e36       0x14 ./Drivers/STM32F4xx_HAL_Driver/Src/stm32f4xx_hal_i2c.o
                0x08009e36                HAL_I2C_MasterTxCpltCallback
 .text.HAL_I2C_MasterRxCpltCallback
                0x08009e4a       0x14 ./Drivers/STM32F4xx_HAL_Driver/Src/stm32f4xx_hal_i2c.o
                0x08009e4a                HAL_I2C_MasterRxCpltCallback
 .text.HAL_I2C_SlaveTxCpltCallback
                0x08009e5e       0x14 ./Drivers/STM32F4xx_HAL_Driver/Src/stm32f4xx_hal_i2c.o
                0x08009e5e                HAL_I2C_SlaveTxCpltCallback
 .text.HAL_I2C_SlaveRxCpltCallback
                0x08009e72       0x14 ./Drivers/STM32F4xx_HAL_Driver/Src/stm32f4xx_hal_i2c.o
                0x08009e72                HAL_I2C_SlaveRxCpltCallback
 .text.HAL_I2C_AddrCallback
                0x08009e86       0x1c ./Drivers/STM32F4xx_HAL_Driver/Src/stm32f4xx_hal_i2c.o
                0x08009e86                HAL_I2C_AddrCallback
 .text.HAL_I2C_ListenCpltCallback
                0x08009ea2       0x14 ./Drivers/STM32F4xx_HAL_Driver/Src/stm32f4xx_hal_i2c.o
                0x08009ea2                HAL_I2C_ListenCpltCallback
 .text.HAL_I2C_MemTxCpltCallback
                0x08009eb6       0x14 ./Drivers/STM32F4xx_HAL_Driver/Src/stm32f4xx_hal_i2c.o
                0x08009eb6                HAL_I2C_MemTxCpltCallback
 .text.HAL_I2C_ErrorCallback
                0x08009eca       0x14 ./Drivers/STM32F4xx_HAL_Driver/Src/stm32f4xx_hal_i2c.o
                0x08009eca                HAL_I2C_ErrorCallback
 .text.HAL_I2C_AbortCpltCallback
                0x08009ede       0x14 ./Drivers/STM32F4xx_HAL_Driver/Src/stm32f4xx_hal_i2c.o
                0x08009ede                HAL_I2C_AbortCpltCallback
 .text.HAL_I2C_GetState
                0x08009ef2       0x1c ./Drivers/STM32F4xx_HAL_Driver/Src/stm32f4xx_hal_i2c.o
                0x08009ef2                HAL_I2C_GetState
 .text.I2C_MasterTransmit_TXE
                0x08009f0e      0x138 ./Drivers/STM32F4xx_HAL_Driver/Src/stm32f4xx_hal_i2c.o
 .text.I2C_MasterTransmit_BTF
                0x0800a046       0xec ./Drivers/STM32F4xx_HAL_Driver/Src/stm32f4xx_hal_i2c.o
 .text.I2C_MemoryTransmit_TXE_BTF
                0x0800a132      0x130 ./Drivers/STM32F4xx_HAL_Driver/Src/stm32f4xx_hal_i2c.o
 .text.I2C_MasterReceive_RXNE
                0x0800a262      0x190 ./Drivers/STM32F4xx_HAL_Driver/Src/stm32f4xx_hal_i2c.o
 .text.I2C_MasterReceive_BTF
                0x0800a3f2      0x1e2 ./Drivers/STM32F4xx_HAL_Driver/Src/stm32f4xx_hal_i2c.o
 .text.I2C_Master_SB
                0x0800a5d4      0x10c ./Drivers/STM32F4xx_HAL_Driver/Src/stm32f4xx_hal_i2c.o
 .text.I2C_Master_ADD10
                0x0800a6e0       0x54 ./Drivers/STM32F4xx_HAL_Driver/Src/stm32f4xx_hal_i2c.o
 .text.I2C_Master_ADDR
                0x0800a734      0x322 ./Drivers/STM32F4xx_HAL_Driver/Src/stm32f4xx_hal_i2c.o
 .text.I2C_SlaveTransmit_TXE
                0x0800aa56       0x7a ./Drivers/STM32F4xx_HAL_Driver/Src/stm32f4xx_hal_i2c.o
 .text.I2C_SlaveTransmit_BTF
                0x0800aad0       0x42 ./Drivers/STM32F4xx_HAL_Driver/Src/stm32f4xx_hal_i2c.o
 .text.I2C_SlaveReceive_RXNE
                0x0800ab12       0x7c ./Drivers/STM32F4xx_HAL_Driver/Src/stm32f4xx_hal_i2c.o
 .text.I2C_SlaveReceive_BTF
                0x0800ab8e       0x44 ./Drivers/STM32F4xx_HAL_Driver/Src/stm32f4xx_hal_i2c.o
 .text.I2C_Slave_ADDR
                0x0800abd2       0x94 ./Drivers/STM32F4xx_HAL_Driver/Src/stm32f4xx_hal_i2c.o
 *fill*         0x0800ac66        0x2 
 .text.I2C_Slave_STOPF
                0x0800ac68      0x260 ./Drivers/STM32F4xx_HAL_Driver/Src/stm32f4xx_hal_i2c.o
 .text.I2C_ITError
                0x0800aec8      0x264 ./Drivers/STM32F4xx_HAL_Driver/Src/stm32f4xx_hal_i2c.o
 .text.I2C_RequestMemoryWrite
                0x0800b12c      0x12c ./Drivers/STM32F4xx_HAL_Driver/Src/stm32f4xx_hal_i2c.o
 .text.I2C_RequestMemoryRead
                0x0800b258      0x1d0 ./Drivers/STM32F4xx_HAL_Driver/Src/stm32f4xx_hal_i2c.o
 .text.I2C_DMAXferCplt
                0x0800b428      0x1be ./Drivers/STM32F4xx_HAL_Driver/Src/stm32f4xx_hal_i2c.o
 .text.I2C_DMAError
                0x0800b5e6       0x7a ./Drivers/STM32F4xx_HAL_Driver/Src/stm32f4xx_hal_i2c.o
 .text.I2C_DMAAbort
                0x0800b660      0x150 ./Drivers/STM32F4xx_HAL_Driver/Src/stm32f4xx_hal_i2c.o
 .text.I2C_WaitOnFlagUntilTimeout
                0x0800b7b0       0xf4 ./Drivers/STM32F4xx_HAL_Driver/Src/stm32f4xx_hal_i2c.o
 .text.I2C_WaitOnMasterAddressFlagUntilTimeout
                0x0800b8a4      0x140 ./Drivers/STM32F4xx_HAL_Driver/Src/stm32f4xx_hal_i2c.o
 .text.I2C_WaitOnTXEFlagUntilTimeout
                0x0800b9e4       0x90 ./Drivers/STM32F4xx_HAL_Driver/Src/stm32f4xx_hal_i2c.o
 .text.I2C_WaitOnBTFFlagUntilTimeout
                0x0800ba74       0x90 ./Drivers/STM32F4xx_HAL_Driver/Src/stm32f4xx_hal_i2c.o
 .text.I2C_WaitOnSTOPRequestThroughIT
                0x0800bb04       0x64 ./Drivers/STM32F4xx_HAL_Driver/Src/stm32f4xx_hal_i2c.o
 .text.I2C_WaitOnRXNEFlagUntilTimeout
                0x0800bb68       0xba ./Drivers/STM32F4xx_HAL_Driver/Src/stm32f4xx_hal_i2c.o
 .text.I2C_IsAcknowledgeFailed
                0x0800bc22       0x5e ./Drivers/STM32F4xx_HAL_Driver/Src/stm32f4xx_hal_i2c.o
 .text.I2C_ConvertOtherXferOptions
                0x0800bc80       0x36 ./Drivers/STM32F4xx_HAL_Driver/Src/stm32f4xx_hal_i2c.o
 .text.HAL_IWDG_Init
                0x0800bcb6       0x88 ./Drivers/STM32F4xx_HAL_Driver/Src/stm32f4xx_hal_iwdg.o
                0x0800bcb6                HAL_IWDG_Init
 .text.HAL_IWDG_Refresh
                0x0800bd3e       0x20 ./Drivers/STM32F4xx_HAL_Driver/Src/stm32f4xx_hal_iwdg.o
                0x0800bd3e                HAL_IWDG_Refresh
 *fill*         0x0800bd5e        0x2 
 .text.HAL_PWR_PVD_IRQHandler
                0x0800bd60       0x24 ./Drivers/STM32F4xx_HAL_Driver/Src/stm32f4xx_hal_pwr.o
                0x0800bd60                HAL_PWR_PVD_IRQHandler
 .text.HAL_PWR_PVDCallback
                0x0800bd84        0xe ./Drivers/STM32F4xx_HAL_Driver/Src/stm32f4xx_hal_pwr.o
                0x0800bd84                HAL_PWR_PVDCallback
 *fill*         0x0800bd92        0x2 
 .text.HAL_RCC_OscConfig
                0x0800bd94      0x4f0 ./Drivers/STM32F4xx_HAL_Driver/Src/stm32f4xx_hal_rcc.o
                0x0800bd94                HAL_RCC_OscConfig
 .text.HAL_RCC_ClockConfig
                0x0800c284      0x1cc ./Drivers/STM32F4xx_HAL_Driver/Src/stm32f4xx_hal_rcc.o
                0x0800c284                HAL_RCC_ClockConfig
 .text.HAL_RCC_GetSysClockFreq
                0x0800c450      0x20c ./Drivers/STM32F4xx_HAL_Driver/Src/stm32f4xx_hal_rcc.o
                0x0800c450                HAL_RCC_GetSysClockFreq
 .text.HAL_RCC_GetHCLKFreq
                0x0800c65c       0x18 ./Drivers/STM32F4xx_HAL_Driver/Src/stm32f4xx_hal_rcc.o
                0x0800c65c                HAL_RCC_GetHCLKFreq
 .text.HAL_RCC_GetPCLK1Freq
                0x0800c674       0x28 ./Drivers/STM32F4xx_HAL_Driver/Src/stm32f4xx_hal_rcc.o
                0x0800c674                HAL_RCC_GetPCLK1Freq
 .text.HAL_RCC_GetPCLK2Freq
                0x0800c69c       0x28 ./Drivers/STM32F4xx_HAL_Driver/Src/stm32f4xx_hal_rcc.o
                0x0800c69c                HAL_RCC_GetPCLK2Freq
 .text.HAL_RCCEx_PeriphCLKConfig
                0x0800c6c4      0x1e0 ./Drivers/STM32F4xx_HAL_Driver/Src/stm32f4xx_hal_rcc_ex.o
                0x0800c6c4                HAL_RCCEx_PeriphCLKConfig
 .text.HAL_RTC_Init
                0x0800c8a4      0x102 ./Drivers/STM32F4xx_HAL_Driver/Src/stm32f4xx_hal_rtc.o
                0x0800c8a4                HAL_RTC_Init
 .text.HAL_RTC_SetTime
                0x0800c9a6      0x134 ./Drivers/STM32F4xx_HAL_Driver/Src/stm32f4xx_hal_rtc.o
                0x0800c9a6                HAL_RTC_SetTime
 .text.HAL_RTC_GetTime
                0x0800cada       0xbc ./Drivers/STM32F4xx_HAL_Driver/Src/stm32f4xx_hal_rtc.o
                0x0800cada                HAL_RTC_GetTime
 .text.HAL_RTC_SetDate
                0x0800cb96      0x108 ./Drivers/STM32F4xx_HAL_Driver/Src/stm32f4xx_hal_rtc.o
                0x0800cb96                HAL_RTC_SetDate
 .text.HAL_RTC_GetDate
                0x0800cc9e       0x9e ./Drivers/STM32F4xx_HAL_Driver/Src/stm32f4xx_hal_rtc.o
                0x0800cc9e                HAL_RTC_GetDate
 .text.HAL_RTC_WaitForSynchro
                0x0800cd3c       0x4c ./Drivers/STM32F4xx_HAL_Driver/Src/stm32f4xx_hal_rtc.o
                0x0800cd3c                HAL_RTC_WaitForSynchro
 .text.RTC_EnterInitMode
                0x0800cd88       0x6e ./Drivers/STM32F4xx_HAL_Driver/Src/stm32f4xx_hal_rtc.o
                0x0800cd88                RTC_EnterInitMode
 .text.RTC_ExitInitMode
                0x0800cdf6       0x4a ./Drivers/STM32F4xx_HAL_Driver/Src/stm32f4xx_hal_rtc.o
                0x0800cdf6                RTC_ExitInitMode
 .text.RTC_ByteToBcd2
                0x0800ce40       0x3c ./Drivers/STM32F4xx_HAL_Driver/Src/stm32f4xx_hal_rtc.o
                0x0800ce40                RTC_ByteToBcd2
 .text.RTC_Bcd2ToByte
                0x0800ce7c       0x3c ./Drivers/STM32F4xx_HAL_Driver/Src/stm32f4xx_hal_rtc.o
                0x0800ce7c                RTC_Bcd2ToByte
 .text.HAL_SPI_Init
                0x0800ceb8      0x112 ./Drivers/STM32F4xx_HAL_Driver/Src/stm32f4xx_hal_spi.o
                0x0800ceb8                HAL_SPI_Init
 .text.HAL_SPI_DeInit
                0x0800cfca       0x50 ./Drivers/STM32F4xx_HAL_Driver/Src/stm32f4xx_hal_spi.o
                0x0800cfca                HAL_SPI_DeInit
 .text.HAL_SPI_Transmit
                0x0800d01a      0x288 ./Drivers/STM32F4xx_HAL_Driver/Src/stm32f4xx_hal_spi.o
                0x0800d01a                HAL_SPI_Transmit
 .text.HAL_SPI_TransmitReceive
                0x0800d2a2      0x352 ./Drivers/STM32F4xx_HAL_Driver/Src/stm32f4xx_hal_spi.o
                0x0800d2a2                HAL_SPI_TransmitReceive
 .text.SPI_WaitFlagStateUntilTimeout
                0x0800d5f4      0x110 ./Drivers/STM32F4xx_HAL_Driver/Src/stm32f4xx_hal_spi.o
 .text.SPI_EndRxTxTransaction
                0x0800d704       0xa8 ./Drivers/STM32F4xx_HAL_Driver/Src/stm32f4xx_hal_spi.o
 .text.HAL_TIM_Base_Init
                0x0800d7ac       0x9e ./Drivers/STM32F4xx_HAL_Driver/Src/stm32f4xx_hal_tim.o
                0x0800d7ac                HAL_TIM_Base_Init
 *fill*         0x0800d84a        0x2 
 .text.HAL_TIM_Base_Start
                0x0800d84c       0xb4 ./Drivers/STM32F4xx_HAL_Driver/Src/stm32f4xx_hal_tim.o
                0x0800d84c                HAL_TIM_Base_Start
 .text.HAL_TIM_OC_Init
                0x0800d900       0x9e ./Drivers/STM32F4xx_HAL_Driver/Src/stm32f4xx_hal_tim.o
                0x0800d900                HAL_TIM_OC_Init
 .text.HAL_TIM_OC_MspInit
                0x0800d99e       0x14 ./Drivers/STM32F4xx_HAL_Driver/Src/stm32f4xx_hal_tim.o
                0x0800d99e                HAL_TIM_OC_MspInit
 *fill*         0x0800d9b2        0x2 
 .text.HAL_TIM_OC_Start
                0x0800d9b4      0x160 ./Drivers/STM32F4xx_HAL_Driver/Src/stm32f4xx_hal_tim.o
                0x0800d9b4                HAL_TIM_OC_Start
 .text.HAL_TIM_PWM_Init
                0x0800db14       0x9e ./Drivers/STM32F4xx_HAL_Driver/Src/stm32f4xx_hal_tim.o
                0x0800db14                HAL_TIM_PWM_Init
 *fill*         0x0800dbb2        0x2 
 .text.HAL_TIM_PWM_Start
                0x0800dbb4      0x160 ./Drivers/STM32F4xx_HAL_Driver/Src/stm32f4xx_hal_tim.o
                0x0800dbb4                HAL_TIM_PWM_Start
 .text.HAL_TIM_IC_Init
                0x0800dd14       0x9e ./Drivers/STM32F4xx_HAL_Driver/Src/stm32f4xx_hal_tim.o
                0x0800dd14                HAL_TIM_IC_Init
 *fill*         0x0800ddb2        0x2 
 .text.HAL_TIM_IC_Start_IT
                0x0800ddb4      0x234 ./Drivers/STM32F4xx_HAL_Driver/Src/stm32f4xx_hal_tim.o
                0x0800ddb4                HAL_TIM_IC_Start_IT
 .text.HAL_TIM_IRQHandler
                0x0800dfe8      0x1e0 ./Drivers/STM32F4xx_HAL_Driver/Src/stm32f4xx_hal_tim.o
                0x0800dfe8                HAL_TIM_IRQHandler
 .text.HAL_TIM_OC_ConfigChannel
                0x0800e1c8       0xb8 ./Drivers/STM32F4xx_HAL_Driver/Src/stm32f4xx_hal_tim.o
                0x0800e1c8                HAL_TIM_OC_ConfigChannel
 .text.HAL_TIM_IC_ConfigChannel
                0x0800e280      0x138 ./Drivers/STM32F4xx_HAL_Driver/Src/stm32f4xx_hal_tim.o
                0x0800e280                HAL_TIM_IC_ConfigChannel
 .text.HAL_TIM_PWM_ConfigChannel
                0x0800e3b8      0x184 ./Drivers/STM32F4xx_HAL_Driver/Src/stm32f4xx_hal_tim.o
                0x0800e3b8                HAL_TIM_PWM_ConfigChannel
 .text.HAL_TIM_ConfigClockSource
                0x0800e53c      0x18e ./Drivers/STM32F4xx_HAL_Driver/Src/stm32f4xx_hal_tim.o
                0x0800e53c                HAL_TIM_ConfigClockSource
 .text.HAL_TIM_SlaveConfigSynchro
                0x0800e6ca       0x84 ./Drivers/STM32F4xx_HAL_Driver/Src/stm32f4xx_hal_tim.o
                0x0800e6ca                HAL_TIM_SlaveConfigSynchro
 *fill*         0x0800e74e        0x2 
 .text.HAL_TIM_ReadCapturedValue
                0x0800e750       0x88 ./Drivers/STM32F4xx_HAL_Driver/Src/stm32f4xx_hal_tim.o
                0x0800e750                HAL_TIM_ReadCapturedValue
 .text.HAL_TIM_PeriodElapsedCallback
                0x0800e7d8       0x14 ./Drivers/STM32F4xx_HAL_Driver/Src/stm32f4xx_hal_tim.o
                0x0800e7d8                HAL_TIM_PeriodElapsedCallback
 .text.HAL_TIM_OC_DelayElapsedCallback
                0x0800e7ec       0x14 ./Drivers/STM32F4xx_HAL_Driver/Src/stm32f4xx_hal_tim.o
                0x0800e7ec                HAL_TIM_OC_DelayElapsedCallback
 .text.HAL_TIM_PWM_PulseFinishedCallback
                0x0800e800       0x14 ./Drivers/STM32F4xx_HAL_Driver/Src/stm32f4xx_hal_tim.o
                0x0800e800                HAL_TIM_PWM_PulseFinishedCallback
 .text.HAL_TIM_TriggerCallback
                0x0800e814       0x14 ./Drivers/STM32F4xx_HAL_Driver/Src/stm32f4xx_hal_tim.o
                0x0800e814                HAL_TIM_TriggerCallback
 .text.TIM_Base_SetConfig
                0x0800e828      0x10c ./Drivers/STM32F4xx_HAL_Driver/Src/stm32f4xx_hal_tim.o
                0x0800e828                TIM_Base_SetConfig
 .text.TIM_OC1_SetConfig
                0x0800e934       0xcc ./Drivers/STM32F4xx_HAL_Driver/Src/stm32f4xx_hal_tim.o
 .text.TIM_OC2_SetConfig
                0x0800ea00       0xd8 ./Drivers/STM32F4xx_HAL_Driver/Src/stm32f4xx_hal_tim.o
                0x0800ea00                TIM_OC2_SetConfig
 .text.TIM_OC3_SetConfig
                0x0800ead8       0xd4 ./Drivers/STM32F4xx_HAL_Driver/Src/stm32f4xx_hal_tim.o
 .text.TIM_OC4_SetConfig
                0x0800ebac       0xa0 ./Drivers/STM32F4xx_HAL_Driver/Src/stm32f4xx_hal_tim.o
 .text.TIM_SlaveTimer_SetConfig
                0x0800ec4c      0x122 ./Drivers/STM32F4xx_HAL_Driver/Src/stm32f4xx_hal_tim.o
 *fill*         0x0800ed6e        0x2 
 .text.TIM_TI1_SetConfig
                0x0800ed70       0xd0 ./Drivers/STM32F4xx_HAL_Driver/Src/stm32f4xx_hal_tim.o
                0x0800ed70                TIM_TI1_SetConfig
 .text.TIM_TI1_ConfigInputStage
                0x0800ee40       0x5e ./Drivers/STM32F4xx_HAL_Driver/Src/stm32f4xx_hal_tim.o
 .text.TIM_TI2_SetConfig
                0x0800ee9e       0x7a ./Drivers/STM32F4xx_HAL_Driver/Src/stm32f4xx_hal_tim.o
 .text.TIM_TI2_ConfigInputStage
                0x0800ef18       0x60 ./Drivers/STM32F4xx_HAL_Driver/Src/stm32f4xx_hal_tim.o
 .text.TIM_TI3_SetConfig
                0x0800ef78       0x78 ./Drivers/STM32F4xx_HAL_Driver/Src/stm32f4xx_hal_tim.o
 .text.TIM_TI4_SetConfig
                0x0800eff0       0x7a ./Drivers/STM32F4xx_HAL_Driver/Src/stm32f4xx_hal_tim.o
 .text.TIM_ITRx_SetConfig
                0x0800f06a       0x36 ./Drivers/STM32F4xx_HAL_Driver/Src/stm32f4xx_hal_tim.o
 .text.TIM_ETR_SetConfig
                0x0800f0a0       0x40 ./Drivers/STM32F4xx_HAL_Driver/Src/stm32f4xx_hal_tim.o
                0x0800f0a0                TIM_ETR_SetConfig
 .text.TIM_CCxChannelCmd
                0x0800f0e0       0x4a ./Drivers/STM32F4xx_HAL_Driver/Src/stm32f4xx_hal_tim.o
                0x0800f0e0                TIM_CCxChannelCmd
 *fill*         0x0800f12a        0x2 
 .text.HAL_TIMEx_MasterConfigSynchronization
                0x0800f12c       0xdc ./Drivers/STM32F4xx_HAL_Driver/Src/stm32f4xx_hal_tim_ex.o
                0x0800f12c                HAL_TIMEx_MasterConfigSynchronization
 .text.HAL_TIMEx_ConfigBreakDeadTime
                0x0800f208       0xa4 ./Drivers/STM32F4xx_HAL_Driver/Src/stm32f4xx_hal_tim_ex.o
                0x0800f208                HAL_TIMEx_ConfigBreakDeadTime
 .text.HAL_TIMEx_CommutCallback
                0x0800f2ac       0x14 ./Drivers/STM32F4xx_HAL_Driver/Src/stm32f4xx_hal_tim_ex.o
                0x0800f2ac                HAL_TIMEx_CommutCallback
 .text.HAL_TIMEx_BreakCallback
                0x0800f2c0       0x14 ./Drivers/STM32F4xx_HAL_Driver/Src/stm32f4xx_hal_tim_ex.o
                0x0800f2c0                HAL_TIMEx_BreakCallback
 .text.HAL_UART_Init
                0x0800f2d4       0xa0 ./Drivers/STM32F4xx_HAL_Driver/Src/stm32f4xx_hal_uart.o
                0x0800f2d4                HAL_UART_Init
 .text.HAL_UART_Transmit
                0x0800f374      0x116 ./Drivers/STM32F4xx_HAL_Driver/Src/stm32f4xx_hal_uart.o
                0x0800f374                HAL_UART_Transmit
 .text.HAL_UART_Transmit_IT
                0x0800f48a       0x6c ./Drivers/STM32F4xx_HAL_Driver/Src/stm32f4xx_hal_uart.o
                0x0800f48a                HAL_UART_Transmit_IT
 .text.HAL_UART_Receive_IT
                0x0800f4f6       0x4a ./Drivers/STM32F4xx_HAL_Driver/Src/stm32f4xx_hal_uart.o
                0x0800f4f6                HAL_UART_Receive_IT
 .text.HAL_UART_IRQHandler
                0x0800f540      0x554 ./Drivers/STM32F4xx_HAL_Driver/Src/stm32f4xx_hal_uart.o
                0x0800f540                HAL_UART_IRQHandler
 .text.HAL_UART_TxCpltCallback
                0x0800fa94       0x14 ./Drivers/STM32F4xx_HAL_Driver/Src/stm32f4xx_hal_uart.o
                0x0800fa94                HAL_UART_TxCpltCallback
 .text.HAL_UART_ErrorCallback
                0x0800faa8       0x14 ./Drivers/STM32F4xx_HAL_Driver/Src/stm32f4xx_hal_uart.o
                0x0800faa8                HAL_UART_ErrorCallback
 .text.HAL_UARTEx_RxEventCallback
                0x0800fabc       0x18 ./Drivers/STM32F4xx_HAL_Driver/Src/stm32f4xx_hal_uart.o
                0x0800fabc                HAL_UARTEx_RxEventCallback
 .text.HAL_UART_GetState
                0x0800fad4       0x3c ./Drivers/STM32F4xx_HAL_Driver/Src/stm32f4xx_hal_uart.o
                0x0800fad4                HAL_UART_GetState
 .text.UART_WaitOnFlagUntilTimeout
                0x0800fb10       0xb2 ./Drivers/STM32F4xx_HAL_Driver/Src/stm32f4xx_hal_uart.o
 .text.UART_Start_Receive_IT
                0x0800fbc2       0x74 ./Drivers/STM32F4xx_HAL_Driver/Src/stm32f4xx_hal_uart.o
                0x0800fbc2                UART_Start_Receive_IT
 .text.UART_EndRxTransfer
                0x0800fc36       0xc6 ./Drivers/STM32F4xx_HAL_Driver/Src/stm32f4xx_hal_uart.o
 .text.UART_DMAAbortOnError
                0x0800fcfc       0x22 ./Drivers/STM32F4xx_HAL_Driver/Src/stm32f4xx_hal_uart.o
 .text.UART_Transmit_IT
                0x0800fd1e       0xa0 ./Drivers/STM32F4xx_HAL_Driver/Src/stm32f4xx_hal_uart.o
 .text.UART_EndTransmit_IT
                0x0800fdbe       0x30 ./Drivers/STM32F4xx_HAL_Driver/Src/stm32f4xx_hal_uart.o
 .text.UART_Receive_IT
                0x0800fdee      0x17c ./Drivers/STM32F4xx_HAL_Driver/Src/stm32f4xx_hal_uart.o
 *fill*         0x0800ff6a        0x2 
 .text.UART_SetConfig
                0x0800ff6c      0x4e8 ./Drivers/STM32F4xx_HAL_Driver/Src/stm32f4xx_hal_uart.o
 .text.MX_FATFS_Init
                0x08010454       0x24 ./FATFS/App/fatfs.o
                0x08010454                MX_FATFS_Init
 .text.get_fattime
                0x08010478       0x10 ./FATFS/App/fatfs.o
                0x08010478                get_fattime
 .text.USER_initialize
                0x08010488       0x1c ./FATFS/Target/user_diskio.o
                0x08010488                USER_initialize
 .text.USER_status
                0x080104a4       0x1c ./FATFS/Target/user_diskio.o
                0x080104a4                USER_status
 .text.USER_read
                0x080104c0       0x26 ./FATFS/Target/user_diskio.o
                0x080104c0                USER_read
 .text.USER_write
                0x080104e6       0x26 ./FATFS/Target/user_diskio.o
                0x080104e6                USER_write
 .text.USER_ioctl
                0x0801050c       0x26 ./FATFS/Target/user_diskio.o
                0x0801050c                USER_ioctl
 *fill*         0x08010532        0x2 
 .text.SPI_Timer_On
                0x08010534       0x28 ./FATFS/Target/user_diskio_spi.o
                0x08010534                SPI_Timer_On
 .text.SPI_Timer_Status
                0x0801055c       0x2c ./FATFS/Target/user_diskio_spi.o
                0x0801055c                SPI_Timer_Status
 .text.xchg_spi
                0x08010588       0x2c ./FATFS/Target/user_diskio_spi.o
 .text.rcvr_spi_multi
                0x080105b4       0x38 ./FATFS/Target/user_diskio_spi.o
 .text.xmit_spi_multi
                0x080105ec       0x28 ./FATFS/Target/user_diskio_spi.o
 .text.wait_ready
                0x08010614       0x46 ./FATFS/Target/user_diskio_spi.o
 *fill*         0x0801065a        0x2 
 .text.despiselect
                0x0801065c       0x1c ./FATFS/Target/user_diskio_spi.o
 .text.spiselect
                0x08010678       0x34 ./FATFS/Target/user_diskio_spi.o
 .text.rcvr_datablock
                0x080106ac       0x52 ./FATFS/Target/user_diskio_spi.o
 .text.xmit_datablock
                0x080106fe       0x64 ./FATFS/Target/user_diskio_spi.o
 .text.send_cmd
                0x08010762       0xde ./FATFS/Target/user_diskio_spi.o
 .text.USER_SPI_initialize
                0x08010840      0x1d8 ./FATFS/Target/user_diskio_spi.o
                0x08010840                USER_SPI_initialize
 .text.USER_SPI_status
                0x08010a18       0x2c ./FATFS/Target/user_diskio_spi.o
                0x08010a18                USER_SPI_status
 .text.USER_SPI_read
                0x08010a44       0xcc ./FATFS/Target/user_diskio_spi.o
                0x08010a44                USER_SPI_read
 .text.USER_SPI_write
                0x08010b10       0xf8 ./FATFS/Target/user_diskio_spi.o
                0x08010b10                USER_SPI_write
 .text.USER_SPI_ioctl
                0x08010c08      0x2e0 ./FATFS/Target/user_diskio_spi.o
                0x08010c08                USER_SPI_ioctl
 .text.disk_status
                0x08010ee8       0x34 ./Middlewares/Third_Party/FatFs/src/diskio.o
                0x08010ee8                disk_status
 .text.disk_initialize
                0x08010f1c       0x50 ./Middlewares/Third_Party/FatFs/src/diskio.o
                0x08010f1c                disk_initialize
 .text.disk_read
                0x08010f6c       0x40 ./Middlewares/Third_Party/FatFs/src/diskio.o
                0x08010f6c                disk_read
 .text.disk_write
                0x08010fac       0x40 ./Middlewares/Third_Party/FatFs/src/diskio.o
                0x08010fac                disk_write
 .text.disk_ioctl
                0x08010fec       0x3c ./Middlewares/Third_Party/FatFs/src/diskio.o
                0x08010fec                disk_ioctl
 .text.ld_word  0x08011028       0x32 ./Middlewares/Third_Party/FatFs/src/ff.o
 .text.ld_dword
                0x0801105a       0x46 ./Middlewares/Third_Party/FatFs/src/ff.o
 .text.st_word  0x080110a0       0x36 ./Middlewares/Third_Party/FatFs/src/ff.o
 .text.st_dword
                0x080110d6       0x58 ./Middlewares/Third_Party/FatFs/src/ff.o
 .text.mem_cpy  0x0801112e       0x42 ./Middlewares/Third_Party/FatFs/src/ff.o
 .text.mem_set  0x08011170       0x36 ./Middlewares/Third_Party/FatFs/src/ff.o
 .text.mem_cmp  0x080111a6       0x4e ./Middlewares/Third_Party/FatFs/src/ff.o
 .text.chk_chr  0x080111f4       0x36 ./Middlewares/Third_Party/FatFs/src/ff.o
 *fill*         0x0801122a        0x2 
 .text.chk_lock
                0x0801122c       0xb8 ./Middlewares/Third_Party/FatFs/src/ff.o
 .text.enq_lock
                0x080112e4       0x44 ./Middlewares/Third_Party/FatFs/src/ff.o
 .text.inc_lock
                0x08011328      0x11c ./Middlewares/Third_Party/FatFs/src/ff.o
 .text.dec_lock
                0x08011444       0x78 ./Middlewares/Third_Party/FatFs/src/ff.o
 .text.clear_lock
                0x080114bc       0x48 ./Middlewares/Third_Party/FatFs/src/ff.o
 .text.sync_window
                0x08011504       0x88 ./Middlewares/Third_Party/FatFs/src/ff.o
 .text.move_window
                0x0801158c       0x5a ./Middlewares/Third_Party/FatFs/src/ff.o
 *fill*         0x080115e6        0x2 
 .text.sync_fs  0x080115e8       0xdc ./Middlewares/Third_Party/FatFs/src/ff.o
 .text.clust2sect
                0x080116c4       0x3e ./Middlewares/Third_Party/FatFs/src/ff.o
 .text.get_fat  0x08011702      0x14e ./Middlewares/Third_Party/FatFs/src/ff.o
 .text.put_fat  0x08011850      0x1d4 ./Middlewares/Third_Party/FatFs/src/ff.o
 .text.remove_chain
                0x08011a24       0xca ./Middlewares/Third_Party/FatFs/src/ff.o
 .text.create_chain
                0x08011aee      0x130 ./Middlewares/Third_Party/FatFs/src/ff.o
 .text.clmt_clust
                0x08011c1e       0x68 ./Middlewares/Third_Party/FatFs/src/ff.o
 .text.dir_sdi  0x08011c86       0xf6 ./Middlewares/Third_Party/FatFs/src/ff.o
 .text.dir_next
                0x08011d7c      0x18a ./Middlewares/Third_Party/FatFs/src/ff.o
 .text.dir_alloc
                0x08011f06       0x8e ./Middlewares/Third_Party/FatFs/src/ff.o
 .text.ld_clust
                0x08011f94       0x3e ./Middlewares/Third_Party/FatFs/src/ff.o
 .text.st_clust
                0x08011fd2       0x40 ./Middlewares/Third_Party/FatFs/src/ff.o
 .text.dir_read
                0x08012012       0xba ./Middlewares/Third_Party/FatFs/src/ff.o
 .text.dir_find
                0x080120cc       0xaa ./Middlewares/Third_Party/FatFs/src/ff.o
 .text.dir_register
                0x08012176       0x64 ./Middlewares/Third_Party/FatFs/src/ff.o
 .text.dir_remove
                0x080121da       0x3c ./Middlewares/Third_Party/FatFs/src/ff.o
 *fill*         0x08012216        0x2 
 .text.create_name
                0x08012218      0x128 ./Middlewares/Third_Party/FatFs/src/ff.o
 .text.follow_path
                0x08012340       0xe2 ./Middlewares/Third_Party/FatFs/src/ff.o
 .text.get_ldnumber
                0x08012422       0x88 ./Middlewares/Third_Party/FatFs/src/ff.o
 *fill*         0x080124aa        0x2 
 .text.check_fs
                0x080124ac       0xac ./Middlewares/Third_Party/FatFs/src/ff.o
 .text.find_volume
                0x08012558      0x498 ./Middlewares/Third_Party/FatFs/src/ff.o
 .text.validate
                0x080129f0       0x6a ./Middlewares/Third_Party/FatFs/src/ff.o
 *fill*         0x08012a5a        0x2 
 .text.f_mount  0x08012a5c       0x8c ./Middlewares/Third_Party/FatFs/src/ff.o
                0x08012a5c                f_mount
 .text.f_open   0x08012ae8      0x374 ./Middlewares/Third_Party/FatFs/src/ff.o
                0x08012ae8                f_open
 .text.f_read   0x08012e5c      0x27e ./Middlewares/Third_Party/FatFs/src/ff.o
                0x08012e5c                f_read
 .text.f_write  0x080130da      0x2ea ./Middlewares/Third_Party/FatFs/src/ff.o
                0x080130da                f_write
 .text.f_sync   0x080133c4       0xfc ./Middlewares/Third_Party/FatFs/src/ff.o
                0x080133c4                f_sync
 .text.f_close  0x080134c0       0x54 ./Middlewares/Third_Party/FatFs/src/ff.o
                0x080134c0                f_close
 .text.f_unlink
                0x08013514      0x156 ./Middlewares/Third_Party/FatFs/src/ff.o
                0x08013514                f_unlink
 *fill*         0x0801366a        0x2 
 .text.FATFS_LinkDriverEx
                0x0801366c       0x98 ./Middlewares/Third_Party/FatFs/src/ff_gen_drv.o
                0x0801366c                FATFS_LinkDriverEx
 .text.FATFS_LinkDriver
                0x08013704       0x1e ./Middlewares/Third_Party/FatFs/src/ff_gen_drv.o
                0x08013704                FATFS_LinkDriver
 .text.__cvt    0x08013722       0xca C:/ST/STM32CubeIDE_1.19.0/STM32CubeIDE/plugins/com.st.stm32cube.ide.mcu.externaltools.gnu-tools-for-stm32.13.3.rel1.win32_1.0.0.202411081344/tools/bin/../lib/gcc/arm-none-eabi/13.3.1/../../../../arm-none-eabi/lib/thumb/v7e-m+fp/hard\libc_nano.a(libc_a-nano-vfprintf_float.o)
                0x08013722                __cvt
 .text.__exponent
                0x080137ec       0x74 C:/ST/STM32CubeIDE_1.19.0/STM32CubeIDE/plugins/com.st.stm32cube.ide.mcu.externaltools.gnu-tools-for-stm32.13.3.rel1.win32_1.0.0.202411081344/tools/bin/../lib/gcc/arm-none-eabi/13.3.1/../../../../arm-none-eabi/lib/thumb/v7e-m+fp/hard\libc_nano.a(libc_a-nano-vfprintf_float.o)
                0x080137ec                __exponent
 .text._printf_float
                0x08013860      0x454 C:/ST/STM32CubeIDE_1.19.0/STM32CubeIDE/plugins/com.st.stm32cube.ide.mcu.externaltools.gnu-tools-for-stm32.13.3.rel1.win32_1.0.0.202411081344/tools/bin/../lib/gcc/arm-none-eabi/13.3.1/../../../../arm-none-eabi/lib/thumb/v7e-m+fp/hard\libc_nano.a(libc_a-nano-vfprintf_float.o)
                0x08013860                _printf_float
 .text._printf_common
                0x08013cb4       0xda C:/ST/STM32CubeIDE_1.19.0/STM32CubeIDE/plugins/com.st.stm32cube.ide.mcu.externaltools.gnu-tools-for-stm32.13.3.rel1.win32_1.0.0.202411081344/tools/bin/../lib/gcc/arm-none-eabi/13.3.1/../../../../arm-none-eabi/lib/thumb/v7e-m+fp/hard\libc_nano.a(libc_a-nano-vfprintf_i.o)
                0x08013cb4                _printf_common
 *fill*         0x08013d8e        0x2 
 .text._printf_i
                0x08013d90      0x23c C:/ST/STM32CubeIDE_1.19.0/STM32CubeIDE/plugins/com.st.stm32cube.ide.mcu.externaltools.gnu-tools-for-stm32.13.3.rel1.win32_1.0.0.202411081344/tools/bin/../lib/gcc/arm-none-eabi/13.3.1/../../../../arm-none-eabi/lib/thumb/v7e-m+fp/hard\libc_nano.a(libc_a-nano-vfprintf_i.o)
                0x08013d90                _printf_i
 .text._scanf_float
                0x08013fcc      0x41c C:/ST/STM32CubeIDE_1.19.0/STM32CubeIDE/plugins/com.st.stm32cube.ide.mcu.externaltools.gnu-tools-for-stm32.13.3.rel1.win32_1.0.0.202411081344/tools/bin/../lib/gcc/arm-none-eabi/13.3.1/../../../../arm-none-eabi/lib/thumb/v7e-m+fp/hard\libc_nano.a(libc_a-nano-vfscanf_float.o)
                0x08013fcc                _scanf_float
 .text.std      0x080143e8       0x6c C:/ST/STM32CubeIDE_1.19.0/STM32CubeIDE/plugins/com.st.stm32cube.ide.mcu.externaltools.gnu-tools-for-stm32.13.3.rel1.win32_1.0.0.202411081344/tools/bin/../lib/gcc/arm-none-eabi/13.3.1/../../../../arm-none-eabi/lib/thumb/v7e-m+fp/hard\libc_nano.a(libc_a-findfp.o)
 .text.stdio_exit_handler
                0x08014454       0x18 C:/ST/STM32CubeIDE_1.19.0/STM32CubeIDE/plugins/com.st.stm32cube.ide.mcu.externaltools.gnu-tools-for-stm32.13.3.rel1.win32_1.0.0.202411081344/tools/bin/../lib/gcc/arm-none-eabi/13.3.1/../../../../arm-none-eabi/lib/thumb/v7e-m+fp/hard\libc_nano.a(libc_a-findfp.o)
 .text.cleanup_stdio
                0x0801446c       0x40 C:/ST/STM32CubeIDE_1.19.0/STM32CubeIDE/plugins/com.st.stm32cube.ide.mcu.externaltools.gnu-tools-for-stm32.13.3.rel1.win32_1.0.0.202411081344/tools/bin/../lib/gcc/arm-none-eabi/13.3.1/../../../../arm-none-eabi/lib/thumb/v7e-m+fp/hard\libc_nano.a(libc_a-findfp.o)
 .text.global_stdio_init.part.0
                0x080144ac       0x3c C:/ST/STM32CubeIDE_1.19.0/STM32CubeIDE/plugins/com.st.stm32cube.ide.mcu.externaltools.gnu-tools-for-stm32.13.3.rel1.win32_1.0.0.202411081344/tools/bin/../lib/gcc/arm-none-eabi/13.3.1/../../../../arm-none-eabi/lib/thumb/v7e-m+fp/hard\libc_nano.a(libc_a-findfp.o)
 .text.__sfp_lock_acquire
                0x080144e8        0xc C:/ST/STM32CubeIDE_1.19.0/STM32CubeIDE/plugins/com.st.stm32cube.ide.mcu.externaltools.gnu-tools-for-stm32.13.3.rel1.win32_1.0.0.202411081344/tools/bin/../lib/gcc/arm-none-eabi/13.3.1/../../../../arm-none-eabi/lib/thumb/v7e-m+fp/hard\libc_nano.a(libc_a-findfp.o)
                0x080144e8                __sfp_lock_acquire
 .text.__sfp_lock_release
                0x080144f4        0xc C:/ST/STM32CubeIDE_1.19.0/STM32CubeIDE/plugins/com.st.stm32cube.ide.mcu.externaltools.gnu-tools-for-stm32.13.3.rel1.win32_1.0.0.202411081344/tools/bin/../lib/gcc/arm-none-eabi/13.3.1/../../../../arm-none-eabi/lib/thumb/v7e-m+fp/hard\libc_nano.a(libc_a-findfp.o)
                0x080144f4                __sfp_lock_release
 .text.__sinit  0x08014500       0x30 C:/ST/STM32CubeIDE_1.19.0/STM32CubeIDE/plugins/com.st.stm32cube.ide.mcu.externaltools.gnu-tools-for-stm32.13.3.rel1.win32_1.0.0.202411081344/tools/bin/../lib/gcc/arm-none-eabi/13.3.1/../../../../arm-none-eabi/lib/thumb/v7e-m+fp/hard\libc_nano.a(libc_a-findfp.o)
                0x08014500                __sinit
 .text._fwalk_sglue
                0x08014530       0x3c C:/ST/STM32CubeIDE_1.19.0/STM32CubeIDE/plugins/com.st.stm32cube.ide.mcu.externaltools.gnu-tools-for-stm32.13.3.rel1.win32_1.0.0.202411081344/tools/bin/../lib/gcc/arm-none-eabi/13.3.1/../../../../arm-none-eabi/lib/thumb/v7e-m+fp/hard\libc_nano.a(libc_a-fwalk.o)
                0x08014530                _fwalk_sglue
 .text.snprintf
                0x0801456c       0x6c C:/ST/STM32CubeIDE_1.19.0/STM32CubeIDE/plugins/com.st.stm32cube.ide.mcu.externaltools.gnu-tools-for-stm32.13.3.rel1.win32_1.0.0.202411081344/tools/bin/../lib/gcc/arm-none-eabi/13.3.1/../../../../arm-none-eabi/lib/thumb/v7e-m+fp/hard\libc_nano.a(libc_a-snprintf.o)
                0x0801456c                sniprintf
                0x0801456c                snprintf
 .text.sprintf  0x080145d8       0x44 C:/ST/STM32CubeIDE_1.19.0/STM32CubeIDE/plugins/com.st.stm32cube.ide.mcu.externaltools.gnu-tools-for-stm32.13.3.rel1.win32_1.0.0.202411081344/tools/bin/../lib/gcc/arm-none-eabi/13.3.1/../../../../arm-none-eabi/lib/thumb/v7e-m+fp/hard\libc_nano.a(libc_a-sprintf.o)
                0x080145d8                siprintf
                0x080145d8                sprintf
 .text.sscanf   0x0801461c       0x58 C:/ST/STM32CubeIDE_1.19.0/STM32CubeIDE/plugins/com.st.stm32cube.ide.mcu.externaltools.gnu-tools-for-stm32.13.3.rel1.win32_1.0.0.202411081344/tools/bin/../lib/gcc/arm-none-eabi/13.3.1/../../../../arm-none-eabi/lib/thumb/v7e-m+fp/hard\libc_nano.a(libc_a-sscanf.o)
                0x0801461c                siscanf
                0x0801461c                sscanf
 .text.__sread  0x08014674       0x22 C:/ST/STM32CubeIDE_1.19.0/STM32CubeIDE/plugins/com.st.stm32cube.ide.mcu.externaltools.gnu-tools-for-stm32.13.3.rel1.win32_1.0.0.202411081344/tools/bin/../lib/gcc/arm-none-eabi/13.3.1/../../../../arm-none-eabi/lib/thumb/v7e-m+fp/hard\libc_nano.a(libc_a-stdio.o)
                0x08014674                __sread
 .text.__seofread
                0x08014696        0x4 C:/ST/STM32CubeIDE_1.19.0/STM32CubeIDE/plugins/com.st.stm32cube.ide.mcu.externaltools.gnu-tools-for-stm32.13.3.rel1.win32_1.0.0.202411081344/tools/bin/../lib/gcc/arm-none-eabi/13.3.1/../../../../arm-none-eabi/lib/thumb/v7e-m+fp/hard\libc_nano.a(libc_a-stdio.o)
                0x08014696                __seofread
 .text.__swrite
                0x0801469a       0x38 C:/ST/STM32CubeIDE_1.19.0/STM32CubeIDE/plugins/com.st.stm32cube.ide.mcu.externaltools.gnu-tools-for-stm32.13.3.rel1.win32_1.0.0.202411081344/tools/bin/../lib/gcc/arm-none-eabi/13.3.1/../../../../arm-none-eabi/lib/thumb/v7e-m+fp/hard\libc_nano.a(libc_a-stdio.o)
                0x0801469a                __swrite
 .text.__sseek  0x080146d2       0x24 C:/ST/STM32CubeIDE_1.19.0/STM32CubeIDE/plugins/com.st.stm32cube.ide.mcu.externaltools.gnu-tools-for-stm32.13.3.rel1.win32_1.0.0.202411081344/tools/bin/../lib/gcc/arm-none-eabi/13.3.1/../../../../arm-none-eabi/lib/thumb/v7e-m+fp/hard\libc_nano.a(libc_a-stdio.o)
                0x080146d2                __sseek
 .text.__sclose
                0x080146f6        0x8 C:/ST/STM32CubeIDE_1.19.0/STM32CubeIDE/plugins/com.st.stm32cube.ide.mcu.externaltools.gnu-tools-for-stm32.13.3.rel1.win32_1.0.0.202411081344/tools/bin/../lib/gcc/arm-none-eabi/13.3.1/../../../../arm-none-eabi/lib/thumb/v7e-m+fp/hard\libc_nano.a(libc_a-stdio.o)
                0x080146f6                __sclose
 .text._vsnprintf_r
                0x080146fe       0x5c C:/ST/STM32CubeIDE_1.19.0/STM32CubeIDE/plugins/com.st.stm32cube.ide.mcu.externaltools.gnu-tools-for-stm32.13.3.rel1.win32_1.0.0.202411081344/tools/bin/../lib/gcc/arm-none-eabi/13.3.1/../../../../arm-none-eabi/lib/thumb/v7e-m+fp/hard\libc_nano.a(libc_a-vsnprintf.o)
                0x080146fe                _vsniprintf_r
                0x080146fe                _vsnprintf_r
 *fill*         0x0801475a        0x2 
 .text.vsnprintf
                0x0801475c       0x1c C:/ST/STM32CubeIDE_1.19.0/STM32CubeIDE/plugins/com.st.stm32cube.ide.mcu.externaltools.gnu-tools-for-stm32.13.3.rel1.win32_1.0.0.202411081344/tools/bin/../lib/gcc/arm-none-eabi/13.3.1/../../../../arm-none-eabi/lib/thumb/v7e-m+fp/hard\libc_nano.a(libc_a-vsnprintf.o)
                0x0801475c                vsniprintf
                0x0801475c                vsnprintf
 .text.memmove  0x08014778       0x34 C:/ST/STM32CubeIDE_1.19.0/STM32CubeIDE/plugins/com.st.stm32cube.ide.mcu.externaltools.gnu-tools-for-stm32.13.3.rel1.win32_1.0.0.202411081344/tools/bin/../lib/gcc/arm-none-eabi/13.3.1/../../../../arm-none-eabi/lib/thumb/v7e-m+fp/hard\libc_nano.a(libc_a-memmove.o)
                0x08014778                memmove
 .text.memset   0x080147ac       0x10 C:/ST/STM32CubeIDE_1.19.0/STM32CubeIDE/plugins/com.st.stm32cube.ide.mcu.externaltools.gnu-tools-for-stm32.13.3.rel1.win32_1.0.0.202411081344/tools/bin/../lib/gcc/arm-none-eabi/13.3.1/../../../../arm-none-eabi/lib/thumb/v7e-m+fp/hard\libc_nano.a(libc_a-memset.o)
                0x080147ac                memset
 .text.strncmp  0x080147bc       0x24 C:/ST/STM32CubeIDE_1.19.0/STM32CubeIDE/plugins/com.st.stm32cube.ide.mcu.externaltools.gnu-tools-for-stm32.13.3.rel1.win32_1.0.0.202411081344/tools/bin/../lib/gcc/arm-none-eabi/13.3.1/../../../../arm-none-eabi/lib/thumb/v7e-m+fp/hard\libc_nano.a(libc_a-strncmp.o)
                0x080147bc                strncmp
 .text._localeconv_r
                0x080147e0        0x8 C:/ST/STM32CubeIDE_1.19.0/STM32CubeIDE/plugins/com.st.stm32cube.ide.mcu.externaltools.gnu-tools-for-stm32.13.3.rel1.win32_1.0.0.202411081344/tools/bin/../lib/gcc/arm-none-eabi/13.3.1/../../../../arm-none-eabi/lib/thumb/v7e-m+fp/hard\libc_nano.a(libc_a-localeconv.o)
                0x080147e0                _localeconv_r
 .text._close_r
                0x080147e8       0x20 C:/ST/STM32CubeIDE_1.19.0/STM32CubeIDE/plugins/com.st.stm32cube.ide.mcu.externaltools.gnu-tools-for-stm32.13.3.rel1.win32_1.0.0.202411081344/tools/bin/../lib/gcc/arm-none-eabi/13.3.1/../../../../arm-none-eabi/lib/thumb/v7e-m+fp/hard\libc_nano.a(libc_a-closer.o)
                0x080147e8                _close_r
 .text._lseek_r
                0x08014808       0x24 C:/ST/STM32CubeIDE_1.19.0/STM32CubeIDE/plugins/com.st.stm32cube.ide.mcu.externaltools.gnu-tools-for-stm32.13.3.rel1.win32_1.0.0.202411081344/tools/bin/../lib/gcc/arm-none-eabi/13.3.1/../../../../arm-none-eabi/lib/thumb/v7e-m+fp/hard\libc_nano.a(libc_a-lseekr.o)
                0x08014808                _lseek_r
 .text._read_r  0x0801482c       0x24 C:/ST/STM32CubeIDE_1.19.0/STM32CubeIDE/plugins/com.st.stm32cube.ide.mcu.externaltools.gnu-tools-for-stm32.13.3.rel1.win32_1.0.0.202411081344/tools/bin/../lib/gcc/arm-none-eabi/13.3.1/../../../../arm-none-eabi/lib/thumb/v7e-m+fp/hard\libc_nano.a(libc_a-readr.o)
                0x0801482c                _read_r
 .text._write_r
                0x08014850       0x24 C:/ST/STM32CubeIDE_1.19.0/STM32CubeIDE/plugins/com.st.stm32cube.ide.mcu.externaltools.gnu-tools-for-stm32.13.3.rel1.win32_1.0.0.202411081344/tools/bin/../lib/gcc/arm-none-eabi/13.3.1/../../../../arm-none-eabi/lib/thumb/v7e-m+fp/hard\libc_nano.a(libc_a-writer.o)
                0x08014850                _write_r
 .text.__errno  0x08014874        0xc C:/ST/STM32CubeIDE_1.19.0/STM32CubeIDE/plugins/com.st.stm32cube.ide.mcu.externaltools.gnu-tools-for-stm32.13.3.rel1.win32_1.0.0.202411081344/tools/bin/../lib/gcc/arm-none-eabi/13.3.1/../../../../arm-none-eabi/lib/thumb/v7e-m+fp/hard\libc_nano.a(libc_a-errno.o)
                0x08014874                __errno
 .text.__libc_init_array
                0x08014880       0x48 C:/ST/STM32CubeIDE_1.19.0/STM32CubeIDE/plugins/com.st.stm32cube.ide.mcu.externaltools.gnu-tools-for-stm32.13.3.rel1.win32_1.0.0.202411081344/tools/bin/../lib/gcc/arm-none-eabi/13.3.1/../../../../arm-none-eabi/lib/thumb/v7e-m+fp/hard\libc_nano.a(libc_a-init.o)
                0x08014880                __libc_init_array
 .text.__retarget_lock_init_recursive
                0x080148c8        0x2 C:/ST/STM32CubeIDE_1.19.0/STM32CubeIDE/plugins/com.st.stm32cube.ide.mcu.externaltools.gnu-tools-for-stm32.13.3.rel1.win32_1.0.0.202411081344/tools/bin/../lib/gcc/arm-none-eabi/13.3.1/../../../../arm-none-eabi/lib/thumb/v7e-m+fp/hard\libc_nano.a(libc_a-lock.o)
                0x080148c8                __retarget_lock_init_recursive
 .text.__retarget_lock_acquire_recursive