../Core/Src/Accelerometer.c:66:6:updateRawBuffer	16	static
../Core/Src/Accelerometer.c:74:6:getAverageRaw	40	static
../Core/Src/Accelerometer.c:88:6:MPU6050_Init_1	32	static
../Core/Src/Accelerometer.c:103:6:MPU6050_Init_2_A	64	static
../Core/Src/Accelerometer.c:167:6:MPU6050_Init_2_B	48	static
../Core/Src/Accelerometer.c:223:6:updateData	8	static
../Core/Src/Accelerometer.c:263:6:HAL_I2C_MemRxCpltCallback	16	static
../Core/Src/Accelerometer.c:267:6:clearIntFlag	24	static
../Core/Src/Accelerometer.c:271:6:readAccel	16	static
../Core/Src/Accelerometer.c:275:9:getMPU_OK	4	static
../Core/Src/Accelerometer.c:279:7:getX	4	static
../Core/Src/Accelerometer.c:282:7:getY	4	static
../Core/Src/Accelerometer.c:285:7:getZ	4	static
../Core/Src/Accelerometer.c:290:7:getMag	4	static
../Core/Src/Accelerometer.c:294:9:getUnsafeDriving	4	static
../Core/Src/Accelerometer.c:298:9:getImpactWarning	4	static
../Core/Src/Accelerometer.c:302:6:clearUnsafeWarning	16	static
../Core/Src/Accelerometer.c:305:6:clearImpactWarning	16	static
../Core/Src/Accelerometer.c:308:6:str_Accel_OLED	32	static
../Core/Src/Accelerometer.c:317:6:str_Accel_UART	80	static
../Core/Src/Accelerometer.c:353:6:str_Accel_SD	72	static
