../Core/Src/Accelerometer.c:63:6:updateRawBuffer	16	static
../Core/Src/Accelerometer.c:71:6:getAverageRaw	40	static
../Core/Src/Accelerometer.c:86:6:MPU6050_Init_1	32	static
../Core/Src/Accelerometer.c:100:6:MPU6050_Init_2_A	64	static
../Core/Src/Accelerometer.c:164:6:MPU6050_Init_2_B	48	static
../Core/Src/Accelerometer.c:220:6:updateData	8	static
../Core/Src/Accelerometer.c:259:6:HAL_I2C_MemRxCpltCallback	16	static
../Core/Src/Accelerometer.c:263:6:clearIntFlag	24	static
../Core/Src/Accelerometer.c:267:6:readAccel	16	static
../Core/Src/Accelerometer.c:271:9:getMPU_OK	4	static
../Core/Src/Accelerometer.c:275:7:getX	4	static
../Core/Src/Accelerometer.c:278:7:getY	4	static
../Core/Src/Accelerometer.c:281:7:getZ	4	static
../Core/Src/Accelerometer.c:284:9:getUnsafeDriving	4	static
../Core/Src/Accelerometer.c:288:9:getImpactWarning	4	static
../Core/Src/Accelerometer.c:292:6:clearUnsafeWarning	16	static
../Core/Src/Accelerometer.c:295:6:clearImpactWarning	16	static
../Core/Src/Accelerometer.c:298:6:str_Accel_OLED	32	static
../Core/Src/Accelerometer.c:309:6:str_Accel_UART	80	static
