../Core/Src/Accelerometer.c:78:6:updateRawBuffer	16	static
../Core/Src/Accelerometer.c:86:6:getAverageRaw	40	static
../Core/Src/Accelerometer.c:100:6:updateData	8	static
../Core/Src/Accelerometer.c:163:6:HAL_I2C_MemRxCpltCallback	16	static
../Core/Src/Accelerometer.c:167:6:clearIntFlag	24	static
../Core/Src/Accelerometer.c:171:6:readAccel	16	static
../Core/Src/Accelerometer.c:176:9:getMPU_OK	4	static
../Core/Src/Accelerometer.c:180:7:getX	4	static
../Core/Src/Accelerometer.c:183:7:getY	4	static
../Core/Src/Accelerometer.c:186:7:getZ	4	static
../Core/Src/Accelerometer.c:191:7:getMag	4	static
../Core/Src/Accelerometer.c:195:9:getUnsafeDriving	4	static
../Core/Src/Accelerometer.c:199:9:getImpactWarning	4	static
../Core/Src/Accelerometer.c:203:6:MPU6050_Init_1	32	static
../Core/Src/Accelerometer.c:210:9:checkAccelStatus	32	static
../Core/Src/Accelerometer.c:228:6:MPU6050_Init_2_A	104	static
../Core/Src/Accelerometer.c:315:6:MPU6050_Init_2_B	48	static
../Core/Src/Accelerometer.c:371:6:clearUnsafeWarning	4	static
../Core/Src/Accelerometer.c:374:6:clearImpactWarning	4	static
../Core/Src/Accelerometer.c:377:6:str_Accel_OLED	32	static
../Core/Src/Accelerometer.c:386:6:str_Accel_UART	80	static
../Core/Src/Accelerometer.c:421:6:str_Accel_SD	72	static
