../Core/Src/Accelerometer.c:78:6:updateRawBuffer	16	static
../Core/Src/Accelerometer.c:86:6:getAverageRaw	40	static
../Core/Src/Accelerometer.c:100:6:updateData	8	static
../Core/Src/Accelerometer.c:150:6:HAL_I2C_MemRxCpltCallback	16	static
../Core/Src/Accelerometer.c:154:6:clearIntFlag	24	static
../Core/Src/Accelerometer.c:158:6:readAccel	16	static
../Core/Src/Accelerometer.c:163:9:getMPU_OK	4	static
../Core/Src/Accelerometer.c:167:7:getX	4	static
../Core/Src/Accelerometer.c:170:7:getY	4	static
../Core/Src/Accelerometer.c:173:7:getZ	4	static
../Core/Src/Accelerometer.c:178:7:getMag	4	static
../Core/Src/Accelerometer.c:182:9:getUnsafeDriving	4	static
../Core/Src/Accelerometer.c:186:9:getImpactWarning	4	static
../Core/Src/Accelerometer.c:190:6:MPU6050_Init_1	32	static
../Core/Src/Accelerometer.c:205:6:MPU6050_Init_2_A	64	static
../Core/Src/Accelerometer.c:269:6:MPU6050_Init_2_B	48	static
../Core/Src/Accelerometer.c:325:6:clearUnsafeWarning	16	static
../Core/Src/Accelerometer.c:328:6:clearImpactWarning	16	static
../Core/Src/Accelerometer.c:331:6:str_Accel_OLED	32	static
../Core/Src/Accelerometer.c:340:6:str_Accel_UART	80	static
../Core/Src/Accelerometer.c:375:6:str_Accel_SD	72	static
