../Core/Src/Accelerometer.c:83:6:updateRawBuffer	16	static
../Core/Src/Accelerometer.c:91:6:getAverageRaw	40	static
../Core/Src/Accelerometer.c:105:6:updateData	16	static
../Core/Src/Accelerometer.c:192:6:HAL_I2C_MemRxCpltCallback	16	static
../Core/Src/Accelerometer.c:196:6:clearIntFlag	24	static
../Core/Src/Accelerometer.c:200:6:readAccel	16	static
../Core/Src/Accelerometer.c:205:9:getMPU_OK	4	static
../Core/Src/Accelerometer.c:209:7:getX	4	static
../Core/Src/Accelerometer.c:212:7:getY	4	static
../Core/Src/Accelerometer.c:215:7:getZ	4	static
../Core/Src/Accelerometer.c:220:7:getMag	4	static
../Core/Src/Accelerometer.c:224:9:getUnsafeDriving	4	static
../Core/Src/Accelerometer.c:228:9:getImpactWarning	4	static
../Core/Src/Accelerometer.c:232:6:MPU6050_Init_1	32	static
../Core/Src/Accelerometer.c:239:9:checkAccelStatus	32	static
../Core/Src/Accelerometer.c:257:6:MPU6050_Init_2_A	104	static
../Core/Src/Accelerometer.c:344:6:clearUnsafeWarning	4	static
../Core/Src/Accelerometer.c:347:6:clearImpactWarning	4	static
../Core/Src/Accelerometer.c:350:6:str_Accel_OLED	32	static
../Core/Src/Accelerometer.c:359:6:str_Accel_UART	80	static
../Core/Src/Accelerometer.c:394:6:str_Accel_SD	72	static
