../Core/Src/DistanceSensor.c:29:6:clearProximityWarning	16	static
../Core/Src/DistanceSensor.c:33:9:getProximityWarning	4	static
../Core/Src/DistanceSensor.c:38:6:update_str_dist	32	static
../Core/Src/DistanceSensor.c:50:6:str_dist_UART	16	static
../Core/Src/DistanceSensor.c:57:6:str_dist_OLED	16	static
../Core/Src/DistanceSensor.c:64:7:getDistance	4	static
../Core/Src/DistanceSensor.c:68:6:sampleDistanceSensor	8	static
../Core/Src/DistanceSensor.c:89:6:checkTempAlarm	4	static
../Core/Src/DistanceSensor.c:97:6:HAL_TIM_IC_CaptureCallback	24	static
