../Core/Src/General.c:106:9:isAlarmActive	24	static
../Core/Src/General.c:114:6:removeAlarm	24	static
../Core/Src/General.c:160:6:pushAlarm	24	static
../Core/Src/General.c:202:6:checkAlarms	16	static
../Core/Src/General.c:224:6:bounceButton	40	static
../Core/Src/General.c:280:6:mainLoop	8	static
../Core/Src/General.c:339:6:handleCommand	96	static
../Core/Src/General.c:503:6:str_AlarmConditions_UART	32	static
../Core/Src/General.c:537:6:str_Warnings_SD	48	static
../Core/Src/General.c:545:6:WholeFraction	48	static
../Core/Src/General.c:562:6:sign	16	static
../Core/Src/General.c:570:6:YesNo	16	static
../Core/Src/General.c:578:6:enableAlarms	4	static
../Core/Src/General.c:583:6:HAL_GPIO_EXTI_Callback	16	static
../Core/Src/General.c:623:6:handleCalibrationTrigger	144	static
../Core/Src/General.c:637:6:handleButton	24	static
../Core/Src/General.c:757:6:toggleLED	16	static
../Core/Src/General.c:797:6:flashLED	16	static
../Core/Src/General.c:816:6:scanButtons	16	static
../Core/Src/General.c:825:6:HAL_UART_RxCpltCallback	16	static
../Core/Src/General.c:880:6:GPS_FactoryReset	16	static
../Core/Src/General.c:886:6:UI_handleKey	24	static
../Core/Src/General.c:909:6:UI_Refresh	16	static
../Core/Src/General.c:931:6:defaultSetup	8	static
