../Core/Src/General.c:106:9:isAlarmActive	24	static
../Core/Src/General.c:114:6:removeAlarm	24	static
../Core/Src/General.c:160:6:pushAlarm	24	static
../Core/Src/General.c:202:6:checkAlarms	16	static
../Core/Src/General.c:224:6:bounceButton	40	static
../Core/Src/General.c:280:6:mainLoop	8	static
../Core/Src/General.c:325:6:handleCommand	96	static
../Core/Src/General.c:486:6:str_AlarmConditions_UART	32	static
../Core/Src/General.c:520:6:str_Warnings_SD	48	static
../Core/Src/General.c:528:6:WholeFraction	48	static
../Core/Src/General.c:545:6:sign	16	static
../Core/Src/General.c:553:6:YesNo	16	static
../Core/Src/General.c:561:6:enableAlarms	4	static
../Core/Src/General.c:566:6:HAL_GPIO_EXTI_Callback	16	static
../Core/Src/General.c:606:6:handleCalibrationTrigger	144	static
../Core/Src/General.c:620:6:handleButton	24	static
../Core/Src/General.c:740:6:toggleLED	16	static
../Core/Src/General.c:780:6:flashLED	16	static
../Core/Src/General.c:799:6:scanButtons	16	static
../Core/Src/General.c:808:6:HAL_UART_RxCpltCallback	16	static
../Core/Src/General.c:863:6:GPS_FactoryReset	16	static
../Core/Src/General.c:869:6:UI_handleKey	24	static
../Core/Src/General.c:892:6:UI_Refresh	16	static
../Core/Src/General.c:914:6:defaultSetup	8	static
