../Core/Src/General.c:91:9:isAlarmActive	24	static
../Core/Src/General.c:99:6:pushAlarm	24	static
../Core/Src/General.c:130:6:removeAlarm	24	static
../Core/Src/General.c:180:6:checkAlarms	16	static
../Core/Src/General.c:195:6:handleCommand	8	static
../Core/Src/General.c:217:6:str_Date_UART	40	static
../Core/Src/General.c:224:6:str_AlarmConditions_UART	24	static
../Core/Src/General.c:247:6:WholeFraction	48	static
../Core/Src/General.c:264:6:sign	16	static
../Core/Src/General.c:272:6:YesNo	16	static
../Core/Src/General.c:280:6:enableAlarms	4	static
../Core/Src/General.c:285:6:HAL_GPIO_EXTI_Callback	16	static
../Core/Src/General.c:323:6:handleButton	24	static
../Core/Src/General.c:421:6:toggleLED	16	static
../Core/Src/General.c:461:6:flashLED	16	static
../Core/Src/General.c:480:6:scanButtons	16	static
../Core/Src/General.c:489:6:HAL_UART_RxCpltCallback	16	static
../Core/Src/General.c:531:6:UI_handleKey	24	static
../Core/Src/General.c:554:6:UI_Refresh	16	static
../Core/Src/General.c:571:6:defaultSetup	8	static
