../Core/Src/General.c:96:9:isAlarmActive	24	static
../Core/Src/General.c:104:6:pushAlarm	24	static
../Core/Src/General.c:135:6:removeAlarm	24	static
../Core/Src/General.c:184:6:mainLoop	8	static
../Core/Src/General.c:200:6:checkAlarms	16	static
../Core/Src/General.c:219:6:handleCommand	32	static
../Core/Src/General.c:299:6:str_Date_UART	40	static
../Core/Src/General.c:306:6:str_AlarmConditions_UART	24	static
../Core/Src/General.c:329:6:WholeFraction	48	static
../Core/Src/General.c:346:6:sign	16	static
../Core/Src/General.c:354:6:YesNo	16	static
../Core/Src/General.c:362:6:enableAlarms	4	static
../Core/Src/General.c:367:6:HAL_GPIO_EXTI_Callback	16	static
../Core/Src/General.c:405:6:handleButton	24	static
../Core/Src/General.c:518:6:toggleLED	16	static
../Core/Src/General.c:558:6:flashLED	16	static
../Core/Src/General.c:577:6:scanButtons	16	static
../Core/Src/General.c:586:6:HAL_UART_RxCpltCallback	16	static
../Core/Src/General.c:628:6:UI_handleKey	24	static
../Core/Src/General.c:651:6:UI_Refresh	16	static
../Core/Src/General.c:671:6:defaultSetup	8	static
