../Core/Src/General.c:37:6:handleCommand	8	static
../Core/Src/General.c:52:6:displayDate	32	static
../Core/Src/General.c:60:6:displayGPS	48	static
../Core/Src/General.c:85:6:displayAlarmConditions	16	static
../Core/Src/General.c:115:6:displayTemp	32	static
../Core/Src/General.c:130:6:displayDistance	24	static
../Core/Src/General.c:143:6:displayLight	16	static
../Core/Src/General.c:151:6:displayAccel	56	static
../Core/Src/General.c:180:6:WholeFraction	48	static
../Core/Src/General.c:197:6:sign	16	static
../Core/Src/General.c:205:6:YesNo	16	static
../Core/Src/General.c:213:6:HAL_GPIO_EXTI_Callback	16	static
../Core/Src/General.c:234:6:handleButton	32	static
../Core/Src/General.c:306:6:HAL_UART_RxCpltCallback	16	static
../Core/Src/General.c:336:6:defaultSetup	8	static
