../Core/Src/General.c:103:9:isAlarmActive	24	static
../Core/Src/General.c:111:6:pushAlarm	24	static
../Core/Src/General.c:144:6:removeAlarm	24	static
../Core/Src/General.c:190:6:checkAlarms	16	static
../Core/Src/General.c:209:6:mainLoop	8	static
../Core/Src/General.c:246:6:handleCommand	88	static
../Core/Src/General.c:368:6:str_AlarmConditions_UART	32	static
../Core/Src/General.c:402:6:str_Warnings_SD	48	static
../Core/Src/General.c:410:6:WholeFraction	48	static
../Core/Src/General.c:427:6:sign	16	static
../Core/Src/General.c:435:6:YesNo	16	static
../Core/Src/General.c:443:6:enableAlarms	4	static
../Core/Src/General.c:448:6:HAL_GPIO_EXTI_Callback	16	static
../Core/Src/General.c:488:6:handleCalibrationTrigger	144	static
../Core/Src/General.c:502:6:handleButton	24	static
../Core/Src/General.c:620:6:toggleLED	16	static
../Core/Src/General.c:660:6:flashLED	16	static
../Core/Src/General.c:679:6:scanButtons	16	static
../Core/Src/General.c:688:6:HAL_UART_RxCpltCallback	16	static
../Core/Src/General.c:741:6:GPS_FactoryReset	16	static
../Core/Src/General.c:747:6:UI_handleKey	24	static
../Core/Src/General.c:770:6:UI_Refresh	16	static
../Core/Src/General.c:790:6:defaultSetup	8	static
