../Core/Src/General.c:104:9:isAlarmActive	24	static
../Core/Src/General.c:112:6:pushAlarm	24	static
../Core/Src/General.c:143:6:removeAlarm	24	static
../Core/Src/General.c:193:6:checkAlarms	16	static
../Core/Src/General.c:212:6:mainLoop	8	static
../Core/Src/General.c:239:6:handleCommand	40	static
../Core/Src/General.c:331:6:str_Date_UART	40	static
../Core/Src/General.c:341:6:str_AlarmConditions_UART	32	static
../Core/Src/General.c:375:6:WholeFraction	48	static
../Core/Src/General.c:392:6:sign	16	static
../Core/Src/General.c:400:6:YesNo	16	static
../Core/Src/General.c:408:6:enableAlarms	4	static
../Core/Src/General.c:413:6:HAL_GPIO_EXTI_Callback	16	static
../Core/Src/General.c:453:6:handleButton	24	static
../Core/Src/General.c:570:6:toggleLED	16	static
../Core/Src/General.c:610:6:flashLED	16	static
../Core/Src/General.c:629:6:scanButtons	16	static
../Core/Src/General.c:638:6:HAL_UART_RxCpltCallback	16	static
../Core/Src/General.c:681:6:UI_handleKey	24	static
../Core/Src/General.c:704:6:UI_Refresh	16	static
../Core/Src/General.c:724:6:defaultSetup	8	static
