../Core/Src/General.c:93:9:isAlarmActive	24	static
../Core/Src/General.c:101:6:pushAlarm	24	static
../Core/Src/General.c:134:6:removeAlarm	24	static
../Core/Src/General.c:180:6:checkAlarms	16	static
../Core/Src/General.c:199:6:mainLoop	8	static
../Core/Src/General.c:227:6:handleCommand	88	static
../Core/Src/General.c:348:6:str_AlarmConditions_UART	32	static
../Core/Src/General.c:382:6:str_Warnings_SD	48	static
../Core/Src/General.c:390:6:WholeFraction	48	static
../Core/Src/General.c:407:6:sign	16	static
../Core/Src/General.c:415:6:YesNo	16	static
../Core/Src/General.c:423:6:enableAlarms	4	static
../Core/Src/General.c:428:6:HAL_GPIO_EXTI_Callback	16	static
../Core/Src/General.c:468:6:handleCalibrationTrigger	144	static
../Core/Src/General.c:482:6:handleButton	24	static
../Core/Src/General.c:600:6:toggleLED	16	static
../Core/Src/General.c:640:6:flashLED	16	static
../Core/Src/General.c:659:6:scanButtons	16	static
../Core/Src/General.c:668:6:HAL_UART_RxCpltCallback	16	static
../Core/Src/General.c:717:6:UI_handleKey	24	static
../Core/Src/General.c:740:6:UI_Refresh	16	static
../Core/Src/General.c:760:6:defaultSetup	8	static
