../Core/Src/General.c:91:9:isAlarmActive	24	static
../Core/Src/General.c:99:6:pushAlarm	24	static
../Core/Src/General.c:130:6:removeAlarm	24	static
../Core/Src/General.c:180:6:checkAlarms	16	static
../Core/Src/General.c:199:6:handleCommand	32	static
../Core/Src/General.c:269:6:str_Date_UART	40	static
../Core/Src/General.c:276:6:str_AlarmConditions_UART	24	static
../Core/Src/General.c:299:6:WholeFraction	48	static
../Core/Src/General.c:316:6:sign	16	static
../Core/Src/General.c:324:6:YesNo	16	static
../Core/Src/General.c:332:6:enableAlarms	4	static
../Core/Src/General.c:337:6:HAL_GPIO_EXTI_Callback	16	static
../Core/Src/General.c:375:6:handleButton	24	static
../Core/Src/General.c:474:6:toggleLED	16	static
../Core/Src/General.c:514:6:flashLED	16	static
../Core/Src/General.c:533:6:scanButtons	16	static
../Core/Src/General.c:542:6:HAL_UART_RxCpltCallback	16	static
../Core/Src/General.c:584:6:UI_handleKey	24	static
../Core/Src/General.c:607:6:UI_Refresh	16	static
../Core/Src/General.c:625:6:defaultSetup	8	static
