../Core/Src/General.c:104:9:isAlarmActive	24	static
../Core/Src/General.c:112:6:pushAlarm	24	static
../Core/Src/General.c:143:6:removeAlarm	24	static
../Core/Src/General.c:193:6:checkAlarms	16	static
../Core/Src/General.c:212:6:mainLoop	8	static
../Core/Src/General.c:240:6:handleCommand	40	static
../Core/Src/General.c:334:6:str_Date_UART	40	static
../Core/Src/General.c:344:6:str_AlarmConditions_UART	32	static
../Core/Src/General.c:378:6:WholeFraction	48	static
../Core/Src/General.c:395:6:sign	16	static
../Core/Src/General.c:403:6:YesNo	16	static
../Core/Src/General.c:411:6:enableAlarms	4	static
../Core/Src/General.c:416:6:HAL_GPIO_EXTI_Callback	16	static
../Core/Src/General.c:456:6:handleCalibrationTrigger	144	static
../Core/Src/General.c:470:6:handleButton	24	static
../Core/Src/General.c:588:6:toggleLED	16	static
../Core/Src/General.c:628:6:flashLED	16	static
../Core/Src/General.c:647:6:scanButtons	16	static
../Core/Src/General.c:656:6:HAL_UART_RxCpltCallback	16	static
../Core/Src/General.c:699:6:UI_handleKey	24	static
../Core/Src/General.c:722:6:UI_Refresh	16	static
../Core/Src/General.c:742:6:defaultSetup	8	static
