../Core/Src/General.c:48:6:handleCommand	8	static
../Core/Src/General.c:70:6:displayDate	40	static
../Core/Src/General.c:77:6:displayGPS	56	static
../Core/Src/General.c:102:6:displayAlarmConditions	24	static
../Core/Src/General.c:126:6:displayTemp	40	static
../Core/Src/General.c:141:6:displayDistance	32	static
../Core/Src/General.c:155:6:displayLight	24	static
../Core/Src/General.c:163:6:displayAccel	64	static
../Core/Src/General.c:192:6:WholeFraction	48	static
../Core/Src/General.c:209:6:sign	16	static
../Core/Src/General.c:217:6:YesNo	16	static
../Core/Src/General.c:225:6:checkAlarms	16	static
../Core/Src/General.c:246:6:disableAlarms	16	static
../Core/Src/General.c:260:6:enableAlarms	8	static
../Core/Src/General.c:265:6:HAL_GPIO_EXTI_Callback	16	static
../Core/Src/General.c:287:6:handleButton	16	static
../Core/Src/General.c:354:6:toggleLED	16	static
../Core/Src/General.c:394:6:flashLED	16	static
../Core/Src/General.c:413:6:HAL_UART_RxCpltCallback	16	static
../Core/Src/General.c:455:6:defaultSetup	8	static
