../Core/Src/General.c:106:9:isAlarmActive	24	static
../Core/Src/General.c:114:6:removeAlarm	24	static
../Core/Src/General.c:160:6:pushAlarm	24	static
../Core/Src/General.c:202:6:checkAlarms	16	static
../Core/Src/General.c:224:6:bounceButton	40	static
../Core/Src/General.c:280:6:mainLoop	8	static
../Core/Src/General.c:339:6:handleCommand	96	static
../Core/Src/General.c:500:6:str_AlarmConditions_UART	32	static
../Core/Src/General.c:534:6:str_Warnings_SD	48	static
../Core/Src/General.c:542:6:WholeFraction	48	static
../Core/Src/General.c:559:6:sign	16	static
../Core/Src/General.c:567:6:YesNo	16	static
../Core/Src/General.c:575:6:enableAlarms	4	static
../Core/Src/General.c:580:6:HAL_GPIO_EXTI_Callback	16	static
../Core/Src/General.c:620:6:handleCalibrationTrigger	144	static
../Core/Src/General.c:634:6:handleButton	24	static
../Core/Src/General.c:754:6:toggleLED	16	static
../Core/Src/General.c:794:6:flashLED	16	static
../Core/Src/General.c:813:6:scanButtons	16	static
../Core/Src/General.c:822:6:HAL_UART_RxCpltCallback	16	static
../Core/Src/General.c:877:6:GPS_FactoryReset	16	static
../Core/Src/General.c:883:6:UI_handleKey	24	static
../Core/Src/General.c:906:6:UI_Refresh	16	static
../Core/Src/General.c:928:6:defaultSetup	8	static
