../Core/Src/General.c:53:6:handleCommand	8	static
../Core/Src/General.c:75:6:displayDate	40	static
../Core/Src/General.c:82:6:displayGPS	56	static
../Core/Src/General.c:107:6:displayAlarmConditions	24	static
../Core/Src/General.c:131:6:displayTemp	40	static
../Core/Src/General.c:146:6:displayDistance	32	static
../Core/Src/General.c:160:6:displayLight	24	static
../Core/Src/General.c:168:6:displayAccel	64	static
../Core/Src/General.c:197:6:WholeFraction	48	static
../Core/Src/General.c:214:6:sign	16	static
../Core/Src/General.c:222:6:YesNo	16	static
../Core/Src/General.c:230:6:checkAlarms	16	static
../Core/Src/General.c:251:6:disableAlarms	16	static
../Core/Src/General.c:266:6:enableAlarms	8	static
../Core/Src/General.c:271:6:HAL_GPIO_EXTI_Callback	16	static
../Core/Src/General.c:309:6:handleButton	16	static
../Core/Src/General.c:352:6:toggleLED	16	static
../Core/Src/General.c:392:6:flashLED	16	static
../Core/Src/General.c:411:6:scanButtons	16	static
../Core/Src/General.c:420:6:HAL_UART_RxCpltCallback	16	static
../Core/Src/General.c:462:6:defaultSetup	8	static
