../Core/Src/General.c:106:9:isAlarmActive	24	static
../Core/Src/General.c:114:6:pushAlarm	24	static
../Core/Src/General.c:149:6:removeAlarm	24	static
../Core/Src/General.c:195:6:checkAlarms	16	static
../Core/Src/General.c:217:6:bounceButton	40	static
../Core/Src/General.c:273:6:mainLoop	8	static
../Core/Src/General.c:319:6:handleCommand	96	static
../Core/Src/General.c:476:6:str_AlarmConditions_UART	32	static
../Core/Src/General.c:510:6:str_Warnings_SD	48	static
../Core/Src/General.c:518:6:WholeFraction	48	static
../Core/Src/General.c:535:6:sign	16	static
../Core/Src/General.c:543:6:YesNo	16	static
../Core/Src/General.c:551:6:enableAlarms	4	static
../Core/Src/General.c:556:6:HAL_GPIO_EXTI_Callback	16	static
../Core/Src/General.c:596:6:handleCalibrationTrigger	144	static
../Core/Src/General.c:610:6:handleButton	24	static
../Core/Src/General.c:730:6:toggleLED	16	static
../Core/Src/General.c:770:6:flashLED	16	static
../Core/Src/General.c:789:6:scanButtons	16	static
../Core/Src/General.c:798:6:HAL_UART_RxCpltCallback	16	static
../Core/Src/General.c:853:6:GPS_FactoryReset	16	static
../Core/Src/General.c:859:6:UI_handleKey	24	static
../Core/Src/General.c:882:6:UI_Refresh	16	static
../Core/Src/General.c:904:6:defaultSetup	8	static
