../Core/Src/General.c:44:6:handleCommand	8	static
../Core/Src/General.c:59:6:displayDate	32	static
../Core/Src/General.c:67:6:displayGPS	48	static
../Core/Src/General.c:92:6:displayAlarmConditions	16	static
../Core/Src/General.c:122:6:displayTemp	32	static
../Core/Src/General.c:137:6:displayDistance	24	static
../Core/Src/General.c:150:6:displayLight	16	static
../Core/Src/General.c:158:6:displayAccel	56	static
../Core/Src/General.c:187:6:WholeFraction	48	static
../Core/Src/General.c:204:6:sign	16	static
../Core/Src/General.c:212:6:YesNo	16	static
../Core/Src/General.c:220:6:checkAlarms	16	static
../Core/Src/General.c:241:6:disableAlarms	16	static
../Core/Src/General.c:253:6:enableAlarms	8	static
../Core/Src/General.c:258:6:HAL_GPIO_EXTI_Callback	16	static
../Core/Src/General.c:280:6:handleButton	16	static
../Core/Src/General.c:343:6:toggleLED	16	static
../Core/Src/General.c:383:6:flashLED	16	static
../Core/Src/General.c:402:6:HAL_UART_RxCpltCallback	16	static
../Core/Src/General.c:432:6:defaultSetup	8	static
