../Core/Src/General.c:96:9:isAlarmActive	24	static
../Core/Src/General.c:104:6:pushAlarm	24	static
../Core/Src/General.c:135:6:removeAlarm	24	static
../Core/Src/General.c:184:6:mainLoop	8	static
../Core/Src/General.c:200:6:checkAlarms	16	static
../Core/Src/General.c:219:6:handleCommand	32	static
../Core/Src/General.c:299:6:str_Date_UART	40	static
../Core/Src/General.c:310:6:str_AlarmConditions_UART	24	static
../Core/Src/General.c:333:6:WholeFraction	48	static
../Core/Src/General.c:350:6:sign	16	static
../Core/Src/General.c:358:6:YesNo	16	static
../Core/Src/General.c:366:6:enableAlarms	4	static
../Core/Src/General.c:371:6:HAL_GPIO_EXTI_Callback	16	static
../Core/Src/General.c:409:6:handleButton	24	static
../Core/Src/General.c:522:6:toggleLED	16	static
../Core/Src/General.c:562:6:flashLED	16	static
../Core/Src/General.c:581:6:scanButtons	16	static
../Core/Src/General.c:590:6:HAL_UART_RxCpltCallback	16	static
../Core/Src/General.c:632:6:UI_handleKey	24	static
../Core/Src/General.c:655:6:UI_Refresh	16	static
../Core/Src/General.c:675:6:defaultSetup	8	static
