../Core/Src/General.c:94:9:isAlarmActive	24	static
../Core/Src/General.c:102:6:pushAlarm	24	static
../Core/Src/General.c:133:6:removeAlarm	24	static
../Core/Src/General.c:183:6:checkAlarms	16	static
../Core/Src/General.c:202:6:handleCommand	32	static
../Core/Src/General.c:278:6:str_Date_UART	40	static
../Core/Src/General.c:285:6:str_AlarmConditions_UART	24	static
../Core/Src/General.c:308:6:WholeFraction	48	static
../Core/Src/General.c:325:6:sign	16	static
../Core/Src/General.c:333:6:YesNo	16	static
../Core/Src/General.c:341:6:enableAlarms	4	static
../Core/Src/General.c:346:6:HAL_GPIO_EXTI_Callback	16	static
../Core/Src/General.c:384:6:handleButton	24	static
../Core/Src/General.c:483:6:toggleLED	16	static
../Core/Src/General.c:523:6:flashLED	16	static
../Core/Src/General.c:542:6:scanButtons	16	static
../Core/Src/General.c:551:6:HAL_UART_RxCpltCallback	16	static
../Core/Src/General.c:593:6:UI_handleKey	24	static
../Core/Src/General.c:616:6:UI_Refresh	16	static
../Core/Src/General.c:634:6:defaultSetup	8	static
