../Core/Src/General.c:106:9:isAlarmActive	24	static
../Core/Src/General.c:114:6:pushAlarm	24	static
../Core/Src/General.c:145:6:removeAlarm	24	static
../Core/Src/General.c:191:6:checkAlarms	16	static
../Core/Src/General.c:213:6:bounceButton	40	static
../Core/Src/General.c:268:6:mainLoop	8	static
../Core/Src/General.c:310:6:handleCommand	96	static
../Core/Src/General.c:467:6:str_AlarmConditions_UART	32	static
../Core/Src/General.c:501:6:str_Warnings_SD	48	static
../Core/Src/General.c:509:6:WholeFraction	48	static
../Core/Src/General.c:526:6:sign	16	static
../Core/Src/General.c:534:6:YesNo	16	static
../Core/Src/General.c:542:6:enableAlarms	4	static
../Core/Src/General.c:547:6:HAL_GPIO_EXTI_Callback	16	static
../Core/Src/General.c:587:6:handleCalibrationTrigger	144	static
../Core/Src/General.c:601:6:handleButton	24	static
../Core/Src/General.c:721:6:toggleLED	16	static
../Core/Src/General.c:761:6:flashLED	16	static
../Core/Src/General.c:780:6:scanButtons	16	static
../Core/Src/General.c:789:6:HAL_UART_RxCpltCallback	16	static
../Core/Src/General.c:844:6:GPS_FactoryReset	16	static
../Core/Src/General.c:850:6:UI_handleKey	24	static
../Core/Src/General.c:873:6:UI_Refresh	16	static
../Core/Src/General.c:895:6:defaultSetup	8	static
