../Core/Src/General.c:64:6:handleCommand	8	static
../Core/Src/General.c:86:6:str_Date_UART	40	static
../Core/Src/General.c:93:6:str_AlarmConditions_UART	24	static
../Core/Src/General.c:117:6:WholeFraction	48	static
../Core/Src/General.c:134:6:sign	16	static
../Core/Src/General.c:142:6:YesNo	16	static
../Core/Src/General.c:150:6:checkAlarms	16	static
../Core/Src/General.c:171:6:disableAlarms	16	static
../Core/Src/General.c:186:6:enableAlarms	8	static
../Core/Src/General.c:191:6:HAL_GPIO_EXTI_Callback	16	static
../Core/Src/General.c:229:6:handleButton	16	static
../Core/Src/General.c:314:6:toggleLED	16	static
../Core/Src/General.c:354:6:flashLED	16	static
../Core/Src/General.c:373:6:scanButtons	16	static
../Core/Src/General.c:382:6:HAL_UART_RxCpltCallback	16	static
../Core/Src/General.c:424:6:UI_handleKey	24	static
../Core/Src/General.c:439:6:UI_Refresh	8	static
../Core/Src/General.c:447:6:defaultSetup	8	static
