../Core/Src/LightSensor.c:16:6:init_Light_Sensor	8	static
../Core/Src/LightSensor.c:25:6:HAL_ADC_ConvCpltCallback	24	static
../Core/Src/LightSensor.c:35:6:updateLightSenor	4	static
../Core/Src/LightSensor.c:42:6:update_str_light	16	static
../Core/Src/LightSensor.c:47:6:str_LUX_UART	16	static
../Core/Src/LightSensor.c:55:6:str_LUX_OLED	16	static
../Core/Src/LightSensor.c:60:10:getLight	4	static
../Core/Src/LightSensor.c:63:9:getLightWarning	4	static
../Core/Src/LightSensor.c:67:6:clearLightWarning	16	static
