../Core/Src/LightSensor.c:23:17:minutesSince	56	static
../Core/Src/LightSensor.c:45:6:init_Light_Sensor	8	static
../Core/Src/LightSensor.c:54:6:HAL_ADC_ConvCpltCallback	24	static
../Core/Src/LightSensor.c:64:6:update_str_light	16	static
../Core/Src/LightSensor.c:69:6:str_Light_SD	16	static
../Core/Src/LightSensor.c:73:6:str_LUX_UART	24	static
../Core/Src/LightSensor.c:84:6:str_LUX_OLED	16	static
../Core/Src/LightSensor.c:92:10:getLight	4	static
../Core/Src/LightSensor.c:95:9:getLightWarning	8	static
../Core/Src/LightSensor.c:114:6:clearLightWarning	8	static
