../Core/Src/OLED.c:35:6:str_toggleS3	16	static
../Core/Src/OLED.c:43:13:date	4	static
../Core/Src/OLED.c:47:6:UI_Draw3Rows	24	static
../Core/Src/OLED.c:63:6:r_Disp_main	72	static
../Core/Src/OLED.c:71:6:r_Disp_1	72	static
../Core/Src/OLED.c:79:6:r_Disp_2	72	static
../Core/Src/OLED.c:87:6:r_Disp_3	72	static
../Core/Src/OLED.c:94:6:r_Disp_4	72	static
../Core/Src/OLED.c:101:6:r_Disp_5	72	static
../Core/Src/OLED.c:108:6:r_Data_main	72	static
../Core/Src/OLED.c:117:6:r_Data_1	72	static
../Core/Src/OLED.c:125:6:r_Data_2	72	static
../Core/Src/OLED.c:133:6:r_Diag_main	72	static
../Core/Src/OLED.c:142:6:init_OLED	8	static
../Core/Src/OLED.c:146:6:Menu_Init	8	static
