../Core/Src/OLED.c:57:6:str_toggleS3	16	static
../Core/Src/OLED.c:67:6:str_toggleSD_State	16	static
../Core/Src/OLED.c:75:6:str_toggleGPS_State	16	static
../Core/Src/OLED.c:83:6:str_toggleMPU_State	16	static
../Core/Src/OLED.c:93:6:str_toggleLOG	16	static
../Core/Src/OLED.c:104:13:date	4	static
../Core/Src/OLED.c:108:6:UI_Draw3Rows	16	static
../Core/Src/OLED.c:124:6:r_Disp_main	8	static
../Core/Src/OLED.c:132:6:r_Disp_1	8	static
../Core/Src/OLED.c:140:6:r_Disp_2	8	static
../Core/Src/OLED.c:148:6:r_Disp_3	8	static
../Core/Src/OLED.c:155:6:r_Disp_4	8	static
../Core/Src/OLED.c:161:6:r_Disp_5	8	static
../Core/Src/OLED.c:167:6:r_Data_main	8	static
../Core/Src/OLED.c:174:6:r_Data_1	8	static
../Core/Src/OLED.c:182:6:r_Data_2	8	static
../Core/Src/OLED.c:190:6:r_Data_3	8	static
../Core/Src/OLED.c:199:6:r_Diag_main	8	static
../Core/Src/OLED.c:208:6:r_Diag_1	8	static
../Core/Src/OLED.c:219:6:r_Diag_2	8	static
../Core/Src/OLED.c:230:6:r_Diag_3	8	static
../Core/Src/OLED.c:241:6:r_Diag_4	8	static
../Core/Src/OLED.c:251:6:r_Warn_UnsafeDriving	8	static
../Core/Src/OLED.c:259:6:r_Warn_Proximity	8	static
../Core/Src/OLED.c:267:6:r_Warn_Light	8	static
../Core/Src/OLED.c:275:6:r_Warn_Temp	8	static
../Core/Src/OLED.c:283:6:r_Warn_Impact	8	static
../Core/Src/OLED.c:291:6:init_OLED	8	static
../Core/Src/OLED.c:295:6:Menu_Init	8	static
