../Core/Src/OLED.c:58:6:str_toggleS3	16	static
../Core/Src/OLED.c:68:6:str_toggleSD_State	16	static
../Core/Src/OLED.c:76:6:str_toggleGPS_State	16	static
../Core/Src/OLED.c:84:6:str_toggleMPU_State	16	static
../Core/Src/OLED.c:94:6:str_toggleLOG	16	static
../Core/Src/OLED.c:105:6:UI_Draw3Rows	16	static
../Core/Src/OLED.c:121:6:r_Disp_main	8	static
../Core/Src/OLED.c:129:6:r_Disp_1	8	static
../Core/Src/OLED.c:137:6:r_Disp_2	8	static
../Core/Src/OLED.c:145:6:r_Disp_3	8	static
../Core/Src/OLED.c:152:6:r_Disp_4	8	static
../Core/Src/OLED.c:158:6:r_Disp_5	8	static
../Core/Src/OLED.c:164:6:r_Data_main	8	static
../Core/Src/OLED.c:171:6:r_Data_1	8	static
../Core/Src/OLED.c:179:6:r_Data_2	8	static
../Core/Src/OLED.c:187:6:r_Data_3	8	static
../Core/Src/OLED.c:196:6:r_Diag_main	8	static
../Core/Src/OLED.c:205:6:r_Diag_1	8	static
../Core/Src/OLED.c:216:6:r_Diag_2	8	static
../Core/Src/OLED.c:227:6:r_Diag_3	8	static
../Core/Src/OLED.c:238:6:r_Diag_4	8	static
../Core/Src/OLED.c:248:6:r_Warn_UnsafeDriving	8	static
../Core/Src/OLED.c:256:6:r_Warn_Proximity	8	static
../Core/Src/OLED.c:264:6:r_Warn_Light	8	static
../Core/Src/OLED.c:272:6:r_Warn_Temp	8	static
../Core/Src/OLED.c:280:6:r_Warn_Impact	8	static
../Core/Src/OLED.c:288:6:init_OLED	8	static
../Core/Src/OLED.c:292:6:Menu_Init	8	static
