../Core/Src/OLED.c:52:6:str_toggleS3	16	static
../Core/Src/OLED.c:62:6:str_toggleSD_State	16	static
../Core/Src/OLED.c:70:6:str_toggleGPS_State	16	static
../Core/Src/OLED.c:78:6:str_toggleMPU_State	16	static
../Core/Src/OLED.c:88:6:str_toggleLOG	16	static
../Core/Src/OLED.c:99:13:date	4	static
../Core/Src/OLED.c:103:6:UI_Draw3Rows	24	static
../Core/Src/OLED.c:119:6:r_Disp_main	72	static
../Core/Src/OLED.c:127:6:r_Disp_1	72	static
../Core/Src/OLED.c:135:6:r_Disp_2	72	static
../Core/Src/OLED.c:143:6:r_Disp_3	72	static
../Core/Src/OLED.c:150:6:r_Disp_4	72	static
../Core/Src/OLED.c:157:6:r_Disp_5	72	static
../Core/Src/OLED.c:164:6:r_Data_main	72	static
../Core/Src/OLED.c:172:6:r_Data_1	72	static
../Core/Src/OLED.c:180:6:r_Data_2	72	static
../Core/Src/OLED.c:188:6:r_Data_3	72	static
../Core/Src/OLED.c:197:6:r_Diag_main	72	static
../Core/Src/OLED.c:206:6:r_Diag_1	72	static
../Core/Src/OLED.c:217:6:r_Diag_2	72	static
../Core/Src/OLED.c:228:6:r_Diag_3	72	static
../Core/Src/OLED.c:239:6:r_Diag_4	72	static
../Core/Src/OLED.c:249:6:r_Warn_UnsafeDriving	72	static
../Core/Src/OLED.c:257:6:r_Warn_Proximity	72	static
../Core/Src/OLED.c:265:6:r_Warn_Light	72	static
../Core/Src/OLED.c:273:6:r_Warn_Temp	72	static
../Core/Src/OLED.c:281:6:r_Warn_Impact	72	static
../Core/Src/OLED.c:289:6:init_OLED	8	static
../Core/Src/OLED.c:293:6:Menu_Init	8	static
