../Core/Src/OLED.c:51:6:str_toggleSD_State	16	static
../Core/Src/OLED.c:59:6:str_toggleGPS_State	16	static
../Core/Src/OLED.c:67:6:str_toggleMPU_State	16	static
../Core/Src/OLED.c:75:6:str_toggleS3	16	static
../Core/Src/OLED.c:83:6:str_toggleLOG	16	static
../Core/Src/OLED.c:91:13:date	4	static
../Core/Src/OLED.c:95:6:UI_Draw3Rows	24	static
../Core/Src/OLED.c:111:6:r_Disp_main	72	static
../Core/Src/OLED.c:119:6:r_Disp_1	72	static
../Core/Src/OLED.c:127:6:r_Disp_2	72	static
../Core/Src/OLED.c:135:6:r_Disp_3	72	static
../Core/Src/OLED.c:142:6:r_Disp_4	72	static
../Core/Src/OLED.c:149:6:r_Disp_5	72	static
../Core/Src/OLED.c:156:6:r_Data_main	72	static
../Core/Src/OLED.c:165:6:r_Data_1	72	static
../Core/Src/OLED.c:173:6:r_Data_2	72	static
../Core/Src/OLED.c:181:6:r_Data_3	72	static
../Core/Src/OLED.c:189:6:r_Diag_main	72	static
../Core/Src/OLED.c:198:6:r_Diag_1	72	static
../Core/Src/OLED.c:209:6:r_Diag_2	72	static
../Core/Src/OLED.c:220:6:r_Diag_3	72	static
../Core/Src/OLED.c:231:6:r_Diag_4	72	static
../Core/Src/OLED.c:240:6:r_Warn_UnsafeDriving	72	static
../Core/Src/OLED.c:248:6:r_Warn_Proximity	72	static
../Core/Src/OLED.c:256:6:r_Warn_Light	72	static
../Core/Src/OLED.c:264:6:r_Warn_Temp	72	static
../Core/Src/OLED.c:272:6:r_Warn_Impact	72	static
../Core/Src/OLED.c:280:6:init_OLED	8	static
../Core/Src/OLED.c:284:6:Menu_Init	8	static
