../Core/Src/OLED.c:56:6:str_toggleS3	16	static
../Core/Src/OLED.c:64:6:str_toggleSD_State	16	static
../Core/Src/OLED.c:72:6:str_toggleGPS_State	16	static
../Core/Src/OLED.c:80:6:str_toggleMPU_State	16	static
../Core/Src/OLED.c:88:6:str_toggleLOG	16	static
../Core/Src/OLED.c:99:6:UI_Draw3Rows	16	static
../Core/Src/OLED.c:115:6:r_Disp_main	8	static
../Core/Src/OLED.c:123:6:r_Disp_1	8	static
../Core/Src/OLED.c:131:6:r_Disp_2	8	static
../Core/Src/OLED.c:139:6:r_Disp_3	8	static
../Core/Src/OLED.c:146:6:r_Disp_4	8	static
../Core/Src/OLED.c:152:6:r_Disp_5	8	static
../Core/Src/OLED.c:158:6:r_Data_main	8	static
../Core/Src/OLED.c:165:6:r_Data_1	8	static
../Core/Src/OLED.c:173:6:r_Data_2	8	static
../Core/Src/OLED.c:181:6:r_Data_3	8	static
../Core/Src/OLED.c:190:6:r_Diag_main	8	static
../Core/Src/OLED.c:198:6:r_Diag_1	8	static
../Core/Src/OLED.c:211:6:r_Diag_2	8	static
../Core/Src/OLED.c:222:6:r_Diag_3	8	static
../Core/Src/OLED.c:233:6:r_Diag_4	8	static
../Core/Src/OLED.c:243:6:r_Warn_UnsafeDriving	8	static
../Core/Src/OLED.c:251:6:r_Warn_Proximity	8	static
../Core/Src/OLED.c:259:6:r_Warn_Light	8	static
../Core/Src/OLED.c:267:6:r_Warn_Temp	8	static
../Core/Src/OLED.c:275:6:r_Warn_Impact	8	static
../Core/Src/OLED.c:283:6:init_OLED	8	static
../Core/Src/OLED.c:287:6:Menu_Init	8	static
