../Core/Src/SD.c:29:9:SD_Mount	8	static
../Core/Src/SD.c:48:9:SD_Read	24	static
../Core/Src/SD.c:65:9:SD_Write	24	static
../Core/Src/SD.c:86:6:SD_test	1200	static
../Core/Src/SD.c:175:6:myprintf	16	static
../Core/Src/SD.c:187:9:getSD_OK	4	static
../Core/Src/SD.c:191:6:setLogging	16	static
../Core/Src/SD.c:195:9:getLogging	4	static
../Core/Src/SD.c:199:6:setDistance_ODO	16	static
../Core/Src/SD.c:203:7:getDistance_ODO	4	static
../Core/Src/SD.c:207:6:setFuel	16	static
../Core/Src/SD.c:211:7:getFuel	4	static
../Core/Src/SD.c:216:6:update_strs	40	static
../Core/Src/SD.c:253:6:str_fuel_OLED	32	static
../Core/Src/SD.c:264:6:str_dist_ODO_OLED	32	static
../Core/Src/SD.c:275:6:str_FuelEfficiency_UART	32	static
../Core/Src/SD.c:285:6:checkSD	8	static
../Core/Src/SD.c:302:6:str_FuelEfficiency_OLED	24	static
../Core/Src/SD.c:311:9:SD_Clear_Log	8	static
../Core/Src/SD.c:333:9:SD_Delete_Log	8	static
../Core/Src/SD.c:357:6:SD_Dump	528	static
../Core/Src/SD.c:397:6:SD_Log_Data	200	static
