../Core/Src/TempSensor.c:31:6:update_str_temp	32	static
../Core/Src/TempSensor.c:43:6:str_temp_OLED	16	static
../Core/Src/TempSensor.c:51:6:str_Temp_SD	40	static
../Core/Src/TempSensor.c:65:6:str_temp_UART	24	static
../Core/Src/TempSensor.c:76:6:override_setTemp	16	static
../Core/Src/TempSensor.c:86:6:state_temp_alarm	8	static
../Core/Src/TempSensor.c:91:7:getTemp	4	static
../Core/Src/TempSensor.c:99:6:enableTempAlarmCheck	4	static
../Core/Src/TempSensor.c:103:6:disableTempAlarmCheck	4	static
../Core/Src/TempSensor.c:108:6:clearTempWarning	16	static
../Core/Src/TempSensor.c:115:9:getTempWarning	4	static
../Core/Src/TempSensor.c:128:6:sampleTempSensor	24	static
