../Core/Src/TempSensor.c:42:17:tempMinutesSince	56	static
../Core/Src/TempSensor.c:65:6:update_str_temp	32	static
../Core/Src/TempSensor.c:77:6:str_temp_OLED	16	static
../Core/Src/TempSensor.c:85:6:str_Temp_SD	40	static
../Core/Src/TempSensor.c:99:6:str_temp_UART	24	static
../Core/Src/TempSensor.c:110:6:override_setTemp	16	static
../Core/Src/TempSensor.c:120:6:state_temp_alarm	8	static
../Core/Src/TempSensor.c:125:7:getTemp	4	static
../Core/Src/TempSensor.c:133:6:enableTempAlarmCheck	4	static
../Core/Src/TempSensor.c:137:6:disableTempAlarmCheck	4	static
../Core/Src/TempSensor.c:142:6:clearTempWarning	8	static
../Core/Src/TempSensor.c:153:9:getTempWarning	8	static
../Core/Src/TempSensor.c:172:6:sampleTempSensor	24	static
